==============================================================================
A. 3-smooth triangular numbers  T_n = n(n+1)/2
==============================================================================
number of 3-smooth integers below 10^300: 314122
consecutive pairs among them: [(1, 2), (2, 3), (3, 4), (8, 9)]
(n, T_n) with T_n 3-smooth, n < 10^300: [(1, 1), (2, 3), (3, 6), (8, 36)]

==============================================================================
B. Unit cells: (k, s), k >= 1, 0 <= s <= k, with |2^k - 3^s| = 1   (k <= 3000)
==============================================================================
unit cells (k, s, D): [(1, 0, 1), (1, 1, -1), (2, 1, 1), (3, 2, -1)]

 n | pair      | cell (k,s) |  D | T_n = 2^(k-1)*3^s | words C(k,s) | prim. necklaces
 1 | (1,2)     | (1,0)      | +1 |   1 = 2^0*3^0      | 1            | 1
 2 | (2,3)     | (1,1)      | -1 |   3 = 2^0*3^1      | 1            | 1
 3 | (3,4)     | (2,1)      | +1 |   6 = 2^1*3^1      | 2            | 1
 8 | (8,9)     | (3,2)      | -1 |  36 = 2^2*3^2      | 3            | 1

==============================================================================
C. Exhaustive word census, k <= 18: which cells have ALL words integer?
==============================================================================
words examined: 524286
cells in which every word has an integer fixed point (k, s, D, #words):
   (1, 0, 1, 1)   UNIT
   (1, 1, -1, 1)   UNIT
   (2, 0, 3, 1)   trivial: only word 0^k, x = 0
   (2, 1, 1, 2)   UNIT
   (2, 2, -5, 1)   trivial: only word 1^k, x = -1
   (3, 0, 7, 1)   trivial: only word 0^k, x = 0
   (3, 2, -1, 3)   UNIT
   (3, 3, -19, 1)   trivial: only word 1^k, x = -1
   (4, 0, 15, 1)   trivial: only word 0^k, x = 0
   (4, 4, -65, 1)   trivial: only word 1^k, x = -1
   (5, 0, 31, 1)   trivial: only word 0^k, x = 0
   (5, 5, -211, 1)   trivial: only word 1^k, x = -1
   (6, 0, 63, 1)   trivial: only word 0^k, x = 0
   (6, 6, -665, 1)   trivial: only word 1^k, x = -1
   (7, 0, 127, 1)   trivial: only word 0^k, x = 0
   (7, 7, -2059, 1)   trivial: only word 1^k, x = -1
   (8, 0, 255, 1)   trivial: only word 0^k, x = 0
   (8, 8, -6305, 1)   trivial: only word 1^k, x = -1
   (9, 0, 511, 1)   trivial: only word 0^k, x = 0
   (9, 9, -19171, 1)   trivial: only word 1^k, x = -1
   (10, 0, 1023, 1)   trivial: only word 0^k, x = 0
   (10, 10, -58025, 1)   trivial: only word 1^k, x = -1
   (11, 0, 2047, 1)   trivial: only word 0^k, x = 0
   (11, 11, -175099, 1)   trivial: only word 1^k, x = -1
   (12, 0, 4095, 1)   trivial: only word 0^k, x = 0
   (12, 12, -527345, 1)   trivial: only word 1^k, x = -1
   (13, 0, 8191, 1)   trivial: only word 0^k, x = 0
   (13, 13, -1586131, 1)   trivial: only word 1^k, x = -1
   (14, 0, 16383, 1)   trivial: only word 0^k, x = 0
   (14, 14, -4766585, 1)   trivial: only word 1^k, x = -1
   (15, 0, 32767, 1)   trivial: only word 0^k, x = 0
   (15, 15, -14316139, 1)   trivial: only word 1^k, x = -1
   (16, 0, 65535, 1)   trivial: only word 0^k, x = 0
   (16, 16, -42981185, 1)   trivial: only word 1^k, x = -1
   (17, 0, 131071, 1)   trivial: only word 0^k, x = 0
   (17, 17, -129009091, 1)   trivial: only word 1^k, x = -1
   (18, 0, 262143, 1)   trivial: only word 0^k, x = 0
   (18, 18, -387158345, 1)   trivial: only word 1^k, x = -1

distinct primitive integer cycles of T found in ALL cells k <= 18:
   cell (1,0)  D = +1  word 0  cycle [0]
   cell (1,1)  D = -1  word 1  cycle [-1]
   cell (2,1)  D = +1  word 01  cycle [2, 1]
   cell (3,2)  D = -1  word 011  cycle [-10, -5, -7]
   cell (11,7)  D = -139  word 00011110111  cycle [-136, -68, -34, -17, -25, -37, -55, -82, -41, -61, -91]

==============================================================================
D. Transposition lemma: swapping an adjacent '10' -> '01' at positions j, j+1
   changes C(w) by exactly 3^t * 2^j  (t = number of ones after position j+1).
==============================================================================
adjacent transpositions checked (2 <= k <= 14): 98305; identity holds in all
adjacent pairs with BOTH fixed points integer outside unit cells: 0

==============================================================================
E. The unit-cell cycles in the coordinate v = n + 1 (odd step: v -> 3v/2;
   even step: v -> (v+1)/2, so T_v = v(v+1)/2 = v * v')
==============================================================================
cell (1,0) D=+1  word 0  n-orbit [0]  v-orbit [1]
     v_bot = 1, v_top = 1, v_bot*v_top = 1, T_(v_top) = 1, 2^(k-1)*3^s = 1 = T_1
cell (1,1) D=-1  word 1  n-orbit [-1]  v-orbit [0]
     v_bot = 0, v_top = 0, v_bot*v_top = 0, T_(v_top) = 0, 2^(k-1)*3^s = 3 = T_2
cell (2,1) D=+1  word 10  n-orbit [1, 2]  v-orbit [2, 3]
     v_bot = 2, v_top = 3, v_bot*v_top = 6, T_(v_top) = 6, 2^(k-1)*3^s = 6 = T_3
cell (3,2) D=-1  word 110  n-orbit [-5, -7, -10]  v-orbit [-4, -6, -9]
     v_bot = -4, v_top = -9, v_bot*v_top = 36, T_(v_top) = 36, 2^(k-1)*3^s = 36 = T_8

==============================================================================
F. One-halving circuits 1^a 0:  closes on an integer iff m*(2^(a+1) - 3^a) = 1
   (v_bot = m*2^a, v_top = m*3^a).  Equivalently 6^a is triangular.
==============================================================================
a <= 2000 with 6^a triangular: [0, 1, 2]  -> 6^a = [1, 6, 36]
a <= 2000 with |2^(a+1) - 3^a| = 1: [0, 1, 2]
(q odd in [3,1999], 1 <= a <= 60) with |2^(a+1) - q^a| = 1: [(3, 1, 1), (3, 2, -1), (5, 1, -1)]
  -> one-halving cycles: q=3,a=1 (cycle 1,2), q=3,a=2 (cycle -5,-7,-10), q=5,a=1 (cycle -1,-2).
  The only one with a >= 2 odd steps is (q, a) = (3, 2); its u-product is (2*3)^2 = 36 = T_8.
(q odd < 4000, 2 <= a <= 12) with (2q)^a triangular: [(3, 2, 36), (3465, 2, 48024900)]
3-smooth triangular numbers that are also squares: [1, 36]

wrote q11_unit_cells.json
