==============================================================================
A. Cells (k, s), 1 <= s <= k-1, k <= 60, ordered by |D| = |2^k - 3^s|
   (s = 0 and s = k are omitted: their only word is 0^k resp. 1^k, the fixed points 0, -1)
==============================================================================
 |D|   sign  (k,s)    factor(|D|)        n=min(2^k,3^s)   2^(k-1)*3^s = n(n+|D|)/2   prim.necklaces
     1  +   (2,1)     1                  3                6                          1
     1  -   (3,2)     1                  8                36                         1
     5  +   (3,1)     5                  3                12                         1
     5  +   (5,3)     5                  27               432                        2
     7  +   (4,2)     7                  9                72                         1
    11  -   (4,3)     11                 16               216                        1
    13  +   (4,1)     13                 3                24                         1
    13  +   (8,5)     13                 243              31104                      7
    17  -   (6,4)     17                 64               2592                       2
    23  +   (5,2)     23                 9                144                        2
    29  +   (5,1)     29                 3                48                         1
    37  +   (6,3)     37                 27               864                        3
    47  +   (7,4)     47                 81               5184                       5
    49  -   (5,4)     7^2                32               1296                       1
    55  +   (6,2)     5*11               9                288                        2
    61  +   (6,1)     61                 3                96                         1
   101  +   (7,3)     101                27               1728                       5
   115  -   (7,5)     5*23               128              15552                      3
   119  +   (7,2)     7*17               9                576                        3
   125  +   (7,1)     5^3                3                192                        1
   139  -   (11,7)    139                2048             2239488                    30
   175  +   (8,4)     5^2*7              81               10368                      8
   179  -   (6,5)     179                64               7776                       1
   217  -   (9,6)     7*31               512              186624                     9
   229  +   (8,3)     229                27               3456                       7
   247  +   (8,2)     13*19              9                1152                       3
   253  +   (8,1)     11*23              3                384                        1
   269  +   (9,5)     269                243              62208                      14
   295  +   (10,6)    5*59               729              373248                     20
   431  +   (9,4)     431                81               20736                      14
   473  -   (8,6)     11*43              256              93312                      3
   485  +   (9,3)     5*97               27               6912                       9
   503  +   (9,2)     503                9                2304                       4
   509  +   (9,1)     509                3                768                        1
   601  -   (7,6)     601                128              46656                      1
   781  +   (10,5)    11*71              243              124416                     25
   943  +   (10,4)    23*41              81               41472                      20
   997  +   (10,3)    997                27               13824                      12
  1015  +   (10,2)    5*7*29             9                4608                       4
  1021  +   (10,1)    1021               3                1536                       1
  1163  -   (10,7)    1163               1024             1119744                    12
  1319  +   (11,6)    1319               729              746496                     42
  1631  +   (13,8)    7*233              6561             26873856                   99
  1675  -   (9,7)     5^2*67             512              559872                     4
  1805  +   (11,5)    5*19^2             243              248832                     42

values of D = 2^k - 3^s attained by more than one cell (1 <= s < k <= 60): {5: [(3, 1), (5, 3)], 13: [(4, 1), (8, 5)]}
values of |D| attained by more than one cell: {1: [(2, 1, 1), (3, 2, -1)], 5: [(3, 1, 5), (5, 3, 5)], 13: [(4, 1, 13), (8, 5, 13)]}

==============================================================================
B. Circuits 1^a 0^b (Steiner's 1-cycles): integer iff (2^(a+b) - 3^a) | (2^b - 1)
   exhaustive for 0 <= a, b, 1 <= a + b <= 700 (exact integer arithmetic)
==============================================================================
solutions (a, b, D, m, n_min = m*2^a - 1): total 1402
   a = 0 (word 0^b, n = 0): 700 solutions (all b)
   b = 0 (word 1^a, n = -1): 700 solutions (all a)
   a, b >= 1: [(1, 1, 1, 1, 1), (2, 1, -1, -1, -5)]

==============================================================================
B2. What persists of '36' beyond D = 1: the one-halving circuit 1^a 0 of the map
    3x + c, c = |2^(a+1) - 3^a|.  In v = n + c the odd run is m*2^a -> ... -> m*3^a
    (m = sign of 2^(a+1) - 3^a), and v_bot * v_top = 6^a = n(n + c)/2, n = min(2^(a+1), 3^a).
==============================================================================
  a   c = |2^(a+1)-3^a|   cycle of 3x+c (n)                         v = n + c            6^a      triangular?
  0   1                  [0]                                        [1]                  1        True
  1   1                  [1, 2]                                     [2, 3]               6        True
  2   1                  [-5, -7, -10]                              [-4, -6, -9]         36       True
  3   11                 [-19, -23, -29, -38]                       [-8, -12, -18, -27]  216      False
  4   49                 [-65, -73, -85, -103, -130]                [-16, -24, -36, -54, -81] 1296     False
  5   179                [-211, -227, -251, -287, -341, -422]       [-32, -48, -72, -108, -162, -243] 7776     False
  6   601                [-665, -697, -745, -817, -925, -1087, -1330] [-64, -96, -144, -216, -324, -486, -729] 46656    False
  7   1931               [-2059, -2123, -2219, -2363, -2579, -2903, -3389, -4118] [-128, -192, -288, -432, -648, -972, -1458, -2187] 279936   False
  8   6049               [-6305, -6433, -6625, -6913, -7345, -7993, -8965, -10423, -12610] [-256, -384, -576, -864, -1296, -1944, -2916, -4374, -6561] 1679616  False

==============================================================================
C. Complete census of primitive words, k <= 24
==============================================================================
primitive necklaces (= primitive rational cycles) examined: 1465020
primitive integer cycles of 3x+1 with length k <= 24: (k, s, D, element of least |n|)
    (1, 0, 1, 0)
    (1, 1, -1, -1)
    (2, 1, 1, 1)
    (3, 2, -1, -5)
    (11, 7, -139, -17)

Tier table with census data (cells with |D| <= 300 and k <= 24):
 |D| sign (k,s)   necklaces  gcd(C,D)=1   other c0 = |D|/gcd present (c0: #cycles)
    1  +  (2,1)   1          1            {}
    1  -  (3,2)   1          1            {}
    5  +  (3,1)   1          1            {}
    5  +  (5,3)   2          2            {}
    7  +  (4,2)   1          1            {}
   11  -  (4,3)   1          1            {}
   13  +  (4,1)   1          1            {}
   13  +  (8,5)   7          7            {}
   17  -  (6,4)   2          2            {}
   23  +  (5,2)   2          2            {}
   29  +  (5,1)   1          1            {}
   37  +  (6,3)   3          3            {}
   47  +  (7,4)   5          5            {}
   49  -  (5,4)   1          1            {}
   55  +  (6,2)   2          1            {11: 1}
   61  +  (6,1)   1          1            {}
  101  +  (7,3)   5          5            {}
  115  -  (7,5)   3          3            {}
  119  +  (7,2)   3          2            {17: 1}
  125  +  (7,1)   1          1            {}
  139  -  (11,7)  30         29           {1: 1}
  175  +  (8,4)   8          5            {25: 1, 35: 2}
  179  -  (6,5)   1          1            {}
  217  -  (9,6)   9          8            {31: 1}
  229  +  (8,3)   7          7            {}
  247  +  (8,2)   3          3            {}
  253  +  (8,1)   1          1            {}
  269  +  (9,5)   14         14           {}
  295  +  (10,6)  20         14           {59: 6}

Cycles of 3x+c with length <= 24, by c (c <= 49):  'free' = cell with |D| = c,
   'accident' = cell with |D| = c*g, g > 1 and g | C(w).   +: positive side, -: negative side
  c =   1: free cycles   4 in cells [(1, 0, '+', 1), (1, 1, '-', 1), (2, 1, '+', 1), (3, 2, '-', 1)]
           accident cycles   1 in cells [(11, 7, '-', 139, 1)]   [(k,s,side,g,#)]
  c =   5: free cycles   3 in cells [(3, 1, '+', 1), (5, 3, '+', 2)]
           accident cycles   0 in cells []   [(k,s,side,g,#)]
  c =   7: free cycles   1 in cells [(4, 2, '+', 1)]
           accident cycles   0 in cells []   [(k,s,side,g,#)]
  c =  11: free cycles   1 in cells [(4, 3, '-', 1)]
           accident cycles   2 in cells [(6, 2, '+', 5, 1), (14, 8, '+', 893, 1)]   [(k,s,side,g,#)]
  c =  13: free cycles   8 in cells [(4, 1, '+', 1), (8, 5, '+', 7)]
           accident cycles   1 in cells [(24, 15, '+', 186793, 1)]   [(k,s,side,g,#)]
  c =  17: free cycles   2 in cells [(6, 4, '-', 2)]
           accident cycles   1 in cells [(7, 2, '+', 7, 1)]   [(k,s,side,g,#)]
  c =  19: free cycles   0 in cells []
           accident cycles   2 in cells [(11, 5, '+', 95, 1), (17, 11, '-', 2425, 1)]   [(k,s,side,g,#)]
  c =  23: free cycles   2 in cells [(5, 2, '+', 2)]
           accident cycles   8 in cells [(19, 12, '-', 311, 8)]   [(k,s,side,g,#)]
  c =  25: free cycles   0 in cells []
           accident cycles   2 in cells [(8, 4, '+', 7, 1), (16, 8, '+', 2359, 1)]   [(k,s,side,g,#)]
  c =  29: free cycles   1 in cells [(5, 1, '+', 1)]
           accident cycles   2 in cells [(12, 8, '-', 85, 1), (17, 9, '+', 3841, 1)]   [(k,s,side,g,#)]
  c =  31: free cycles   0 in cells []
           accident cycles   2 in cells [(9, 6, '-', 7, 1), (23, 12, '+', 253457, 1)]   [(k,s,side,g,#)]
  c =  35: free cycles   0 in cells []
           accident cycles   2 in cells [(8, 4, '+', 5, 2)]   [(k,s,side,g,#)]
  c =  37: free cycles   3 in cells [(6, 3, '+', 3)]
           accident cycles   0 in cells []   [(k,s,side,g,#)]
  c =  41: free cycles   0 in cells []
           accident cycles   1 in cells [(20, 8, '+', 25415, 1)]   [(k,s,side,g,#)]
  c =  43: free cycles   0 in cells []
           accident cycles   1 in cells [(11, 3, '+', 47, 1)]   [(k,s,side,g,#)]
  c =  47: free cycles   5 in cells [(7, 4, '+', 5)]
           accident cycles   1 in cells [(18, 7, '+', 5531, 1)]   [(k,s,side,g,#)]
  c =  49: free cycles   1 in cells [(5, 4, '-', 1)]
           accident cycles   0 in cells []   [(k,s,side,g,#)]

3x+1 only: cells k <= 24 on the two 'octave-reduced' diagonals, heuristic expectation
  necklaces/|D| against the actual number of integer cycles
  (k,s)   D        necklaces   necklaces/|D|   actual
  (2,1)   1        1           1.0000          1
  (3,2)   -1       1           1.0000          1
  (4,2)   7        1           0.1429          0
  (4,3)   -11      1           0.0909          0
  (5,3)   5        2           0.4000          0
  (6,4)   -17      2           0.1176          0
  (7,4)   47       5           0.1064          0
  (7,5)   -115     3           0.0261          0
  (8,5)   13       7           0.5385          0
  (9,6)   -217     9           0.0415          0
  (10,6)  295      20          0.0678          0
  (11,7)  -139     30          0.2158          1
  (12,7)  1909     66          0.0346          0
  (12,8)  -2465    40          0.0162          0
  (13,8)  1631     99          0.0607          0
  (14,9)  -3299    143         0.0433          0
  (15,9)  13085    333         0.0254          0
  (15,10) -26281   200         0.0076          0
  (16,10) 6487     497         0.0766          0
  (17,11) -46075   728         0.0158          0
  (18,11) 84997    1768        0.0208          0
  (19,12) -7153    2652        0.3708          0
  (20,12) 517135   6288        0.0122          0
  (20,13) -545747  3876        0.0071          0
  (21,13) 502829   9690        0.0193          0
  (22,14) -588665  14520       0.0247          0
  (23,14) 3605639  35530       0.0099          0
  (23,15) -5960299 21318       0.0036          0
  (24,15) 2428309  54477       0.0224          0

wrote q13_tiers.json
