candidates: all j with phi(j) <= 400: 790 values, largest j = 1680 (sieve to 320016)
N=  3 deg   2 x^1(geo 1) psi {3: 1} phi {} non-Kronecker deg 0 [0.0s]
N=  7 deg   6 x^1(geo 1) psi {6: 1} phi {} non-Kronecker deg 4 [0.0s]
N=  9 deg   6 x^2(geo 1) psi {} phi {} non-Kronecker deg 4 [0.0s]
N= 11 deg  10 x^0(geo 0) psi {3: 1, 6: 1} phi {} non-Kronecker deg 8 [0.0s]
N= 13 deg  12 x^3(geo 3) psi {6: 1} phi {3: 1} non-Kronecker deg 6 [0.0s]
N= 17 deg  16 x^1(geo 1) psi {3: 1, 6: 1} phi {} non-Kronecker deg 13 [0.0s]
N= 19 deg  18 x^0(geo 0) psi {} phi {} non-Kronecker deg 18 [0.0s]
N= 21 deg  12 x^2(geo 2) psi {} phi {} non-Kronecker deg 10 [0.0s]
N= 23 deg  22 x^1(geo 1) psi {} phi {} non-Kronecker deg 21 [0.0s]
N= 27 deg  18 x^2(geo 1) psi {} phi {} non-Kronecker deg 16 [0.0s]
N= 29 deg  28 x^2(geo 2) psi {} phi {4: 1} non-Kronecker deg 24 [0.0s]
N= 31 deg  30 x^0(geo 0) psi {} phi {} non-Kronecker deg 30 [0.0s]
N= 33 deg  20 x^2(geo 2) psi {3: 1, 6: 1} phi {} non-Kronecker deg 16 [0.0s]
N= 37 deg  36 x^1(geo 1) psi {} phi {} non-Kronecker deg 35 [0.0s]
N= 39 deg  24 x^6(geo 6) psi {} phi {} non-Kronecker deg 18 [0.0s]
N= 41 deg  40 x^2(geo 2) psi {} phi {} non-Kronecker deg 38 [0.0s]
N= 43 deg  42 x^1(geo 1) psi {} phi {} non-Kronecker deg 41 [0.0s]
N= 47 deg  46 x^1(geo 1) psi {} phi {} non-Kronecker deg 45 [0.0s]
N= 49 deg  42 x^3(geo 1) psi {} phi {} non-Kronecker deg 39 [0.0s]
N= 51 deg  32 x^2(geo 2) psi {} phi {} non-Kronecker deg 30 [0.0s]
N= 53 deg  52 x^1(geo 1) psi {} phi {} non-Kronecker deg 51 [0.0s]
N= 57 deg  36 x^2(geo 2) psi {} phi {} non-Kronecker deg 34 [0.0s]
N= 59 deg  58 x^0(geo 0) psi {} phi {} non-Kronecker deg 58 [0.0s]
N= 61 deg  60 x^2(geo 2) psi {} phi {} non-Kronecker deg 58 [0.0s]
N= 63 deg  36 x^6(geo 6) psi {} phi {} non-Kronecker deg 30 [0.0s]
N= 67 deg  66 x^3(geo 3) psi {} phi {} non-Kronecker deg 63 [0.0s]
N= 69 deg  44 x^2(geo 2) psi {} phi {} non-Kronecker deg 42 [0.0s]
N= 71 deg  70 x^0(geo 0) psi {} phi {} non-Kronecker deg 70 [0.0s]
N= 73 deg  72 x^1(geo 1) psi {} phi {} non-Kronecker deg 71 [0.0s]
N= 77 deg  60 x^2(geo 2) psi {} phi {} non-Kronecker deg 58 [0.0s]
N= 79 deg  78 x^0(geo 0) psi {} phi {} non-Kronecker deg 78 [0.0s]
N= 81 deg  54 x^3(geo 1) psi {} phi {} non-Kronecker deg 51 [0.0s]
N= 83 deg  82 x^1(geo 1) psi {} phi {} non-Kronecker deg 81 [0.0s]
N= 87 deg  56 x^4(geo 4) psi {} phi {} non-Kronecker deg 52 [0.0s]
N= 89 deg  88 x^2(geo 2) psi {} phi {} non-Kronecker deg 86 [0.0s]
N= 91 deg  72 x^6(geo 6) psi {} phi {} non-Kronecker deg 66 [0.0s]
N= 93 deg  60 x^10(geo 10) psi {} phi {} non-Kronecker deg 50 [0.0s]
N= 97 deg  96 x^1(geo 1) psi {} phi {} non-Kronecker deg 95 [0.0s]
N= 99 deg  60 x^4(geo 2) psi {} phi {} non-Kronecker deg 56 [0.0s]
N=101 deg 100 x^0(geo 0) psi {} phi {} non-Kronecker deg 100 [0.0s]
N=103 deg 102 x^1(geo 1) psi {} phi {} non-Kronecker deg 101 [0.0s]
N=107 deg 106 x^1(geo 1) psi {} phi {} non-Kronecker deg 105 [0.0s]
N=109 deg 108 x^0(geo 0) psi {} phi {} non-Kronecker deg 108 [0.0s]
N=111 deg  72 x^2(geo 2) psi {} phi {} non-Kronecker deg 70 [0.0s]
N=113 deg 112 x^1(geo 1) psi {} phi {} non-Kronecker deg 111 [0.0s]
N=117 deg  72 x^12(geo 6) psi {} phi {} non-Kronecker deg 60 [0.0s]
N=119 deg  96 x^2(geo 2) psi {} phi {} non-Kronecker deg 94 [0.0s]
N=121 deg 110 x^0(geo 0) psi {} phi {} non-Kronecker deg 110 [0.0s]
N=123 deg  80 x^4(geo 4) psi {} phi {} non-Kronecker deg 76 [0.0s]
N=127 deg 126 x^3(geo 3) psi {} phi {} non-Kronecker deg 123 [0.0s]
N=129 deg  84 x^2(geo 2) psi {} phi {} non-Kronecker deg 82 [0.0s]
N=131 deg 130 x^0(geo 0) psi {} phi {} non-Kronecker deg 130 [0.0s]
N=133 deg 108 x^6(geo 6) psi {} phi {} non-Kronecker deg 102 [0.0s]
N=137 deg 136 x^1(geo 1) psi {} phi {} non-Kronecker deg 135 [0.0s]
N=139 deg 138 x^0(geo 0) psi {} phi {} non-Kronecker deg 138 [0.1s]
N=141 deg  92 x^2(geo 2) psi {} phi {} non-Kronecker deg 90 [0.0s]
N=143 deg 120 x^6(geo 6) psi {} phi {} non-Kronecker deg 114 [0.0s]
N=147 deg  84 x^6(geo 2) psi {} phi {} non-Kronecker deg 78 [0.0s]
N=149 deg 148 x^0(geo 0) psi {} phi {} non-Kronecker deg 148 [0.1s]
N=151 deg 150 x^0(geo 0) psi {} phi {} non-Kronecker deg 150 [0.1s]
N=153 deg  96 x^4(geo 2) psi {} phi {} non-Kronecker deg 92 [0.1s]
N=157 deg 156 x^1(geo 1) psi {} phi {} non-Kronecker deg 155 [0.1s]
N=159 deg 104 x^2(geo 2) psi {} phi {} non-Kronecker deg 102 [0.1s]
N=161 deg 132 x^2(geo 2) psi {} phi {} non-Kronecker deg 130 [0.1s]
N=163 deg 162 x^3(geo 3) psi {} phi {} non-Kronecker deg 159 [0.1s]
N=167 deg 166 x^1(geo 1) psi {} phi {} non-Kronecker deg 165 [0.1s]
N=169 deg 156 x^9(geo 3) psi {} phi {} non-Kronecker deg 147 [0.1s]
N=171 deg 108 x^6(geo 6) psi {} phi {} non-Kronecker deg 102 [0.1s]
N=173 deg 172 x^1(geo 1) psi {} phi {} non-Kronecker deg 171 [0.1s]
N=177 deg 116 x^2(geo 2) psi {} phi {} non-Kronecker deg 114 [0.1s]
N=179 deg 178 x^0(geo 0) psi {} phi {} non-Kronecker deg 178 [0.1s]
N=181 deg 180 x^0(geo 0) psi {} phi {} non-Kronecker deg 180 [0.1s]
N=183 deg 120 x^4(geo 4) psi {} phi {} non-Kronecker deg 116 [0.1s]
N=187 deg 160 x^2(geo 2) psi {} phi {} non-Kronecker deg 158 [0.1s]
N=189 deg 108 x^12(geo 6) psi {} phi {} non-Kronecker deg 96 [0.1s]
N=191 deg 190 x^0(geo 0) psi {} phi {} non-Kronecker deg 190 [0.2s]
N=193 deg 192 x^1(geo 1) psi {} phi {} non-Kronecker deg 191 [0.2s]
N=197 deg 196 x^1(geo 1) psi {} phi {} non-Kronecker deg 195 [0.2s]
N=199 deg 198 x^0(geo 0) psi {} phi {} non-Kronecker deg 198 [0.3s]

================ SUMMARY (skeptic, independent code) ================
q = 5; moduli N prime to 10, 3 <= N <= 200: 79
levels with an irrational cosine (Psi_j, j not in 1,2,3,4,6): []
levels with x - 1 (K-eigenvalue +1/2): 5;  x + 1 (-1/2): 4;  eigenvalue 0: 62
levels with no cosine at all: 16
Phi_k (k >= 3) at level N: k=3: 1; k=4: 1
Theorem B: sum of eigenvalues != 0 at: [3];  sum of squares != 0 at: [7, 21];  nilpotent levels: []
all-Kronecker levels: [3];  all-real (no Phi_k, k >= 3) among them: [3]
zero: algebraic multiplicity != number of even cycles of y -> 5y + 1/2 at (N, alg, geo): [(9, 2, 1), (27, 2, 1), (49, 3, 1), (81, 3, 1), (99, 4, 2), (117, 12, 6), (147, 6, 2), (153, 4, 2), (169, 9, 3), (189, 12, 6)]
total time 3 s
