candidates: all j with phi(j) <= 800: 1569 values, largest j = 3570 (sieve to 1280016)
N=  5 deg   4 x^1(geo 1) psi {5: 1, 6: 1} phi {} (m,t,idx)=(1,3,1) extra {} binom {} non-Kronecker deg 0 [0.0s]
N=  7 deg   6 x^1(geo 1) psi {3: 1} phi {} (m,t,idx)=(1,2,1) extra {} binom {} non-Kronecker deg 4 [0.0s]
N= 11 deg  10 x^0(geo 0) psi {3: 1, 6: 1} phi {} (m,t,idx)=(2,4,1) extra {1: 1, 2: 1} binom {} non-Kronecker deg 8 [0.0s]
N= 13 deg  12 x^0(geo 0) psi {} phi {} (m,t,idx)=(4,1,1) extra {} binom {} non-Kronecker deg 12 [0.0s]
N= 17 deg  16 x^1(geo 1) psi {3: 1} phi {} (m,t,idx)=(1,14,1) extra {} binom {} non-Kronecker deg 14 [0.0s]
N= 19 deg  18 x^1(geo 1) psi {6: 1} phi {} (m,t,idx)=(1,7,1) extra {} binom {} non-Kronecker deg 16 [0.0s]
N= 23 deg  22 x^0(geo 0) psi {} phi {} (m,t,idx)=(1,7,2) extra {} binom {} non-Kronecker deg 22 [0.0s]
N= 25 deg  20 x^2(geo 1) psi {6: 1} phi {} (m,t,idx)=(1,3,1) extra {} binom {} non-Kronecker deg 17 [0.0s]
N= 29 deg  28 x^1(geo 1) psi {6: 1} phi {} (m,t,idx)=(1,17,1) extra {} binom {} non-Kronecker deg 26 [0.0s]
N= 31 deg  30 x^1(geo 1) psi {3: 1, 6: 1} phi {} (m,t,idx)=(1,24,1) extra {1: 1} binom {} non-Kronecker deg 27 [0.0s]
N= 35 deg  24 x^2(geo 2) psi {3: 1, 6: 1} phi {} (m,t,idx)=(2,10,1) extra {} binom {} non-Kronecker deg 20 [0.0s]
N= 37 deg  36 x^2(geo 2) psi {3: 2, 6: 2} phi {4: 1} (m,t,idx)=(2,7,1) extra {1: 2, 2: 2} binom {} non-Kronecker deg 28 [0.0s]
N= 41 deg  40 x^5(geo 5) psi {3: 1} phi {10: 1} (m,t,idx)=(5,6,1) extra {} binom {-3: 1} non-Kronecker deg 30 [0.0s]
N= 43 deg  42 x^1(geo 1) psi {6: 1} phi {} (m,t,idx)=(1,27,1) extra {} binom {} non-Kronecker deg 40 [0.0s]
N= 47 deg  46 x^0(geo 0) psi {} phi {} (m,t,idx)=(1,17,2) extra {} binom {} non-Kronecker deg 46 [0.0s]
N= 49 deg  42 x^2(geo 1) psi {3: 1} phi {} (m,t,idx)=(1,26,1) extra {} binom {} non-Kronecker deg 39 [0.0s]
N= 53 deg  52 x^1(geo 1) psi {6: 1} phi {} (m,t,idx)=(1,49,1) extra {} binom {} non-Kronecker deg 50 [0.0s]
N= 55 deg  40 x^2(geo 2) psi {3: 1, 6: 1} phi {} (m,t,idx)=(2,14,1) extra {} binom {} non-Kronecker deg 36 [0.0s]
N= 59 deg  58 x^0(geo 0) psi {} phi {} (m,t,idx)=(2,7,1) extra {} binom {} non-Kronecker deg 58 [0.0s]
N= 61 deg  60 x^6(geo 6) psi {} phi {4: 1, 12: 1} (m,t,idx)=(6,1,1) extra {} binom {} non-Kronecker deg 48 [0.0s]
N= 65 deg  48 x^4(geo 4) psi {3: 1, 6: 1} phi {4: 1} (m,t,idx)=(4,4,1) extra {} binom {} non-Kronecker deg 40 [0.0s]
N= 67 deg  66 x^3(geo 3) psi {6: 1} phi {3: 1} (m,t,idx)=(3,17,1) extra {} binom {} non-Kronecker deg 60 [0.0s]
N= 71 deg  70 x^0(geo 0) psi {} phi {} (m,t,idx)=(1,11,2) extra {} binom {} non-Kronecker deg 70 [0.0s]
N= 73 deg  72 x^6(geo 6) psi {3: 2} phi {6: 2} (m,t,idx)=(3,4,2) extra {} binom {} non-Kronecker deg 60 [0.0s]
N= 77 deg  60 x^2(geo 2) psi {3: 1, 6: 1} phi {} (m,t,idx)=(2,4,1) extra {} binom {} non-Kronecker deg 56 [0.0s]
N= 79 deg  78 x^1(geo 1) psi {3: 1} phi {} (m,t,idx)=(1,4,1) extra {} binom {} non-Kronecker deg 76 [0.0s]
N= 83 deg  82 x^0(geo 0) psi {} phi {} (m,t,idx)=(2,8,1) extra {} binom {} non-Kronecker deg 82 [0.0s]
N= 85 deg  64 x^4(geo 4) psi {3: 1, 6: 1} phi {4: 1} (m,t,idx)=(4,8,1) extra {} binom {} non-Kronecker deg 56 [0.0s]
N= 89 deg  88 x^1(geo 1) psi {3: 1} phi {} (m,t,idx)=(1,16,1) extra {} binom {} non-Kronecker deg 86 [0.0s]
N= 91 deg  72 x^12(geo 12) psi {3: 1, 6: 1} phi {3: 1, 4: 1, 6: 1, 12: 1} (m,t,idx)=(12,0,1) extra {} binom {} non-Kronecker deg 48 [0.0s]
N= 95 deg  72 x^2(geo 2) psi {6: 2} phi {} (m,t,idx)=(1,7,2) extra {} binom {} non-Kronecker deg 68 [0.0s]
N= 97 deg  96 x^2(geo 2) psi {6: 2} phi {} (m,t,idx)=(1,43,2) extra {} binom {} non-Kronecker deg 92 [0.0s]
N=101 deg 100 x^1(geo 1) psi {6: 1} phi {} (m,t,idx)=(1,29,1) extra {} binom {} non-Kronecker deg 98 [0.0s]
N=103 deg 102 x^3(geo 3) psi {3: 1} phi {6: 1} (m,t,idx)=(3,6,1) extra {} binom {} non-Kronecker deg 96 [0.0s]
N=107 deg 106 x^0(geo 0) psi {} phi {} (m,t,idx)=(2,50,1) extra {} binom {} non-Kronecker deg 106 [0.0s]
N=109 deg 108 x^0(geo 0) psi {} phi {} (m,t,idx)=(4,21,1) extra {} binom {} non-Kronecker deg 108 [0.0s]
N=113 deg 112 x^1(geo 1) psi {3: 1} phi {} (m,t,idx)=(1,12,1) extra {} binom {} non-Kronecker deg 110 [0.0s]
N=115 deg  88 x^2(geo 2) psi {6: 2} phi {} (m,t,idx)=(1,7,2) extra {} binom {} non-Kronecker deg 84 [0.0s]
N=119 deg  96 x^2(geo 2) psi {3: 2} phi {} (m,t,idx)=(1,14,2) extra {} binom {} non-Kronecker deg 92 [0.0s]
N=121 deg 110 x^0(geo 0) psi {} phi {} (m,t,idx)=(22,4,1) extra {} binom {} non-Kronecker deg 110 [0.0s]
N=125 deg 100 x^2(geo 1) psi {6: 1} phi {} (m,t,idx)=(1,43,1) extra {} binom {} non-Kronecker deg 97 [0.0s]
N=127 deg 126 x^1(geo 1) psi {3: 1} phi {} (m,t,idx)=(1,72,1) extra {} binom {} non-Kronecker deg 124 [0.0s]
N=131 deg 130 x^0(geo 0) psi {} phi {} (m,t,idx)=(2,56,1) extra {} binom {} non-Kronecker deg 130 [0.0s]
N=133 deg 108 x^6(geo 6) psi {3: 1, 6: 1} phi {3: 1, 6: 1} (m,t,idx)=(6,6,1) extra {} binom {} non-Kronecker deg 96 [0.0s]
N=137 deg 136 x^1(geo 1) psi {3: 1} phi {} (m,t,idx)=(1,10,1) extra {} binom {} non-Kronecker deg 134 [0.0s]
N=139 deg 138 x^1(geo 1) psi {6: 1} phi {} (m,t,idx)=(1,101,1) extra {} binom {} non-Kronecker deg 136 [0.1s]
N=143 deg 120 x^0(geo 0) psi {} phi {} (m,t,idx)=(4,13,2) extra {} binom {} non-Kronecker deg 120 [0.1s]
N=145 deg 112 x^4(geo 4) psi {3: 2, 6: 2} phi {} (m,t,idx)=(2,6,2) extra {} binom {} non-Kronecker deg 104 [0.1s]
N=149 deg 148 x^1(geo 1) psi {6: 1} phi {} (m,t,idx)=(1,131,1) extra {} binom {} non-Kronecker deg 146 [0.1s]
N=151 deg 150 x^3(geo 3) psi {3: 1} phi {6: 1} (m,t,idx)=(3,10,1) extra {} binom {} non-Kronecker deg 144 [0.1s]
N=155 deg 120 x^2(geo 2) psi {3: 1, 6: 1} phi {} (m,t,idx)=(2,18,1) extra {} binom {} non-Kronecker deg 116 [0.1s]
N=157 deg 156 x^2(geo 2) psi {} phi {4: 1} (m,t,idx)=(2,51,1) extra {} binom {} non-Kronecker deg 152 [0.1s]
N=161 deg 132 x^2(geo 2) psi {3: 2} phi {} (m,t,idx)=(1,62,2) extra {} binom {} non-Kronecker deg 128 [0.1s]
N=163 deg 162 x^1(geo 1) psi {6: 1} phi {} (m,t,idx)=(1,77,1) extra {} binom {} non-Kronecker deg 160 [0.1s]
N=167 deg 166 x^0(geo 0) psi {} phi {} (m,t,idx)=(1,64,2) extra {} binom {} non-Kronecker deg 166 [0.1s]
N=169 deg 156 x^0(geo 0) psi {} phi {} (m,t,idx)=(4,34,1) extra {} binom {} non-Kronecker deg 156 [0.1s]
N=173 deg 172 x^1(geo 1) psi {6: 1} phi {} (m,t,idx)=(1,51,1) extra {} binom {} non-Kronecker deg 170 [0.1s]
N=175 deg 120 x^4(geo 2) psi {3: 1, 6: 1} phi {} (m,t,idx)=(2,46,1) extra {} binom {} non-Kronecker deg 114 [0.1s]
N=179 deg 178 x^0(geo 0) psi {} phi {} (m,t,idx)=(2,61,1) extra {} binom {} non-Kronecker deg 178 [0.1s]
N=181 deg 180 x^0(geo 0) psi {} phi {} (m,t,idx)=(4,29,1) extra {} binom {} non-Kronecker deg 180 [0.1s]
N=185 deg 144 x^4(geo 4) psi {3: 1, 6: 1} phi {4: 1} (m,t,idx)=(4,32,1) extra {} binom {} non-Kronecker deg 136 [0.1s]
N=187 deg 160 x^2(geo 2) psi {3: 1, 6: 1} phi {} (m,t,idx)=(2,44,1) extra {} binom {} non-Kronecker deg 156 [0.1s]
N=191 deg 190 x^0(geo 0) psi {} phi {} (m,t,idx)=(1,79,2) extra {} binom {} non-Kronecker deg 190 [0.1s]
N=193 deg 192 x^12(geo 12) psi {} phi {4: 2, 12: 2} (m,t,idx)=(6,7,2) extra {} binom {} non-Kronecker deg 168 [0.1s]
N=197 deg 196 x^1(geo 1) psi {6: 1} phi {} (m,t,idx)=(1,13,1) extra {} binom {} non-Kronecker deg 194 [0.2s]
N=199 deg 198 x^1(geo 1) psi {3: 1} phi {} (m,t,idx)=(1,106,1) extra {} binom {} non-Kronecker deg 196 [0.2s]
N=203 deg 168 x^2(geo 2) psi {3: 1, 6: 1} phi {} (m,t,idx)=(2,34,1) extra {} binom {} non-Kronecker deg 164 [0.2s]
N=205 deg 160 x^20(geo 20) psi {3: 1, 6: 1} phi {4: 1, 5: 1, 10: 1, 20: 1} (m,t,idx)=(20,0,1) extra {} binom {} non-Kronecker deg 120 [0.2s]
N=209 deg 180 x^2(geo 2) psi {3: 1, 6: 1} phi {} (m,t,idx)=(2,14,1) extra {} binom {} non-Kronecker deg 176 [0.2s]
N=211 deg 210 x^1(geo 1) psi {6: 1} phi {} (m,t,idx)=(1,127,1) extra {} binom {} non-Kronecker deg 208 [0.2s]
N=215 deg 168 x^2(geo 2) psi {6: 2} phi {} (m,t,idx)=(1,27,2) extra {} binom {} non-Kronecker deg 164 [0.2s]
N=217 deg 180 x^6(geo 6) psi {3: 2} phi {6: 2} (m,t,idx)=(3,12,2) extra {} binom {} non-Kronecker deg 168 [0.2s]
N=221 deg 192 x^4(geo 4) psi {3: 1, 6: 1} phi {4: 1} (m,t,idx)=(4,40,1) extra {} binom {} non-Kronecker deg 184 [0.2s]
N=223 deg 222 x^1(geo 1) psi {3: 1} phi {} (m,t,idx)=(1,180,1) extra {} binom {} non-Kronecker deg 220 [0.2s]
N=227 deg 226 x^0(geo 0) psi {} phi {} (m,t,idx)=(2,59,1) extra {} binom {} non-Kronecker deg 226 [0.3s]
N=229 deg 228 x^0(geo 0) psi {} phi {} (m,t,idx)=(4,30,1) extra {} binom {} non-Kronecker deg 228 [0.2s]
N=233 deg 232 x^1(geo 1) psi {3: 1} phi {} (m,t,idx)=(1,72,1) extra {} binom {} non-Kronecker deg 230 [0.3s]
N=235 deg 184 x^2(geo 2) psi {6: 2} phi {} (m,t,idx)=(1,63,2) extra {} binom {} non-Kronecker deg 180 [0.3s]
N=239 deg 238 x^0(geo 0) psi {} phi {} (m,t,idx)=(1,62,2) extra {} binom {} non-Kronecker deg 238 [0.3s]
N=241 deg 240 x^2(geo 2) psi {6: 2} phi {} (m,t,idx)=(1,5,2) extra {} binom {} non-Kronecker deg 236 [0.3s]
N=245 deg 168 x^4(geo 2) psi {3: 1, 6: 1} phi {} (m,t,idx)=(2,10,1) extra {} binom {} non-Kronecker deg 162 [0.3s]
N=247 deg 216 x^12(geo 12) psi {3: 3, 6: 3} phi {4: 3} (m,t,idx)=(4,10,3) extra {} binom {} non-Kronecker deg 192 [0.3s]
N=251 deg 250 x^0(geo 0) psi {} phi {} (m,t,idx)=(2,45,1) extra {} binom {} non-Kronecker deg 250 [0.4s]
N=253 deg 220 x^0(geo 0) psi {} phi {} (m,t,idx)=(2,14,2) extra {} binom {} non-Kronecker deg 220 [0.4s]
N=257 deg 256 x^1(geo 1) psi {3: 1} phi {} (m,t,idx)=(1,48,1) extra {} binom {} non-Kronecker deg 254 [0.7s]
N=259 deg 216 x^12(geo 12) psi {3: 3, 6: 3} phi {4: 3} (m,t,idx)=(4,14,3) extra {} binom {} non-Kronecker deg 192 [0.8s]
N=263 deg 262 x^0(geo 0) psi {} phi {} (m,t,idx)=(1,30,2) extra {} binom {} non-Kronecker deg 262 [0.8s]
N=265 deg 208 x^4(geo 4) psi {3: 2, 6: 2} phi {} (m,t,idx)=(2,46,2) extra {} binom {} non-Kronecker deg 200 [0.7s]
N=269 deg 268 x^1(geo 1) psi {6: 1} phi {} (m,t,idx)=(1,209,1) extra {} binom {} non-Kronecker deg 266 [0.8s]
N=271 deg 270 x^9(geo 9) psi {3: 1} phi {6: 1, 18: 1} (m,t,idx)=(9,28,1) extra {} binom {} non-Kronecker deg 252 [0.8s]
N=275 deg 200 x^10(geo 10) psi {3: 1, 6: 1} phi {5: 1, 10: 1} (m,t,idx)=(10,10,1) extra {} binom {} non-Kronecker deg 180 [1.0s]
N=277 deg 276 x^0(geo 0) psi {} phi {} (m,t,idx)=(4,9,1) extra {} binom {} non-Kronecker deg 276 [0.9s]
N=281 deg 280 x^1(geo 1) psi {3: 1} phi {} (m,t,idx)=(1,204,1) extra {} binom {} non-Kronecker deg 278 [1.0s]
N=283 deg 282 x^1(geo 1) psi {6: 1} phi {} (m,t,idx)=(1,159,1) extra {} binom {} non-Kronecker deg 280 [0.7s]
N=287 deg 240 x^10(geo 10) psi {3: 2} phi {10: 2} (m,t,idx)=(5,22,2) extra {} binom {} non-Kronecker deg 220 [1.0s]
N=289 deg 272 x^2(geo 1) psi {3: 1} phi {} (m,t,idx)=(1,190,1) extra {} binom {} non-Kronecker deg 269 [1.2s]
N=293 deg 292 x^1(geo 1) psi {6: 1} phi {} (m,t,idx)=(1,93,1) extra {} binom {} non-Kronecker deg 290 [1.0s]
N=295 deg 232 x^2(geo 2) psi {3: 1, 6: 1} phi {} (m,t,idx)=(2,94,1) extra {} binom {} non-Kronecker deg 228 [1.2s]
N=299 deg 264 x^0(geo 0) psi {} phi {} (m,t,idx)=(4,28,2) extra {} binom {} non-Kronecker deg 264 [1.1s]
N=301 deg 252 x^6(geo 6) psi {3: 1, 6: 1} phi {3: 1, 6: 1} (m,t,idx)=(6,36,1) extra {} binom {} non-Kronecker deg 240 [1.4s]
N=305 deg 240 x^12(geo 12) psi {3: 1, 6: 1} phi {3: 1, 4: 1, 6: 1, 12: 1} (m,t,idx)=(12,12,1) extra {} binom {} non-Kronecker deg 216 [0.9s]
N=307 deg 306 x^9(geo 9) psi {6: 3} phi {3: 3} (m,t,idx)=(3,11,3) extra {} binom {} non-Kronecker deg 288 [1.5s]
N=311 deg 310 x^0(geo 0) psi {} phi {} (m,t,idx)=(1,123,2) extra {} binom {} non-Kronecker deg 310 [1.2s]
N=313 deg 312 x^0(geo 0) psi {} phi {} (m,t,idx)=(4,14,2) extra {} binom {} non-Kronecker deg 312 [1.4s]
N=317 deg 316 x^1(geo 1) psi {6: 1} phi {} (m,t,idx)=(1,33,1) extra {} binom {} non-Kronecker deg 314 [1.8s]
N=319 deg 280 x^2(geo 2) psi {3: 1, 6: 1} phi {} (m,t,idx)=(2,34,1) extra {} binom {} non-Kronecker deg 276 [1.9s]
N=323 deg 288 x^2(geo 2) psi {3: 1, 6: 1} phi {} (m,t,idx)=(2,140,1) extra {} binom {} non-Kronecker deg 284 [1.5s]
N=325 deg 240 x^8(geo 4) psi {3: 1, 6: 1} phi {4: 1} (m,t,idx)=(4,52,1) extra {} binom {} non-Kronecker deg 228 [1.8s]
N=329 deg 276 x^2(geo 2) psi {3: 2} phi {} (m,t,idx)=(1,86,2) extra {} binom {} non-Kronecker deg 272 [1.7s]
N=331 deg 330 x^1(geo 1) psi {6: 1} phi {} (m,t,idx)=(1,121,1) extra {} binom {} non-Kronecker deg 328 [2.0s]
N=335 deg 264 x^6(geo 6) psi {6: 2} phi {3: 2} (m,t,idx)=(3,17,2) extra {} binom {} non-Kronecker deg 252 [2.1s]
N=337 deg 336 x^2(geo 2) psi {3: 2} phi {} (m,t,idx)=(1,32,2) extra {} binom {} non-Kronecker deg 332 [1.9s]
N=341 deg 300 x^10(geo 10) psi {3: 1, 6: 1} phi {5: 1, 10: 1} (m,t,idx)=(10,0,1) extra {} binom {} non-Kronecker deg 280 [1.5s]
N=343 deg 294 x^2(geo 1) psi {3: 1} phi {} (m,t,idx)=(1,194,1) extra {} binom {} non-Kronecker deg 291 [1.8s]
N=347 deg 346 x^0(geo 0) psi {} phi {} (m,t,idx)=(2,107,1) extra {} binom {} non-Kronecker deg 346 [1.3s]
N=349 deg 348 x^2(geo 2) psi {} phi {4: 1} (m,t,idx)=(2,67,1) extra {} binom {} non-Kronecker deg 344 [1.8s]
N=353 deg 352 x^1(geo 1) psi {3: 1} phi {} (m,t,idx)=(1,164,1) extra {} binom {} non-Kronecker deg 350 [2.1s]
N=355 deg 280 x^2(geo 2) psi {6: 2} phi {} (m,t,idx)=(1,11,2) extra {} binom {} non-Kronecker deg 276 [2.3s]
N=359 deg 358 x^0(geo 0) psi {} phi {} (m,t,idx)=(1,96,2) extra {} binom {} non-Kronecker deg 358 [2.2s]
N=361 deg 342 x^2(geo 1) psi {6: 1} phi {} (m,t,idx)=(1,187,1) extra {} binom {} non-Kronecker deg 339 [2.9s]
N=365 deg 288 x^24(geo 24) psi {3: 2, 6: 2} phi {3: 2, 4: 2, 6: 2, 12: 2} (m,t,idx)=(12,4,2) extra {} binom {} non-Kronecker deg 240 [3.9s]
N=367 deg 366 x^3(geo 3) psi {3: 1} phi {6: 1} (m,t,idx)=(3,80,1) extra {} binom {} non-Kronecker deg 360 [3.9s]
N=371 deg 312 x^2(geo 2) psi {3: 1, 6: 1} phi {} (m,t,idx)=(2,46,1) extra {} binom {} non-Kronecker deg 308 [3.8s]
N=373 deg 372 x^2(geo 2) psi {} phi {4: 1} (m,t,idx)=(2,161,1) extra {} binom {} non-Kronecker deg 368 [4.0s]
N=377 deg 336 x^4(geo 4) psi {3: 1, 6: 1} phi {4: 1} (m,t,idx)=(4,40,1) extra {} binom {} non-Kronecker deg 328 [4.5s]
N=379 deg 378 x^1(geo 1) psi {6: 1} phi {} (m,t,idx)=(1,149,1) extra {} binom {} non-Kronecker deg 376 [4.7s]
N=383 deg 382 x^0(geo 0) psi {} phi {} (m,t,idx)=(1,109,2) extra {} binom {} non-Kronecker deg 382 [5.4s]
N=385 deg 240 x^4(geo 4) psi {3: 2, 6: 2} phi {} (m,t,idx)=(2,34,2) extra {} binom {} non-Kronecker deg 232 [5.2s]
N=389 deg 388 x^1(geo 1) psi {6: 1} phi {} (m,t,idx)=(1,63,1) extra {} binom {} non-Kronecker deg 386 [4.7s]
N=391 deg 352 x^2(geo 2) psi {3: 2} phi {} (m,t,idx)=(1,62,2) extra {} binom {} non-Kronecker deg 348 [5.1s]
N=395 deg 312 x^2(geo 2) psi {3: 1, 6: 1} phi {} (m,t,idx)=(2,86,1) extra {} binom {} non-Kronecker deg 308 [5.2s]
N=397 deg 396 x^2(geo 2) psi {} phi {4: 1} (m,t,idx)=(2,81,1) extra {} binom {} non-Kronecker deg 392 [5.2s]

================ SUMMARY (skeptic, independent code) ================
q = 3; moduli N prime to 6, 3 <= N <= 400: 132
levels with an irrational cosine (Psi_j, j not in 1,2,3,4,6): [(5, {5: 1})]
levels with x - 1 (K-eigenvalue +1/2): 68;  x + 1 (-1/2): 65;  eigenvalue 0: 102
levels with no cosine at all: 29
Phi_k (k >= 3) at level N: k=3: 8; k=4: 19; k=5: 3; k=6: 11; k=10: 5; k=12: 5; k=18: 1; k=20: 1
Theorem B: sum of eigenvalues != 0 at: [];  sum of squares != 0 at: [5];  nilpotent levels: []
all-Kronecker levels: [5];  all-real (no Phi_k, k >= 3) among them: [5]
zero: algebraic multiplicity != number of even cycles of y -> 3y + 1/2 at (N, alg, geo): [(25, 2, 1), (49, 2, 1), (125, 2, 1), (175, 4, 2), (245, 4, 2), (289, 2, 1), (325, 8, 4), (343, 2, 1), (361, 2, 1)]
mu_m symmetry fails at: []
Theorem C violated at: [];  predicted content missing at: []
sporadic unit-circle content (beyond Theorem C): [(11, {1: 1, 2: 1}), (31, {1: 1}), (37, {1: 2, 2: 2})]
binomial eigenvalues (2 lambda)^m = c, |c| >= 2: [(41, 5, {-3: 1})]
rows compared with q32_kronecker_census.json: 132;  differences: []
total time 114 s
