=== 0. constants ===
   [ok] cos 36 = phi/2 = 0.809017 (page: 0.809)
   [ok] cos 72 = 1/(2 phi) = 0.309017
   [ok] cos 144 = -cos 36 = -phi/2
   [ok] apothem (midpoint of the opposite side) = cos 36
   [ok] midpoint of the two neighbours = cos 72 x vertex
   [ok] midpoint of the opposite side = -cos 36 x vertex (across the centre)
=== 1. two branches modulo 5 ===
   e = [0, 3, 1, 4, 2]   o = [3, 2, 1, 0, 4]
   [ok] x/2 = 3x mod 5
   [ok] (3x+1)/2 = 3 - x mod 5
   [ok] even branch fixes 0 only
   [ok] the multiplier 3 has order 4
   [ok] odd branch is an involution fixing 4 = -1 only
   [ok] both branches send 2 to 1 (the apex)
   [ok] both branches send 3 into the far pair {0, 4}
=== 2. Theorem A: push-forward of cell-uniform mass ===
   [ok] 2K: 1_Y -> 1_Z
   [ok] 2K: 1_Z -> 2*1_Y + 1_X
   [ok] 2K: 1_X -> 1_X + 1_Z
   [ok] all the mass on Y goes to Z, evenly
   [ok] half the mass on Z goes to Y, half to X, evenly
   [ok] half the mass on X goes to Z, half stays on X, evenly
   [ok] pentagon: vertex -> nbrs; nbrs -> 2 vertex + far; far -> nbrs + far (same three rules)
   charpoly of 2K on span(1_Y,1_Z,1_X): (x - 2)*(x**2 + x - 1)
   [ok] = (x-2)(x^2+x-1): eigenvalues of K are 1, cos 72, cos 144
   [ok] roots of x^2+x-1 halved: -0.809017, 0.309017
=== 3. the three lines of the proof, over Q ===
   [ok] e(0)=0, o(0)=1/2, e(-1)=-1/2, o(-1)=-1
   [ok] e(+-1/2)=+-1/4, o(-1/2)=-1/4, o(1/2)=5/4
   [ok] e(-1/4)=-1/8, o(-1/4)=1/8
   [ok] mod 5: 1/4 = -1, 5/4 = 0
   [ok] mod 5: 1/8 = 2 = -1/2 and -1/8 = 3 = 1/2
   [ok] rational names: Y={-1/4}={1}, Z={+-1/2}={2,3}, X={0,-1}={0,4}
=== 4. corollary: T^k(n) mod 5 over n = 1 (mod 5) in ANY window of 5*2^k consecutive integers ===
   k =  0: counts on residues 0..4 = [0, 1, 0, 0, 0]   pentagon walk = [0, 1, 0, 0, 0]
   k =  1: counts on residues 0..4 = [0, 0, 1, 1, 0]   pentagon walk = [0, 0, 1, 1, 0]
   k =  2: counts on residues 0..4 = [1, 2, 0, 0, 1]   pentagon walk = [1, 2, 0, 0, 1]
   k =  8: counts on residues 0..4 = [57, 70, 36, 36, 57]   pentagon walk = [57, 70, 36, 36, 57]
   k = 16: counts on residues 0..4 = [13380, 13990, 12393, 12393, 13380]   pentagon walk = [13380, 13990, 12393, 12393, 13380]
   [ok] k = 0..16: integer counts = pentagon-walk counts (windows starting at 1, negative, straddling 0, large)
   [ok] k = 8: 256 integers land 57, 70, 36, 36, 57 on residues 0, 1, 2, 3, 4
   [ok] return count = (2^k + 2(-1)^k L_k)/5 for k = 0..16
   returns k = 0..16: [1, 0, 2, 0, 6, 2, 20, 14, 70, 72, 254, 330, 948, 1430, 3614, 6008, 13990]
   [ok] first return counts 1, 0, 2, 0, 6, 2, 20, 14, 70 (A054877 as quoted)
   [ok] Lucas numbers 2, 1, 3, 4, 7, 11, 18
   [ok] labelling 1-2-0-4-3 gives the same apex law as 1-2-4-0-3
=== 5. distance from uniform (total variation) against (phi/2)^k ===
   start 0: TV/(phi/2)^k at k = 8, 16, 40, 41, 80: 0.11495, 0.09488, 0.09443, 0.09443, 0.09443
   start 1: TV/(phi/2)^k at k = 8, 16, 40, 41, 80: 0.64710, 0.64721, 0.64721, 0.64721, 0.64721
   start 2: TV/(phi/2)^k at k = 8, 16, 40, 41, 80: 0.80036, 0.80000, 0.80000, 0.80000, 0.80000
   start 3: TV/(phi/2)^k at k = 8, 16, 40, 41, 80: 0.24692, 0.24721, 0.24721, 0.24721, 0.24721
   start 4: TV/(phi/2)^k at k = 8, 16, 40, 41, 80: 0.28524, 0.30512, 0.30557, 0.30557, 0.30557
   [ok] from EVERY start residue the distance decays at rate exactly phi/2 (ratio settles on a non-zero constant: 0.09443, 0.64721, 0.80000, 0.24721, 0.30557)
   [ok] apex start: ratio tends to 2 phi/5 = 0.647214
   [ok] chain law from 1 = pentagon law for k = 0..39 (exact fractions)
=== 6. what it is not ===
   charpoly(2K_5) = x*(x - 2)*(x - 1)*(x**2 + x - 1)
   charpoly(pentagon) = (x - 2)*(x**2 + x - 1)**2
   [ok] charpoly(2K_5) = x(x-1)(x-2)(x^2+x-1)
   [ok] charpoly(pentagon) = (x-2)(x^2+x-1)^2
   [ok] none of the 120 relabellings turns 2K_5 into the pentagon adjacency matrix
   [ok] from n = 2 (mod 5) every integer lands on residue 1 after one step
   [ok] start 0: none of the 120 labellings gives a pentagon law (k = 0..16); already none at k = 1: True
   [ok] start 2: none of the 120 labellings gives a pentagon law (k = 0..16); already none at k = 1: True
   [ok] start 3: none of the 120 labellings gives a pentagon law (k = 0..16); already none at k = 1: False
   [ok] start 4: none of the 120 labellings gives a pentagon law (k = 0..16); already none at k = 1: True
   labellings (residue -> vertex) that DO work from start 1: 20 of 120; cyclic orders: 1-2-0-4-3, 1-2-4-0-3, 1-3-0-4-2, 1-3-4-0-2
   [ok] 1-2-4-0-3 is not an affine image of 0-1-2-3-4 (neither the additive pentagon nor its pentagram)
   [ok] halving maps the additive pentagon 0-1-2-3-4 onto its pentagram (sides -> diagonals)
=== 7. why 5 ===
   [ok] mod 5: a = 1/2 = 3, b = 3/2 = 4 = a + 1 = a^2 = -1
   [ok] x^2 - x - 1 = (x - 3)^2 mod 5
   [ok] moduli prime to 6 below 3000 with an involutive branch: odd [5], even []
   [ok] moduli prime to 6 below 3000 at which lines 2 and 3 of the proof close up: [5]
   [ok] 5 = 3 + 2 = 3^2 - 2^2
=== 8. 3x-1 and 3x+c ===
   [ok] 3x-1: Theorem A with apex 4, near pair {2,3}, far pair {0,1}
   [ok] 3x-1 on integers, n = 4 (mod 5), k = 0..16: pentagon law = the 3x+1 law with residues negated
   [ok] 3x+c mod N is the 3x+1 chain relabelled by x -> cx for every c prime to N (ten moduli)
   [ok] 3x-1 shortcut cycle: 5 -> 7 -> 10 -> 5

0 failures
