component dump: 170 settings, MAX_STEPS = 16, ROLES = ['apex', 'near', 'far', 'far', 'near']
=== 1. the two columns of the table ===
   [ok] T^k(n) column = independent count on a window straddling zero, all 170 settings []
   [ok] Walk column = exact closed-form pentagon law from the start vertex, all settings []
   [ok] both columns total 2^k
=== 2. labels ===
   [ok] apex / near / far labels: 3x+1 apex 1, near {2,3}, far {0,4};  3x-1 apex 4, near {2,3}, far {0,1}
   [ok] pentagon drawn as 1-2-4-0-3, and 4-3-1-0-2 for 3x-1 (every residue negated)
   [ok] the start is flagged as the apex exactly when it is residue 1 (3x+1) or 4 (3x-1)
   [ok] 'the 2^k integers n = start (mod 5) from firstN to lastN': the first 2^k positive ones, inside one period 5*2^k
   [ok] Lucas row: L_k, the sign shown, and (2^k +- 2 L_k)/5
   [ok] 'Back at the apex' = Lucas formula whenever that table is shown (apex start), both rules
   [ok] 'Distance from uniform' = total variation, as the caption says
   [ok] (phi/2)^k row
=== 3. the agreement indicator ===
   [ok] 'Same law' is never shown falsely (34 settings show it)
   [ok] 'Different laws' is never shown when the laws agree
   [ok] 'Same law' is shown for the apex start at every k = 0..16, both rules, and nowhere else
   [ok] 'Nothing has moved yet' appears only at k = 0 (non-apex starts): [(-1, 0, 0), (-1, 1, 0), (-1, 2, 0), (-1, 3, 0), (1, 0, 0), (1, 2, 0), (1, 3, 0), (1, 4, 0)]
   [ok] every non-apex start with k >= 1 shows 'Different laws' (128 settings); fewest disagreeing vertices: 2
   non-apex, k >= 1: number of settings by 'm of 5 vertices disagree': {2: 12, 4: 68, 5: 48}
   settings with only 1 or 2 disagreeing vertices: [(-1, 0, 1, 2), (-1, 1, 1, 2), (-1, 2, 1, 2), (-1, 2, 2, 2), (-1, 3, 1, 2), (-1, 3, 2, 2), (1, 0, 1, 2), (1, 2, 1, 2), (1, 2, 2, 2), (1, 3, 1, 2), (1, 3, 2, 2), (1, 4, 1, 2)]
   [ok] 'no relabelling of the residues repairs the others': none of the 120 placements gives a pentagon law for k = 0..16, each non-apex start, both rules
   [ok] switching the rule maps start s to -s, which sits on the same vertex
   [ok] 3x-1 from start -s is the 3x+1 law from s with every residue negated (all starts, k = 0..16)
=== 4. 'Ratio of the two' (distance / (phi/2)^k) at k = 0, 4, 8, 12, 16, 3x+1 ===
   start 0: 0.8000, 0.3793, 0.1149, 0.0975, 0.0949
   start 1: 0.8000, 0.6420, 0.6471, 0.6472, 0.6472
   start 2: 0.8000, 0.8170, 0.8004, 0.8000, 0.8000
   start 3: 0.8000, 0.2334, 0.2469, 0.2472, 0.2472
   start 4: 0.8000, 0.4085, 0.2852, 0.3025, 0.3051

0 failures
