tau sieve done 20.3s; tau(36) = 9, max tau = 448
F sieve done 41.2s; F(36) = 36, F(1..12) = [1, 3, 3, 6, 3, 9, 3, 10, 6, 9, 3, 18]
Liouville sum tau(d)^3 == F(n)^2 for n <= 2e5: True
n <= 2e5 with sum_{d|n} tau(d)^3 == n^2: [1, 3, 18, 36]
E_3 = {n <= 1e7 : F(n) >= n} = [1, 2, 3, 4, 6, 8, 12, 18, 24, 36]
fixed points: [1, 3, 18, 36]
ascents     : [(2, 3), (4, 6), (6, 9), (8, 10), (12, 18), (24, 30)]
max F(n)/n = 3/2 at [2, 4, 6, 12]
3F(n) == ... F(n) = 3n/2 exactly at n = [2, 4, 6, 12]
periodic points below 2000 (direct test F^j(n)=n, j<=40): [1, 3, 6, 9, 18, 36]
all n <= 1e7 reach a periodic point; steps needed: 10  max transient: 10
  basins X=       10: {1: 1, 3: 4, 18: 0, 36: 0, 6: 5}  sum=10
  basins X=      100: {1: 1, 3: 25, 18: 19, 36: 2, 6: 53}  sum=100
  basins X=     1000: {1: 1, 3: 168, 18: 149, 36: 11, 6: 671}  sum=1000
  basins X=    10000: {1: 1, 3: 1229, 18: 1316, 36: 50, 6: 7404}  sum=10000
  basins X=   100000: {1: 1, 3: 9592, 18: 13269, 36: 244, 6: 76894}  sum=100000
  basins X=  1000000: {1: 1, 3: 78498, 18: 140650, 36: 1594, 6: 779257}  sum=1000000
  basins X= 10000000: {1: 1, 3: 664579, 18: 1494407, 36: 14010, 6: 7827003}  sum=10000000
pi(1e7) = 664579 ; basin(3) == primes: True
non-primes n with F(n) prime: 0
transient distribution t=0..: [6, 2927343, 98391, 4512337, 160480, 1016192, 458414, 546582, 148503, 121494, 10258]  mean: 3.1344624
first n with each t: [1, 2, 8, 30, 24, 60, 72, 180, 360, 1800, 37800]
  basin 3: t=0:1, t=1:664578, t=2:0, t=3:0, t=4:0, t=5:0, t=6:0, t=7:0, t=8:0, t=9:0, t=10:0
  basin 18: t=0:1, t=1:357565, t=2:97183, t=3:1034166, t=4:5105, t=5:387, t=6:0, t=7:0, t=8:0, t=9:0, t=10:0
  basin 36: t=0:1, t=1:878, t=2:1130, t=3:779, t=4:10868, t=5:354, t=6:0, t=7:0, t=8:0, t=9:0, t=10:0
  basin {6,9}: t=0:2, t=1:1904322, t=2:78, t=3:3477392, t=4:144507, t=5:1015451, t=6:458414, t=7:546582, t=8:148503, t=9:121494, t=10:10258
#n <= 1e7 with F(n)=36: 879 ; tau values among them (9 <-> p^2q^2, 8 <-> p^7): {8: 4, 9: 875}
first preimages of 36: [36, 100, 128, 196, 225, 441, 484, 676, 1089, 1156, 1225, 1444]
number of n <= 1e7 with F(n) = m, m = 27..54: {27: 2086746, 28: 6, 29: 0, 30: 141668, 31: 0, 32: 0, 33: 0, 34: 0, 35: 0, 36: 879, 37: 0, 38: 0, 39: 0, 40: 0, 41: 0, 42: 0, 43: 0, 44: 0, 45: 65290, 46: 0, 47: 0, 48: 0, 49: 0, 50: 0, 51: 0, 52: 0, 53: 0, 54: 804249}
values m <= 60 attained by F: [1, 3, 6, 9, 10, 15, 18, 21, 27, 28, 30, 36, 45, 54, 55, 60]
total 42.9s
