==============================================================================
[A] E_k = {n : tau_k(n) >= n}, fixed points and cycles of n -> tau_k(n), k = 2..8
==============================================================================

 k = 2:  |E_k| = 2, max E_k = 2, #ascents = 0   (0.0s)
   fixed points : [1, 2]
   cycles (len>=2): []
   max tau_k(n)/n = 1 at n = [1, 2]

 k = 3:  |E_k| = 10, max E_k = 36, #ascents = 6   (0.0s)
   fixed points : [1, 3, 18, 36]
   cycles (len>=2): [[6, 9]]
   max tau_k(n)/n = 3/2 at n = [2, 4, 6, 12]
   E_3 = [1, 2, 3, 4, 6, 8, 12, 18, 24, 36]
   ascents (F(n) > n): [(2, 3), (4, 6), (6, 9), (8, 10), (12, 18), (24, 30)]
   F(n) = 3n/2 exactly at n = [2, 4, 6, 12]

 k = 4:  |E_k| = 100, max E_k = 5040, #ascents = 93   (0.0s)
   fixed points : [1, 100, 200, 224, 560, 1344, 1920]
   cycles (len>=2): [[16, 35], [480, 896]]
   max tau_k(n)/n = 10/3 at n = [12, 24]

 k = 5:  |E_k| = 1011, max E_k = 1330560, #ascents = 1007   (0.0s)
   fixed points : [1, 5, 75, 225]
   cycles (len>=2): [[15, 25]]
   max tau_k(n)/n = 175/24 at n = [24, 48, 72, 120, 144, 240, 360, 720]

 k = 6:  |E_k| = 12309, max E_k = 1037836800, #ascents = 12306   (0.7s)
   fixed points : [1, 441, 19559232]
   cycles (len>=2): [[1596672, 5837832, 5588352, 12573792, 14669424, 10668672, 11176704, 20432412, 7334712, 4741632, 6278272]]
   max tau_k(n)/n = 441/20 at n = [720, 1440]

 k = 7:  |E_k| = 159565, max E_k = 1852538688000, #ascents = 159559   (7.8s)
   fixed points : [1, 7, 72030, 133111440, 399334320, 1944810000]
   cycles (len>=2): [[210, 2401], [38723328, 38846808], [76063680, 266222880, 292845168], [116169984, 116540424], [155387232, 212978304], [228191040, 798668640, 878535504], [466161696, 638934912]]
   max tau_k(n)/n = 3773/60 at n = [1440, 2880, 4320, 8640, 10080, 20160, 30240, 60480]

 k = 8:  |E_k| = 2208054, max E_k = 3379030566912000, #ascents = 2208051   (293.4s)
   fixed points : [1, 11859210000, 311203233792]
   cycles (len>=2): [[170117038080, 236273664000], [301532774400, 411769619712], [377216040960, 649752576000], [877165977600, 2121840230400, 5394189385728, 2105198346240, 2489625870336], [1454948352000, 2551755571200, 2923886592000, 3857891328000, 4561263083520, 5658240614400, 7017327820800, 6710319728640, 8052569800704, 1620448727040, 3187475546112, 1491182161920, 2451904266240, 3742574837760], [7401087936000, 10855179878400]]
   max tau_k(n)/n = 4576/21 at n = [60480, 120960]
 cross-check k=2: direct search n <= 100000 reproduces E_k: True
 cross-check k=3: direct search n <= 100000 reproduces E_k: True
 cross-check k=4: direct search n <= 300000 reproduces E_k: True

==============================================================================
[B] sieve of F = tau_3 up to N = 10000000
==============================================================================
   sieve done in 1.6s;  pi(N) = 664579
   spot check vs direct factorisation: 2199 values OK
   n <= N with F(n) >= n : [1, 2, 3, 4, 6, 8, 12, 18, 24, 36]
   n <= N with F(n) =  n : [1, 3, 18, 36]
   n <= N with F(n) >  n : [2, 4, 6, 8, 12, 24]
   max F(n)/n = 1.5 at n = [2, 4, 6, 12]
   max F(n) for n <= N: 22680 at n = 8648640

   basin sizes  #{n <= X : orbit ends in attractor}
            X        fixed 1        fixed 3       fixed 18       fixed 36    cycle {6,9}
           10              1              4              0              0              5
          100              1             25             19              2             53
         1000              1            168            149             11            671
        10000              1           1229           1316             50           7404
       100000              1           9592          13269            244          76894
      1000000              1          78498         140650           1594         779257
     10000000              1         664579        1494407          14010        7827003
   as fractions of X:
           10       0.100000       0.400000       0.000000       0.000000       0.500000
          100       0.010000       0.250000       0.190000       0.020000       0.530000
         1000       0.001000       0.168000       0.149000       0.011000       0.671000
        10000       0.000100       0.122900       0.131600       0.005000       0.740400
       100000       0.000010       0.095920       0.132690       0.002440       0.768940
      1000000       0.000001       0.078498       0.140650       0.001594       0.779257
     10000000       0.000000       0.066458       0.149441       0.001401       0.782700
   basin of 3 == set of primes: True  (and every prime maps to 3: True)

   transient length t(n) (iterations until a periodic point), n <= N
     t = 0: count         6  first n =        1  orbit [1]
     t = 1: count   2927343  first n =        2  orbit [2, 3]
     t = 2: count     98391  first n =        8  orbit [8, 10, 9]
     t = 3: count   4512337  first n =       30  orbit [30, 27, 10, 9]
     t = 4: count    160480  first n =       24  orbit [24, 30, 27, 10, 9]
     t = 5: count   1016192  first n =       60  orbit [60, 54, 30, 27, 10, 9]
     t = 6: count    458414  first n =       72  orbit [72, 60, 54, 30, 27, 10, 9]
     t = 7: count    546582  first n =      180  orbit [180, 108, 60, 54, 30, 27, 10, 9]
     t = 8: count    148503  first n =      360  orbit [360, 180, 108, 60, 54, 30, 27, 10, 9]
     t = 9: count    121494  first n =     1800  orbit [1800, 360, 180, 108, 60, 54, 30, 27, 10, 9]
     t = 10: count     10258  first n =    37800  orbit [37800, 1800, 360, 180, 108, 60, 54, 30, 27, 10, 9]
     mean transient length over n <= N: 3.134462

   distribution of t(n) inside each basin (n <= N):
          fixed 3: t=0:1, t=1:664578, t=2:0, t=3:0, t=4:0, t=5:0, t=6:0, t=7:0, t=8:0, t=9:0, t=10:0
         fixed 18: t=0:1, t=1:357565, t=2:97183, t=3:1034166, t=4:5105, t=5:387, t=6:0, t=7:0, t=8:0, t=9:0, t=10:0
         fixed 36: t=0:1, t=1:878, t=2:1130, t=3:779, t=4:10868, t=5:354, t=6:0, t=7:0, t=8:0, t=9:0, t=10:0
      cycle {6,9}: t=0:2, t=1:1904322, t=2:78, t=3:3477392, t=4:144507, t=5:1015451, t=6:458414, t=7:546582, t=8:148503, t=9:121494, t=10:10258

   F(n) = 36 for 879 values n <= N; prime signatures: {(2, 2): 875, (7,): 4}
     (36 = T_8 gives p^7; 36 = T_3 * T_3 gives p^2 q^2; no other product of triangular numbers > 1 is 36)

==============================================================================
[C] least n of each transient length among all n < 1e+40 (via prime signatures, A025487)
==============================================================================
   least-of-signature numbers below limit: 5754126   (12.2s)
     t = 0: least n = 1  signature ()
            orbit: [1]
     t = 1: least n = 2  signature (1,)
            orbit: [2, 3]
     t = 2: least n = 8  signature (3,)
            orbit: [8, 10, 9]
     t = 3: least n = 30  signature (1, 1, 1)
            orbit: [30, 27, 10, 9]
     t = 4: least n = 24  signature (3, 1)
            orbit: [24, 30, 27, 10, 9]
     t = 5: least n = 60  signature (2, 1, 1)
            orbit: [60, 54, 30, 27, 10, 9]
     t = 6: least n = 72  signature (3, 2)
            orbit: [72, 60, 54, 30, 27, 10, 9]
     t = 7: least n = 180  signature (2, 2, 1)
            orbit: [180, 108, 60, 54, 30, 27, 10, 9]
     t = 8: least n = 360  signature (3, 2, 1)
            orbit: [360, 180, 108, 60, 54, 30, 27, 10, 9]
     t = 9: least n = 1800  signature (3, 2, 2)
            orbit: [1800, 360, 180, 108, 60, 54, 30, 27, 10, 9]
     t = 10: least n = 37800  signature (3, 3, 2, 1)
            orbit: [37800, 1800, 360, 180, 108, 60, 54, 30, 27, 10, 9]
     t = 11: least n = 49896000  signature (6, 4, 3, 1, 1)
            orbit: [49896000, 37800, 1800, 360, 180, 108, 60, 54, 30, 27, 10, 9]
     t = 12: least n = 105700299921216000  signature (9, 6, 3, 3, 2, 2, 1, 1)
            orbit: [105700299921216000, 49896000, 37800, 1800, 360, 180, 108, 60, 54, 30, 27, 10, 9]
   (t is unbounded? not settled here; see README, open questions)

wrote q51_q52_tau3_dynamics.json
