==============================================================================
tau_k family: the role of 36 = T_3^2 = 1^3 + 2^3 + 3^3
==============================================================================
[0] tau_k(p^2 q^2) = C(k+1,2)^2 = sum_{i<=k} i^3, k < 500: True
    direct: tau_3(36) = 36 ; tau_5(225) = 225 ; tau_4(100) = 100 ; tau_7(2^2*3^2) = 784 = T_7^2 = 784

[1] k in [2,3000] with tau_k(T_k^2) = T_k^2 : [3, 4, 5, 6, 10, 13, 22, 37, 46, 58, 61, 73, 82, 106, 157, 166, 178, 193, 226, 262, 277, 313, 346, 358, 382] ... 94 values
    k in [2,3000] with T_k a squarefree semiprime: [3, 4, 5, 6, 10, 13, 22, 37, 46, 58, 61, 73, 82, 106, 157, 166, 178, 193, 226, 262, 277, 313, 346, 358, 382] ... 94 values
    the two sets coincide: True
    the fixed points T_k^2 : [36, 100, 225, 441, 3025, 8281, 64009, 494209, 1168561, 2927521]

[2] (k, a) with B = C(a+k-1, a) squarefree with exactly a prime factors (=> B^a fixed by tau_k)
    k= 2 a=1: B = 2 = 2,  fixed point B^a = 2
    k= 3 a=1: B = 3 = 3,  fixed point B^a = 3
    k= 3 a=2: B = 6 = 2*3,  fixed point B^a = 36
    k= 4 a=2: B = 10 = 2*5,  fixed point B^a = 100
    k= 5 a=1: B = 5 = 5,  fixed point B^a = 5
    k= 5 a=2: B = 15 = 3*5,  fixed point B^a = 225
    k= 6 a=2: B = 21 = 3*7,  fixed point B^a = 441
    k= 7 a=1: B = 7 = 7,  fixed point B^a = 7
    k= 7 a=4: B = 210 = 2*3*5*7,  fixed point B^a = 1944810000
    k= 8 a=4: B = 330 = 2*3*5*11,  fixed point B^a = 11859210000
    k= 9 a=3: B = 165 = 3*5*11,  fixed point B^a = 4492125
    k=10 a=2: B = 55 = 5*11,  fixed point B^a = 3025
    k=11 a=1: B = 11 = 11,  fixed point B^a = 11
    k=11 a=3: B = 286 = 2*11*13,  fixed point B^a = 23393656
    k=12 a=4: B = 1365 = 3*5*7*13,  fixed point B^a = 3471607400625
    k=13 a=3: B = 455 = 5*7*13,  fixed point B^a = 94196375
    k=17 a=3: B = 969 = 3*17*19,  fixed point B^a = 909853209
    k=17 a=4: B = 4845 = 3*5*17*19,  fixed point B^a = 551029849700625
    k=19 a=4: B = 7315 = 5*7*11*19,  fixed point B^a = 2863237160100625
    k=20 a=4: B = 8855 = 5*7*11*23,  fixed point B^a = 6148288841550625
    k=21 a=3: B = 1771 = 7*11*23,  fixed point B^a = 5554637011
    k=21 a=6: B = 230230 = 2*5*7*11*13*23,  fixed point B^a = 148926327835274206698369889000000
    k=28 a=4: B = 31465 = 5*7*29*31,  fixed point B^a = 980191527636750625
    k=29 a=3: B = 4495 = 5*29*31,  fixed point B^a = 90821587375
    k=33 a=6: B = 2760681 = 3*7*11*17*19*37,  fixed point B^a = 442687600504488324858175763505227340081
    k=34 a=6: B = 3262623 = 3*7*13*17*19*37,  fixed point B^a = 1206150109594571559669899314146621466689
    k=37 a=3: B = 9139 = 13*19*37,  fixed point B^a = 763301352619
    k=37 a=5: B = 749398 = 2*13*19*37*41,  fixed point B^a = 236353832352676888407391151968
    k=37 a=6: B = 5245786 = 2*7*13*19*37*41,  fixed point B^a = 20838354328047541463067838049106418294336
    k=38 a=6: B = 6096454 = 2*7*13*19*41*43,  fixed point B^a = 51340938998492006760153525638024315192896
    k=41 a=3: B = 12341 = 7*41*43,  fixed point B^a = 1879537767821
    k=41 a=4: B = 135751 = 7*11*41*43,  fixed point B^a = 339603494052412668001
    k=41 a=6: B = 9366819 = 3*7*11*23*41*43,  fixed point B^a = 675387112392509532130605791750565437325081
    k=42 a=6: B = 10737573 = 3*7*11*23*43*47,  fixed point B^a = 1532628074153117224932252593168697307001289
    k=43 a=5: B = 1533939 = 3*11*23*43*47,  fixed point B^a = 8492595652604654331016395873699
    k=46 a=8: B = 886322710 = 2*5*7*13*17*23*47*53,  fixed point B^a = 380833389459843145731704085004886318177123270925387282067148736100000000
    k=46 a=10: B = 29248649430 = 2*3*5*7*11*13*17*23*47*53,  fixed point B^a = 458203256364360952615155938469615687602004728038468150105255148432532019642376682905028088412490000000000
    k=54 a=9: B = 20286591270 = 2*3*5*11*19*29*31*59*61,  fixed point B^a = 581944694238488989654081266727937780392127086382241328601856059984505431383952608887000000000
    k=57 a=3: B = 32509 = 19*29*59,  fixed point B^a = 34356651648229
    k=57 a=5: B = 5949147 = 3*19*29*59*61,  fixed point B^a = 7452011237307202253270476336830507
    k=58 a=4: B = 521855 = 5*29*59*61,  fixed point B^a = 74165067367651513050625
    k=58 a=5: B = 6471002 = 2*29*31*59*61,  fixed point B^a = 11346389036560060912164347797680032
    k=58 a=6: B = 67945521 = 3*7*29*31*59*61,  fixed point B^a = 98393180413177119882449220411720379270646489121
    k=59 a=4: B = 557845 = 5*31*59*61,  fixed point B^a = 96839865881369488200625
    (61 pairs with k <= 60, a <= 10; a = 1 is 'k prime, fixed point k'; a = 2 is [1])

[3] k and q = (k+1)/2 both prime: attractors k, q k^2, (q k)^2 and the 2-cycle {q k, k^2}
    such k < 400: [3, 5, 13, 37, 61, 73, 157, 193, 277, 313, 397]
    k=  3, q=  2: fixed 3, 18, 36; cycle {6, 9} : True
    k=  5, q=  3: fixed 5, 75, 225; cycle {15, 25} : True
    k= 13, q=  7: fixed 13, 1183, 8281; cycle {91, 169} : True
    k= 37, q= 19: fixed 37, 26011, 494209; cycle {703, 1369} : True
    k= 61, q= 31: fixed 61, 115351, 3575881; cycle {1891, 3721} : True
    k= 73, q= 37: fixed 73, 197173, 7295401; cycle {2701, 5329} : True
    k=157, q= 79: fixed 157, 1947271, 153834409; cycle {12403, 24649} : True
    k=193, q= 97: fixed 193, 3613153, 350475841; cycle {18721, 37249} : True
    k = 3: {3, 18, 36, {6,9}};  k = 5: {5, 75, 225, {15,25}}  -- with 1, the complete lists (q51_q52 log).
    k = 13: {13, 1183, 8281, {91,169}} exist; completeness for k = 13 NOT computed (E_13 is huge).

[4] k = 3 in exponent coordinates (the grid of 2^a 3^b):
    a=0: = = < < <     (F(2^a 3^b) vs 2^a 3^b for b = 0..4)
    a=1: > > = < <     (F(2^a 3^b) vs 2^a 3^b for b = 0..4)
    a=2: > > = < <     (F(2^a 3^b) vs 2^a 3^b for b = 0..4)
    a=3: > > < < <     (F(2^a 3^b) vs 2^a 3^b for b = 0..4)
    a=4: < < < < <     (F(2^a 3^b) vs 2^a 3^b for b = 0..4)
    a=5: < < < < <     (F(2^a 3^b) vs 2^a 3^b for b = 0..4)
    a=6: < < < < <     (F(2^a 3^b) vs 2^a 3^b for b = 0..4)
    a=7: < < < < <     (F(2^a 3^b) vs 2^a 3^b for b = 0..4)
    a=8: < < < < <     (F(2^a 3^b) vs 2^a 3^b for b = 0..4)

wrote q51b_tau_k_family.json
