N = 30000000; spf sieve done, 1857859 primes   [0 s]
F (additive definition) and phi (multiplicative) built   [2 s]
phi agrees with sympy.totient on 300 random n and the fibre of 36;  F(1..40) = A064415
H by DP built; H(1..40) = A003434   [3 s]

Q4.2-a.  H(n) = F(n) + [n odd] for 2 <= n <= N: failures 0;  H(1) = 0, F(1) = 0 (n = 1 is the exception: odd, H = F)
  2^F(n) <= n <= 3^F(n), 1 <= n <= N: violations 0, 0   (max F = 24, 3^maxF fits int64: True)
  equality 2^F = n: 25 values, all powers of 2: True; every power of 2 <= N present: True
  equality 3^F = n: 16 values, all powers of 3: True; every power of 3 <= N present: True
  Lemma 3, even case n <= 2*3^(F-1): violations 0
  Pillai: 2^(H-1) < n <= 2*3^(H-1), 2 <= n <= N: violations 0
  largest n with H = h equals 2*3^(h-1) for every h with 2*3^(h-1) <= N (h = 1..16): True
  least n of each class h = 0..25: [1, 2, 3, 5, 11, 17, 41, 83, 137, 257, 641, 1097, 2329, 4369, 10537, 17477, 35209, 65537, 140417, 281929, 557057, 1114129, 2384897, 4227137, 8978569, 16843009]
  equals OEIS A007755 (26 terms): True
  Shapiro C(mn) = C(m) + C(n) + [both even], C = H - 1, 3*10^6 random pairs m, n >= 2: failures 0
  EDGE m = 1: C(1) = H(1) - 1 = -1;  C(1*n) = C(n) but C(1) + C(n) = C(n) - 1: the formula FAILS at m = 1
       unless C(1) := 0 (Shapiro's own convention C(1) = C(2) = 0).  README must say m, n >= 2 or C(1) = 0.
  mean F(n)/ln n on [10^6, 10^7): 1.2157;  on [10^7, 3*10^7): 1.2161

Q4.2-b.  F(2^a 3^b) = a + b and H = a + b (a >= 1), b + 1 (a = 0, b >= 1) on 215 3-smooth x <= N: failures 0
  note H(3^b) = b + 1 != 0 + b: 'H is the L1 norm' fails on the axis a = 0; F is the L1 norm everywhere.
  with 5 in place of 3: F(5) = 2  F(2^a 5^b) = a + 2b (not the L1 norm);  F(7) = 2
  totient chain of 36: [36, 12, 4, 2, 1]

Q4.2-c.  odd step n -> (q n + c)/2 in the coordinate v = (q - 2) n + c:  v -> q v / 2 exactly.
  3x+1: F(v') - F(v) over 9999997 odd n: values [0]   (F(3) - F(2) = 0)
  3x-1: F(v') - F(v) over 9999997 odd n: values [0]   (F(3) - F(2) = 0)
  5x+1: F(v') - F(v) over 1999997 odd n: values [1]   (F(5) - F(2) = 1)
  5x-1: F(v') - F(v) over 1999997 odd n: values [1]   (F(5) - F(2) = 1)
  7x+1: F(v') - F(v) over 857140 odd n: values [1]   (F(7) - F(2) = 1)
  9x+1: F(v') - F(v) over 476188 odd n: values [1]   (F(9) - F(2) = 1)
  3x+5: F(v') - F(v) over 9999996 odd n: values [0]   (F(3) - F(2) = 0)
  3x+7: F(v') - F(v) over 9999995 odd n: values [0]   (F(3) - F(2) = 0)
  => conserved iff F(q) = 1 iff q = 3; the SIGN c and even the value of c (3x+5, 3x+7) are irrelevant.
  n with F(n) = 1, n <= N: [2, 3]
  negative odd n in [-200001, -3] under 3x+1, with F(|n + 1|): failures 0   (n = -1 gives v = 0, F undefined)
  F(n+1) therefore cannot tell 3x+1 from 3x-1, nor positive from negative n.
  control: g(v) = v_2(v) + v_3(v) is conserved by the odd step too: failures 0 -- the invariant does not need the totient.
  even step, F(n/2 + 1) - F(n + 1), even n < 10^7: mean -0.6915, sd 1.2668

done in 8 s
