arrays built [3 s]
odd n in (10000000, 20000000]: 5000000 numbers; 12 shuffles per configuration
  bins = size bins per octave;  strata = (size bin, n mod 2^k);  excess in bits, z in brackets
  bins    k   variable               vs sig_inf (raw)        vs sig_inf (32 quantiles)   vs sigma
   256    8   F(n)                   +4.95e-05 ( +1.5)       -2.77e-05 ( -0.9)           -4.05e-07 ( -0.1)
   256    8   placebo F(n+2^17)      +4.43e-05 ( +1.1)       +2.08e-06 ( +0.1)           +1.71e-06 ( +0.4)
   256    8   F(n+1)                 +1.45e-04 ( +5.2)       +9.46e-05 ( +2.6)           +7.88e-05 ( +5.2)
   256    8   placebo F(n+1+2^17)    +1.14e-04 ( +1.9)       +1.19e-04 ( +2.2)           +7.48e-05 ( +7.7)
       [32768 strata, mean size 152.6; 31 s]
  1024    8   F(n)                   +3.08e-05 ( +0.8)       -2.66e-05 ( -0.7)           -3.30e-06 ( -0.7)
  1024    8   placebo F(n+2^17)      +1.96e-05 ( +0.7)       +4.23e-05 ( +1.0)           +1.78e-06 ( +0.5)
  1024    8   F(n+1)                 +1.47e-04 ( +4.3)       +1.20e-04 ( +4.3)           +7.56e-05 ( +4.7)
  1024    8   placebo F(n+1+2^17)    +9.15e-05 ( +2.2)       +1.06e-04 ( +2.1)           +7.12e-05 ( +5.0)
       [131072 strata, mean size 38.1; 57 s]
  4096    8   F(n)                   +8.04e-05 ( +2.9)       -1.57e-05 ( -0.4)           -3.20e-06 ( -0.8)
  4096    8   placebo F(n+2^17)      +3.00e-05 ( +0.8)       +2.04e-05 ( +0.6)           -1.78e-06 ( -0.4)
  4096    8   F(n+1)                 +9.86e-05 ( +3.6)       +7.67e-05 ( +1.5)           +7.50e-05 ( +4.5)
  4096    8   placebo F(n+1+2^17)    +9.97e-05 ( +3.7)       +1.25e-04 ( +2.3)           +7.06e-05 ( +3.8)
       [524288 strata, mean size 9.5; 82 s]
   256   12   F(n)                   +6.07e-05 ( +1.4)       -1.02e-05 ( -0.3)           -1.37e-08 ( -0.0)
   256   12   placebo F(n+2^17)      +2.06e-05 ( +0.7)       +3.60e-06 ( +0.1)           +2.18e-06 ( +0.6)
   256   12   F(n+1)                 +1.53e-04 ( +2.5)       +8.52e-05 ( +1.2)           +2.20e-06 ( +0.5)
   256   12   placebo F(n+1+2^17)    +9.91e-05 ( +2.1)       +8.72e-05 ( +2.2)           +8.00e-06 ( +0.8)
       [524288 strata, mean size 9.5; 108 s]
  1024   12   F(n)                   -1.71e-05 ( -0.6)       +1.63e-06 ( +0.1)           -4.08e-07 ( -0.1)
  1024   12   placebo F(n+2^17)      -5.71e-06 ( -0.2)       +4.14e-05 ( +1.5)           +9.07e-07 ( +0.2)
  1024   12   F(n+1)                 +9.18e-05 ( +4.7)       +3.04e-05 ( +1.1)           +1.56e-06 ( +0.2)
  1024   12   placebo F(n+1+2^17)    +6.30e-05 ( +1.6)       +4.10e-05 ( +0.9)           +5.56e-06 ( +0.5)
       [2097152 strata, mean size 2.4; 135 s]
  1024    4   F(n)                   +4.71e-05 ( +1.2)       -3.63e-05 ( -0.9)           -2.32e-06 ( -0.5)
  1024    4   placebo F(n+2^17)      +7.28e-06 ( +0.3)       +1.70e-05 ( +0.3)           +6.52e-06 ( +1.2)
  1024    4   F(n+1)                 +2.64e-04 ( +5.8)       +3.00e-04 ( +5.4)           +1.57e-03 (+42.8)
  1024    4   placebo F(n+1+2^17)    +2.13e-04 ( +5.0)       +2.94e-04 ( +4.6)           +1.57e-03 (+59.7)
       [8192 strata, mean size 610.4; 164 s]

done in 164 s
