N=  5p phi   4 ord2   4 ord3   4 (m,t,idx)=(1,3,1) | x^1(geo 1) | cos j:{5: 1, 6: 1} | circle obs {'Phi_1': 1} pred {'Phi_1': 1} | g deg 4 factors [(1, 1), (1, 1), (2, 1)] low [('y**2 + y - 1', 1)] | non-Kronecker deg 0 [0.0s]
N=  7p phi   6 ord2   3 ord3   6 (m,t,idx)=(1,2,1) | x^1(geo 1) | cos j:{3: 1} | circle obs {'Phi_2': 1} pred {'Phi_2': 1} | g deg 6 factors [(1, 1), (1, 1), (4, 1)] | non-Kronecker deg 4 [0.0s]
N= 11p phi  10 ord2  10 ord3   5 (m,t,idx)=(2,4,1) | x^0(geo 0) | cos j:{3: 1, 6: 1} | circle obs {'Phi_1': 1, 'Phi_2': 1} pred {} EXTRA {'Phi_1': 1, 'Phi_2': 1} | g deg 5 factors [(1, 1), (4, 1)] | non-Kronecker deg 8 [0.0s]
N= 13p phi  12 ord2  12 ord3   3 (m,t,idx)=(4,1,1) | x^0(geo 0) | cos j:{} | circle obs {} pred {} | g deg 3 factors [(3, 1)] low [('y**3 - 2*y**2 + 11*y - 16', 1)] | non-Kronecker deg 12 [0.0s]
N= 17p phi  16 ord2   8 ord3  16 (m,t,idx)=(1,14,1) | x^1(geo 1) | cos j:{3: 1} | circle obs {'Phi_2': 1} pred {'Phi_2': 1} | g deg 16 factors [(1, 1), (1, 1), (14, 1)] | non-Kronecker deg 14 [0.0s]
N= 19p phi  18 ord2  18 ord3  18 (m,t,idx)=(1,7,1) | x^1(geo 1) | cos j:{6: 1} | circle obs {'Phi_1': 1} pred {'Phi_1': 1} | g deg 18 factors [(1, 1), (1, 1), (16, 1)] | non-Kronecker deg 16 [0.0s]
N= 23p phi  22 ord2  11 ord3  11 (m,t,idx)=(1,7,2) | x^0(geo 0) | cos j:{} | circle obs {} pred {} | g deg 22 factors [(22, 1)] | non-Kronecker deg 22 [0.0s]
N= 25c phi  20 ord2  20 ord3  20 (m,t,idx)=(1,3,1) | x^2(geo 1) | cos j:{6: 1} | circle obs {'Phi_1': 1} pred {'Phi_1': 1} | g deg 20 factors [(1, 1), (1, 2), (17, 1)] | non-Kronecker deg 17 [0.0s]
N= 29p phi  28 ord2  28 ord3  28 (m,t,idx)=(1,17,1) | x^1(geo 1) | cos j:{6: 1} | circle obs {'Phi_1': 1} pred {'Phi_1': 1} | g deg 28 factors [(1, 1), (1, 1), (26, 1)] | non-Kronecker deg 26 [0.0s]
N= 31p phi  30 ord2   5 ord3  30 (m,t,idx)=(1,24,1) | x^1(geo 1) | cos j:{3: 1, 6: 1} | circle obs {'Phi_1': 1, 'Phi_2': 1} pred {'Phi_2': 1} EXTRA {'Phi_1': 1} | g deg 30 factors [(1, 1), (1, 1), (1, 1), (27, 1)] | non-Kronecker deg 27 [0.0s]
N= 35c phi  24 ord2  12 ord3  12 (m,t,idx)=(2,10,1) | x^2(geo 2) | cos j:{3: 1, 6: 1} | circle obs {'Phi_1': 1, 'Phi_2': 1} pred {'Phi_1': 1, 'Phi_2': 1} | g deg 12 factors [(1, 1), (1, 1), (10, 1)] | non-Kronecker deg 20 [0.0s]
N= 37p phi  36 ord2  36 ord3  18 (m,t,idx)=(2,7,1) | x^2(geo 2) | cos j:{3: 2, 6: 2} | circle obs {'Phi_4': 1, 'Phi_1': 2, 'Phi_2': 2} pred {'Phi_4': 1} EXTRA {'Phi_1': 2, 'Phi_2': 2} | g deg 18 factors [(1, 1), (1, 1), (1, 2), (14, 1)] | non-Kronecker deg 28 [0.0s]
N= 41p phi  40 ord2  20 ord3   8 (m,t,idx)=(5,6,1) | x^5(geo 5) | cos j:{3: 1} | circle obs {'Phi_10': 1, 'Phi_2': 1} pred {'Phi_2': 1, 'Phi_10': 1} | BINOMIAL (2lam)^5 = {-3: 1} | g deg 8 factors [(1, 1), (1, 1), (1, 1), (5, 1)] | non-Kronecker deg 30 [0.0s]
N= 43p phi  42 ord2  14 ord3  42 (m,t,idx)=(1,27,1) | x^1(geo 1) | cos j:{6: 1} | circle obs {'Phi_1': 1} pred {'Phi_1': 1} | g deg 42 factors [(1, 1), (1, 1), (40, 1)] | non-Kronecker deg 40 [0.0s]
N= 47p phi  46 ord2  23 ord3  23 (m,t,idx)=(1,17,2) | x^0(geo 0) | cos j:{} | circle obs {} pred {} | g deg 46 factors [(46, 1)] | non-Kronecker deg 46 [0.0s]
N= 49c phi  42 ord2  21 ord3  42 (m,t,idx)=(1,26,1) | x^2(geo 1) | cos j:{3: 1} | circle obs {'Phi_2': 1} pred {'Phi_2': 1} | g deg 42 factors [(1, 1), (1, 2), (39, 1)] | non-Kronecker deg 39 [0.0s]
N= 53p phi  52 ord2  52 ord3  52 (m,t,idx)=(1,49,1) | x^1(geo 1) | cos j:{6: 1} | circle obs {'Phi_1': 1} pred {'Phi_1': 1} | g deg 52 factors [(1, 1), (1, 1), (50, 1)] | non-Kronecker deg 50 [0.1s]
N= 55c phi  40 ord2  20 ord3  20 (m,t,idx)=(2,14,1) | x^2(geo 2) | cos j:{3: 1, 6: 1} | circle obs {'Phi_1': 1, 'Phi_2': 1} pred {'Phi_1': 1, 'Phi_2': 1} | g deg 20 factors [(1, 1), (1, 1), (18, 1)] | non-Kronecker deg 36 [0.0s]
N= 59p phi  58 ord2  58 ord3  29 (m,t,idx)=(2,7,1) | x^0(geo 0) | cos j:{} | circle obs {} pred {} | g deg 29 factors [(29, 1)] | non-Kronecker deg 58 [0.0s]
N= 61p phi  60 ord2  60 ord3  10 (m,t,idx)=(6,1,1) | x^6(geo 6) | cos j:{} | circle obs {'Phi_4': 1, 'Phi_12': 1} pred {'Phi_4': 1, 'Phi_12': 1} | g deg 10 factors [(1, 1), (1, 1), (8, 1)] | non-Kronecker deg 48 [0.0s]
N= 65c phi  48 ord2  12 ord3  12 (m,t,idx)=(4,4,1) | x^4(geo 4) | cos j:{3: 1, 6: 1} | circle obs {'Phi_4': 1, 'Phi_1': 1, 'Phi_2': 1} pred {'Phi_1': 1, 'Phi_2': 1, 'Phi_4': 1} | g deg 12 factors [(1, 1), (1, 1), (10, 1)] | non-Kronecker deg 40 [0.0s]
N= 67p phi  66 ord2  66 ord3  22 (m,t,idx)=(3,17,1) | x^3(geo 3) | cos j:{6: 1} | circle obs {'Phi_3': 1, 'Phi_1': 1} pred {'Phi_1': 1, 'Phi_3': 1} | g deg 22 factors [(1, 1), (1, 1), (20, 1)] | non-Kronecker deg 60 [0.0s]
N= 71p phi  70 ord2  35 ord3  35 (m,t,idx)=(1,11,2) | x^0(geo 0) | cos j:{} | circle obs {} pred {} | g deg 70 factors [(70, 1)] | non-Kronecker deg 70 [0.1s]
N= 73p phi  72 ord2   9 ord3  12 (m,t,idx)=(3,4,2) | x^6(geo 6) | cos j:{3: 2} | circle obs {'Phi_6': 2, 'Phi_2': 2} pred {'Phi_2': 2, 'Phi_6': 2} | g deg 24 factors [(1, 2), (1, 2), (20, 1)] | non-Kronecker deg 60 [0.0s]
N= 77c phi  60 ord2  30 ord3  30 (m,t,idx)=(2,4,1) | x^2(geo 2) | cos j:{3: 1, 6: 1} | circle obs {'Phi_1': 1, 'Phi_2': 1} pred {'Phi_1': 1, 'Phi_2': 1} | g deg 30 factors [(1, 1), (1, 1), (28, 1)] | non-Kronecker deg 56 [0.0s]
N= 79p phi  78 ord2  39 ord3  78 (m,t,idx)=(1,4,1) | x^1(geo 1) | cos j:{3: 1} | circle obs {'Phi_2': 1} pred {'Phi_2': 1} | g deg 78 factors [(1, 1), (1, 1), (76, 1)] | non-Kronecker deg 76 [0.1s]
N= 83p phi  82 ord2  82 ord3  41 (m,t,idx)=(2,8,1) | x^0(geo 0) | cos j:{} | circle obs {} pred {} | g deg 41 factors [(41, 1)] | non-Kronecker deg 82 [0.1s]
N= 85c phi  64 ord2   8 ord3  16 (m,t,idx)=(4,8,1) | x^4(geo 4) | cos j:{3: 1, 6: 1} | circle obs {'Phi_4': 1, 'Phi_1': 1, 'Phi_2': 1} pred {'Phi_1': 1, 'Phi_2': 1, 'Phi_4': 1} | g deg 16 factors [(1, 1), (1, 1), (14, 1)] | non-Kronecker deg 56 [0.0s]
N= 89p phi  88 ord2  11 ord3  88 (m,t,idx)=(1,16,1) | x^1(geo 1) | cos j:{3: 1} | circle obs {'Phi_2': 1} pred {'Phi_2': 1} | g deg 88 factors [(1, 1), (1, 1), (86, 1)] | non-Kronecker deg 86 [0.2s]
N= 91c phi  72 ord2  12 ord3   6 (m,t,idx)=(12,0,1) | x^12(geo 12) | cos j:{3: 1, 6: 1} | circle obs {'Phi_3': 1, 'Phi_4': 1, 'Phi_6': 1, 'Phi_12': 1, 'Phi_1': 1, 'Phi_2': 1} pred {'Phi_1': 1, 'Phi_2': 1, 'Phi_3': 1, 'Phi_4': 1, 'Phi_6': 1, 'Phi_12': 1} | g deg 6 factors [(1, 1), (1, 1), (4, 1)] | non-Kronecker deg 48 [0.0s]
N= 95c phi  72 ord2  36 ord3  36 (m,t,idx)=(1,7,2) | x^2(geo 2) | cos j:{6: 2} | circle obs {'Phi_1': 2} pred {'Phi_1': 2} | g deg 72 factors [(1, 2), (1, 2), (68, 1)] | non-Kronecker deg 68 [0.1s]
N= 97p phi  96 ord2  48 ord3  48 (m,t,idx)=(1,43,2) | x^2(geo 2) | cos j:{6: 2} | circle obs {'Phi_1': 2} pred {'Phi_1': 2} | g deg 96 factors [(1, 2), (1, 2), (92, 1)] | non-Kronecker deg 92 [0.3s]
N=101p phi 100 ord2 100 ord3 100 (m,t,idx)=(1,29,1) | x^1(geo 1) | cos j:{6: 1} | circle obs {'Phi_1': 1} pred {'Phi_1': 1} | g deg 100 factors [(1, 1), (1, 1), (98, 1)] | non-Kronecker deg 98 [0.3s]
N=103p phi 102 ord2  51 ord3  34 (m,t,idx)=(3,6,1) | x^3(geo 3) | cos j:{3: 1} | circle obs {'Phi_6': 1, 'Phi_2': 1} pred {'Phi_2': 1, 'Phi_6': 1} | g deg 34 factors [(1, 1), (1, 1), (32, 1)] | non-Kronecker deg 96 [0.1s]
N=107p phi 106 ord2 106 ord3  53 (m,t,idx)=(2,50,1) | x^0(geo 0) | cos j:{} | circle obs {} pred {} | g deg 53 factors [(53, 1)] | non-Kronecker deg 106 [0.1s]
N=109p phi 108 ord2  36 ord3  27 (m,t,idx)=(4,21,1) | x^0(geo 0) | cos j:{} | circle obs {} pred {} | g deg 27 factors [(27, 1)] | non-Kronecker deg 108 [0.2s]
N=113p phi 112 ord2  28 ord3 112 (m,t,idx)=(1,12,1) | x^1(geo 1) | cos j:{3: 1} | circle obs {'Phi_2': 1} pred {'Phi_2': 1} | g deg 112 factors [(1, 1), (1, 1), (110, 1)] | non-Kronecker deg 110 [0.5s]
N=115c phi  88 ord2  44 ord3  44 (m,t,idx)=(1,7,2) | x^2(geo 2) | cos j:{6: 2} | circle obs {'Phi_1': 2} pred {'Phi_1': 2} | g deg 88 factors [(1, 2), (1, 2), (84, 1)] | non-Kronecker deg 84 [0.3s]
N=119c phi  96 ord2  24 ord3  48 (m,t,idx)=(1,14,2) | x^2(geo 2) | cos j:{3: 2} | circle obs {'Phi_2': 2} pred {'Phi_2': 2} | g deg 96 factors [(1, 2), (1, 2), (92, 1)] | non-Kronecker deg 92 [0.5s]
N=121c phi 110 ord2 110 ord3   5 (m,t,idx)=(22,4,1) | x^0(geo 0) | cos j:{} | circle obs {} pred {} | g deg 5 factors [(5, 1)] | non-Kronecker deg 110 [0.2s]
N=125c phi 100 ord2 100 ord3 100 (m,t,idx)=(1,43,1) | x^2(geo 1) | cos j:{6: 1} | circle obs {'Phi_1': 1} pred {'Phi_1': 1} | g deg 100 factors [(1, 1), (1, 2), (97, 1)] | non-Kronecker deg 97 [0.4s]
N=127p phi 126 ord2   7 ord3 126 (m,t,idx)=(1,72,1) | x^1(geo 1) | cos j:{3: 1} | circle obs {'Phi_2': 1} pred {'Phi_2': 1} | g deg 126 factors [(1, 1), (1, 1), (124, 1)] | non-Kronecker deg 124 [0.8s]
N=131p phi 130 ord2 130 ord3  65 (m,t,idx)=(2,56,1) | x^0(geo 0) | cos j:{} | circle obs {} pred {} | g deg 65 factors [(65, 1)] | non-Kronecker deg 130 [0.3s]
N=133c phi 108 ord2  18 ord3  18 (m,t,idx)=(6,6,1) | x^6(geo 6) | cos j:{3: 1, 6: 1} | circle obs {'Phi_3': 1, 'Phi_6': 1, 'Phi_1': 1, 'Phi_2': 1} pred {'Phi_1': 1, 'Phi_2': 1, 'Phi_3': 1, 'Phi_6': 1} | g deg 18 factors [(1, 1), (1, 1), (16, 1)] | non-Kronecker deg 96 [0.2s]
N=137p phi 136 ord2  68 ord3 136 (m,t,idx)=(1,10,1) | x^1(geo 1) | cos j:{3: 1} | circle obs {'Phi_2': 1} pred {'Phi_2': 1} | g deg 136 factors [(1, 1), (1, 1), (134, 1)] | non-Kronecker deg 134 [1.1s]
N=139p phi 138 ord2 138 ord3 138 (m,t,idx)=(1,101,1) | x^1(geo 1) | cos j:{6: 1} | circle obs {'Phi_1': 1} pred {'Phi_1': 1} | g deg 138 factors [(1, 1), (1, 1), (136, 1)] | non-Kronecker deg 136 [1.2s]
N=143c phi 120 ord2  60 ord3  15 (m,t,idx)=(4,13,2) | x^0(geo 0) | cos j:{} | circle obs {} pred {} | g deg 30 factors [(30, 1)] | non-Kronecker deg 120 [0.2s]
N=145c phi 112 ord2  28 ord3  28 (m,t,idx)=(2,6,2) | x^4(geo 4) | cos j:{3: 2, 6: 2} | circle obs {'Phi_1': 2, 'Phi_2': 2} pred {'Phi_1': 2, 'Phi_2': 2} | g deg 56 factors [(1, 2), (1, 2), (52, 1)] | non-Kronecker deg 104 [0.2s]
N=149p phi 148 ord2 148 ord3 148 (m,t,idx)=(1,131,1) | x^1(geo 1) | cos j:{6: 1} | circle obs {'Phi_1': 1} pred {'Phi_1': 1} | g deg 148 factors [(1, 1), (1, 1), (146, 1)] | non-Kronecker deg 146 [1.2s]
N=151p phi 150 ord2  15 ord3  50 (m,t,idx)=(3,10,1) | x^3(geo 3) | cos j:{3: 1} | circle obs {'Phi_6': 1, 'Phi_2': 1} pred {'Phi_2': 1, 'Phi_6': 1} | g deg 50 factors [(1, 1), (1, 1), (48, 1)] | non-Kronecker deg 144 [0.3s]
N=155c phi 120 ord2  20 ord3  60 (m,t,idx)=(2,18,1) | x^2(geo 2) | cos j:{3: 1, 6: 1} | circle obs {'Phi_1': 1, 'Phi_2': 1} pred {'Phi_1': 1, 'Phi_2': 1} | g deg 60 factors [(1, 1), (1, 1), (58, 1)] | non-Kronecker deg 116 [0.3s]
N=157p phi 156 ord2  52 ord3  78 (m,t,idx)=(2,51,1) | x^2(geo 2) | cos j:{} | circle obs {'Phi_4': 1} pred {'Phi_4': 1} | g deg 78 factors [(1, 1), (1, 1), (76, 1)] | non-Kronecker deg 152 [0.4s]
N=161c phi 132 ord2  33 ord3  66 (m,t,idx)=(1,62,2) | x^2(geo 2) | cos j:{3: 2} | circle obs {'Phi_2': 2} pred {'Phi_2': 2} | g deg 132 factors [(1, 2), (1, 2), (128, 1)] | non-Kronecker deg 128 [0.9s]
N=163p phi 162 ord2 162 ord3 162 (m,t,idx)=(1,77,1) | x^1(geo 1) | cos j:{6: 1} | circle obs {'Phi_1': 1} pred {'Phi_1': 1} | g deg 162 factors [(1, 1), (1, 1), (160, 1)] | non-Kronecker deg 160 [2.2s]
N=167p phi 166 ord2  83 ord3  83 (m,t,idx)=(1,64,2) | x^0(geo 0) | cos j:{} | circle obs {} pred {} | g deg 166 factors [(166, 1)] | non-Kronecker deg 166 [2.7s]
N=169c phi 156 ord2 156 ord3  39 (m,t,idx)=(4,34,1) | x^0(geo 0) | cos j:{} | circle obs {} pred {} | g deg 39 factors [(39, 1)] | non-Kronecker deg 156 [0.4s]
N=173p phi 172 ord2 172 ord3 172 (m,t,idx)=(1,51,1) | x^1(geo 1) | cos j:{6: 1} | circle obs {'Phi_1': 1} pred {'Phi_1': 1} | g deg 172 factors [(1, 1), (1, 1), (170, 1)] | non-Kronecker deg 170 [2.2s]
N=175c phi 120 ord2  60 ord3  60 (m,t,idx)=(2,46,1) | x^4(geo 2) | cos j:{3: 1, 6: 1} | circle obs {'Phi_1': 1, 'Phi_2': 1} pred {'Phi_1': 1, 'Phi_2': 1} | g deg 60 factors [(1, 1), (1, 2), (57, 1)] | non-Kronecker deg 114 [0.4s]
N=179p phi 178 ord2 178 ord3  89 (m,t,idx)=(2,61,1) | x^0(geo 0) | cos j:{} | circle obs {} pred {} | g deg 89 factors [(89, 1)] | non-Kronecker deg 178 [0.5s]
N=181p phi 180 ord2 180 ord3  45 (m,t,idx)=(4,29,1) | x^0(geo 0) | cos j:{} | circle obs {} pred {} | g deg 45 factors [(45, 1)] | non-Kronecker deg 180 [0.4s]
N=185c phi 144 ord2  36 ord3  36 (m,t,idx)=(4,32,1) | x^4(geo 4) | cos j:{3: 1, 6: 1} | circle obs {'Phi_4': 1, 'Phi_1': 1, 'Phi_2': 1} pred {'Phi_1': 1, 'Phi_2': 1, 'Phi_4': 1} | g deg 36 factors [(1, 1), (1, 1), (34, 1)] | non-Kronecker deg 136 [0.4s]
N=187c phi 160 ord2  40 ord3  80 (m,t,idx)=(2,44,1) | x^2(geo 2) | cos j:{3: 1, 6: 1} | circle obs {'Phi_1': 1, 'Phi_2': 1} pred {'Phi_1': 1, 'Phi_2': 1} | g deg 80 factors [(1, 1), (1, 1), (78, 1)] | non-Kronecker deg 156 [0.6s]
N=191p phi 190 ord2  95 ord3  95 (m,t,idx)=(1,79,2) | x^0(geo 0) | cos j:{} | circle obs {} pred {} | g deg 190 factors [(190, 1)] | non-Kronecker deg 190 [2.6s]
N=193p phi 192 ord2  96 ord3  16 (m,t,idx)=(6,7,2) | x^12(geo 12) | cos j:{} | circle obs {'Phi_4': 2, 'Phi_12': 2} pred {'Phi_4': 2, 'Phi_12': 2} | g deg 32 factors [(1, 2), (1, 2), (28, 1)] | non-Kronecker deg 168 [0.6s]
N=197p phi 196 ord2 196 ord3 196 (m,t,idx)=(1,13,1) | x^1(geo 1) | cos j:{6: 1} | circle obs {'Phi_1': 1} pred {'Phi_1': 1} | g deg 196 factors [(1, 1), (1, 1), (194, 1)] | non-Kronecker deg 194 [4.1s]
N=199p phi 198 ord2  99 ord3 198 (m,t,idx)=(1,106,1) | x^1(geo 1) | cos j:{3: 1} | circle obs {'Phi_2': 1} pred {'Phi_2': 1} | g deg 198 factors [(1, 1), (1, 1), (196, 1)] | non-Kronecker deg 196 [3.7s]
N=203c phi 168 ord2  84 ord3  84 (m,t,idx)=(2,34,1) | x^2(geo 2) | cos j:{3: 1, 6: 1} | circle obs {'Phi_1': 1, 'Phi_2': 1} pred {'Phi_1': 1, 'Phi_2': 1} | g deg 84 factors [(1, 1), (1, 1), (82, 1)] | non-Kronecker deg 164 [0.8s]
N=205c phi 160 ord2  20 ord3   8 (m,t,idx)=(20,0,1) | x^20(geo 20) | cos j:{3: 1, 6: 1} | circle obs {'Phi_4': 1, 'Phi_5': 1, 'Phi_10': 1, 'Phi_20': 1, 'Phi_1': 1, 'Phi_2': 1} pred {'Phi_1': 1, 'Phi_2': 1, 'Phi_4': 1, 'Phi_5': 1, 'Phi_10': 1, 'Phi_20': 1} | g deg 8 factors [(1, 1), (1, 1), (6, 1)] | non-Kronecker deg 120 [0.6s]
N=209c phi 180 ord2  90 ord3  90 (m,t,idx)=(2,14,1) | x^2(geo 2) | cos j:{3: 1, 6: 1} | circle obs {'Phi_1': 1, 'Phi_2': 1} pred {'Phi_1': 1, 'Phi_2': 1} | g deg 90 factors [(1, 1), (1, 1), (88, 1)] | non-Kronecker deg 176 [1.0s]
N=211p phi 210 ord2 210 ord3 210 (m,t,idx)=(1,127,1) | x^1(geo 1) | cos j:{6: 1} | circle obs {'Phi_1': 1} pred {'Phi_1': 1} | g deg 210 (not factored) | non-Kronecker deg 208 [0.9s]
N=215c phi 168 ord2  28 ord3  84 (m,t,idx)=(1,27,2) | x^2(geo 2) | cos j:{6: 2} | circle obs {'Phi_1': 2} pred {'Phi_1': 2} | g deg 168 factors [(1, 2), (1, 2), (164, 1)] | non-Kronecker deg 164 [2.8s]
N=217c phi 180 ord2  15 ord3  30 (m,t,idx)=(3,12,2) | x^6(geo 6) | cos j:{3: 2} | circle obs {'Phi_6': 2, 'Phi_2': 2} pred {'Phi_2': 2, 'Phi_6': 2} | g deg 60 factors [(1, 2), (1, 2), (56, 1)] | non-Kronecker deg 168 [0.9s]
N=221c phi 192 ord2  24 ord3  48 (m,t,idx)=(4,40,1) | x^4(geo 4) | cos j:{3: 1, 6: 1} | circle obs {'Phi_4': 1, 'Phi_1': 1, 'Phi_2': 1} pred {'Phi_1': 1, 'Phi_2': 1, 'Phi_4': 1} | g deg 48 factors [(1, 1), (1, 1), (46, 1)] | non-Kronecker deg 184 [1.0s]
N=223p phi 222 ord2  37 ord3 222 (m,t,idx)=(1,180,1) | x^1(geo 1) | cos j:{3: 1} | circle obs {'Phi_2': 1} pred {'Phi_2': 1} | g deg 222 (not factored) | non-Kronecker deg 220 [0.9s]
N=227p phi 226 ord2 226 ord3 113 (m,t,idx)=(2,59,1) | x^0(geo 0) | cos j:{} | circle obs {} pred {} | g deg 113 factors [(113, 1)] | non-Kronecker deg 226 [1.4s]
N=229p phi 228 ord2  76 ord3  57 (m,t,idx)=(4,30,1) | x^0(geo 0) | cos j:{} | circle obs {} pred {} | g deg 57 factors [(57, 1)] | non-Kronecker deg 228 [1.1s]
N=233p phi 232 ord2  29 ord3 232 (m,t,idx)=(1,72,1) | x^1(geo 1) | cos j:{3: 1} | circle obs {'Phi_2': 1} pred {'Phi_2': 1} | g deg 232 (not factored) | non-Kronecker deg 230 [1.1s]
N=235c phi 184 ord2  92 ord3  92 (m,t,idx)=(1,63,2) | x^2(geo 2) | cos j:{6: 2} | circle obs {'Phi_1': 2} pred {'Phi_1': 2} | g deg 184 factors [(1, 2), (1, 2), (180, 1)] | non-Kronecker deg 180 [4.3s]
N=239p phi 238 ord2 119 ord3 119 (m,t,idx)=(1,62,2) | x^0(geo 0) | cos j:{} | circle obs {} pred {} | g deg 238 (not factored) | non-Kronecker deg 238 [0.9s]
N=241p phi 240 ord2  24 ord3 120 (m,t,idx)=(1,5,2) | x^2(geo 2) | cos j:{6: 2} | circle obs {'Phi_1': 2} pred {'Phi_1': 2} | g deg 240 (not factored) | non-Kronecker deg 236 [0.9s]
N=245c phi 168 ord2  84 ord3  84 (m,t,idx)=(2,10,1) | x^4(geo 2) | cos j:{3: 1, 6: 1} | circle obs {'Phi_1': 1, 'Phi_2': 1} pred {'Phi_1': 1, 'Phi_2': 1} | g deg 84 factors [(1, 1), (1, 2), (81, 1)] | non-Kronecker deg 162 [1.1s]
N=247c phi 216 ord2  36 ord3  18 (m,t,idx)=(4,10,3) | x^12(geo 12) | cos j:{3: 3, 6: 3} | circle obs {'Phi_4': 3, 'Phi_1': 3, 'Phi_2': 3} pred {'Phi_1': 3, 'Phi_2': 3, 'Phi_4': 3} | g deg 54 factors [(1, 3), (1, 3), (48, 1)] | non-Kronecker deg 192 [1.0s]
N=251p phi 250 ord2  50 ord3 125 (m,t,idx)=(2,45,1) | x^0(geo 0) | cos j:{} | circle obs {} pred {} | g deg 125 factors [(125, 1)] | non-Kronecker deg 250 [1.6s]
N=253c phi 220 ord2 110 ord3  55 (m,t,idx)=(2,14,2) | x^0(geo 0) | cos j:{} | circle obs {} pred {} | g deg 110 factors [(110, 1)] | non-Kronecker deg 220 [1.4s]
N=257p phi 256 ord2  16 ord3 256 (m,t,idx)=(1,48,1) | x^1(geo 1) | cos j:{3: 1} | circle obs {'Phi_2': 1} pred {'Phi_2': 1} | g deg 256 (not factored) | non-Kronecker deg 254 [1.1s]
N=259c phi 216 ord2  36 ord3  18 (m,t,idx)=(4,14,3) | x^12(geo 12) | cos j:{3: 3, 6: 3} | circle obs {'Phi_4': 3, 'Phi_1': 3, 'Phi_2': 3} pred {'Phi_1': 3, 'Phi_2': 3, 'Phi_4': 3} | g deg 54 factors [(1, 3), (1, 3), (48, 1)] | non-Kronecker deg 192 [1.1s]
N=263p phi 262 ord2 131 ord3 131 (m,t,idx)=(1,30,2) | x^0(geo 0) | cos j:{} | circle obs {} pred {} | g deg 262 (not factored) | non-Kronecker deg 262 [1.2s]
N=265c phi 208 ord2  52 ord3  52 (m,t,idx)=(2,46,2) | x^4(geo 4) | cos j:{3: 2, 6: 2} | circle obs {'Phi_1': 2, 'Phi_2': 2} pred {'Phi_1': 2, 'Phi_2': 2} | g deg 104 factors [(1, 2), (1, 2), (100, 1)] | non-Kronecker deg 200 [1.4s]
N=269p phi 268 ord2 268 ord3 268 (m,t,idx)=(1,209,1) | x^1(geo 1) | cos j:{6: 1} | circle obs {'Phi_1': 1} pred {'Phi_1': 1} | g deg 268 (not factored) | non-Kronecker deg 266 [1.3s]
N=271p phi 270 ord2 135 ord3  30 (m,t,idx)=(9,28,1) | x^9(geo 9) | cos j:{3: 1} | circle obs {'Phi_6': 1, 'Phi_18': 1, 'Phi_2': 1} pred {'Phi_2': 1, 'Phi_6': 1, 'Phi_18': 1} | g deg 30 factors [(1, 1), (1, 1), (28, 1)] | non-Kronecker deg 252 [1.3s]
N=275c phi 200 ord2  20 ord3  20 (m,t,idx)=(10,10,1) | x^10(geo 10) | cos j:{3: 1, 6: 1} | circle obs {'Phi_5': 1, 'Phi_10': 1, 'Phi_1': 1, 'Phi_2': 1} pred {'Phi_1': 1, 'Phi_2': 1, 'Phi_5': 1, 'Phi_10': 1} | g deg 20 factors [(1, 1), (1, 1), (18, 1)] | non-Kronecker deg 180 [1.4s]
N=277p phi 276 ord2  92 ord3  69 (m,t,idx)=(4,9,1) | x^0(geo 0) | cos j:{} | circle obs {} pred {} | g deg 69 factors [(69, 1)] | non-Kronecker deg 276 [1.6s]
N=281p phi 280 ord2  70 ord3 280 (m,t,idx)=(1,204,1) | x^1(geo 1) | cos j:{3: 1} | circle obs {'Phi_2': 1} pred {'Phi_2': 1} | g deg 280 (not factored) | non-Kronecker deg 278 [1.5s]
N=283p phi 282 ord2  94 ord3 282 (m,t,idx)=(1,159,1) | x^1(geo 1) | cos j:{6: 1} | circle obs {'Phi_1': 1} pred {'Phi_1': 1} | g deg 282 (not factored) | non-Kronecker deg 280 [1.5s]
N=287c phi 240 ord2  60 ord3  24 (m,t,idx)=(5,22,2) | x^10(geo 10) | cos j:{3: 2} | circle obs {'Phi_10': 2, 'Phi_2': 2} pred {'Phi_2': 2, 'Phi_10': 2} | g deg 48 factors [(1, 2), (1, 2), (44, 1)] | non-Kronecker deg 220 [1.5s]
N=289c phi 272 ord2 136 ord3 272 (m,t,idx)=(1,190,1) | x^2(geo 1) | cos j:{3: 1} | circle obs {'Phi_2': 1} pred {'Phi_2': 1} | g deg 272 (not factored) | non-Kronecker deg 269 [1.7s]
N=293p phi 292 ord2 292 ord3 292 (m,t,idx)=(1,93,1) | x^1(geo 1) | cos j:{6: 1} | circle obs {'Phi_1': 1} pred {'Phi_1': 1} | g deg 292 (not factored) | non-Kronecker deg 290 [1.8s]
N=295c phi 232 ord2 116 ord3 116 (m,t,idx)=(2,94,1) | x^2(geo 2) | cos j:{3: 1, 6: 1} | circle obs {'Phi_1': 1, 'Phi_2': 1} pred {'Phi_1': 1, 'Phi_2': 1} | g deg 116 factors [(1, 1), (1, 1), (114, 1)] | non-Kronecker deg 228 [2.2s]
N=299c phi 264 ord2 132 ord3  33 (m,t,idx)=(4,28,2) | x^0(geo 0) | cos j:{} | circle obs {} pred {} | g deg 66 factors [(66, 1)] | non-Kronecker deg 264 [2.0s]
N=301c phi 252 ord2  42 ord3  42 (m,t,idx)=(6,36,1) | x^6(geo 6) | cos j:{3: 1, 6: 1} | circle obs {'Phi_3': 1, 'Phi_6': 1, 'Phi_1': 1, 'Phi_2': 1} pred {'Phi_1': 1, 'Phi_2': 1, 'Phi_3': 1, 'Phi_6': 1} | g deg 42 factors [(1, 1), (1, 1), (40, 1)] | non-Kronecker deg 240 [1.9s]
N=305c phi 240 ord2  60 ord3  20 (m,t,idx)=(12,12,1) | x^12(geo 12) | cos j:{3: 1, 6: 1} | circle obs {'Phi_3': 1, 'Phi_4': 1, 'Phi_6': 1, 'Phi_12': 1, 'Phi_1': 1, 'Phi_2': 1} pred {'Phi_1': 1, 'Phi_2': 1, 'Phi_3': 1, 'Phi_4': 1, 'Phi_6': 1, 'Phi_12': 1} | g deg 20 factors [(1, 1), (1, 1), (18, 1)] | non-Kronecker deg 216 [1.9s]
N=307p phi 306 ord2 102 ord3  34 (m,t,idx)=(3,11,3) | x^9(geo 9) | cos j:{6: 3} | circle obs {'Phi_3': 3, 'Phi_1': 3} pred {'Phi_1': 3, 'Phi_3': 3} | g deg 102 factors [(1, 3), (1, 3), (96, 1)] | non-Kronecker deg 288 [2.3s]
N=311p phi 310 ord2 155 ord3 155 (m,t,idx)=(1,123,2) | x^0(geo 0) | cos j:{} | circle obs {} pred {} | g deg 310 (not factored) | non-Kronecker deg 310 [2.2s]
N=313p phi 312 ord2 156 ord3  39 (m,t,idx)=(4,14,2) | x^0(geo 0) | cos j:{} | circle obs {} pred {} | g deg 78 factors [(78, 1)] | non-Kronecker deg 312 [2.4s]
N=317p phi 316 ord2 316 ord3 316 (m,t,idx)=(1,33,1) | x^1(geo 1) | cos j:{6: 1} | circle obs {'Phi_1': 1} pred {'Phi_1': 1} | g deg 316 (not factored) | non-Kronecker deg 314 [3.0s]
N=319c phi 280 ord2 140 ord3 140 (m,t,idx)=(2,34,1) | x^2(geo 2) | cos j:{3: 1, 6: 1} | circle obs {'Phi_1': 1, 'Phi_2': 1} pred {'Phi_1': 1, 'Phi_2': 1} | g deg 140 factors [(1, 1), (1, 1), (138, 1)] | non-Kronecker deg 276 [4.2s]
N=323c phi 288 ord2  72 ord3 144 (m,t,idx)=(2,140,1) | x^2(geo 2) | cos j:{3: 1, 6: 1} | circle obs {'Phi_1': 1, 'Phi_2': 1} pred {'Phi_1': 1, 'Phi_2': 1} | g deg 144 factors [(1, 1), (1, 1), (142, 1)] | non-Kronecker deg 284 [4.1s]
N=325c phi 240 ord2  60 ord3  60 (m,t,idx)=(4,52,1) | x^8(geo 4) | cos j:{3: 1, 6: 1} | circle obs {'Phi_4': 1, 'Phi_1': 1, 'Phi_2': 1} pred {'Phi_1': 1, 'Phi_2': 1, 'Phi_4': 1} | g deg 60 factors [(1, 1), (1, 2), (57, 1)] | non-Kronecker deg 228 [2.5s]
N=329c phi 276 ord2  69 ord3 138 (m,t,idx)=(1,86,2) | x^2(geo 2) | cos j:{3: 2} | circle obs {'Phi_2': 2} pred {'Phi_2': 2} | g deg 276 (not factored) | non-Kronecker deg 272 [2.6s]
N=331p phi 330 ord2  30 ord3 330 (m,t,idx)=(1,121,1) | x^1(geo 1) | cos j:{6: 1} | circle obs {'Phi_1': 1} pred {'Phi_1': 1} | g deg 330 (not factored) | non-Kronecker deg 328 [2.5s]
N=335c phi 264 ord2 132 ord3  44 (m,t,idx)=(3,17,2) | x^6(geo 6) | cos j:{6: 2} | circle obs {'Phi_3': 2, 'Phi_1': 2} pred {'Phi_1': 2, 'Phi_3': 2} | g deg 88 factors [(1, 2), (1, 2), (84, 1)] | non-Kronecker deg 252 [2.8s]
N=337p phi 336 ord2  21 ord3 168 (m,t,idx)=(1,32,2) | x^2(geo 2) | cos j:{3: 2} | circle obs {'Phi_2': 2} pred {'Phi_2': 2} | g deg 336 (not factored) | non-Kronecker deg 332 [2.9s]
N=341c phi 300 ord2  10 ord3  30 (m,t,idx)=(10,0,1) | x^10(geo 10) | cos j:{3: 1, 6: 1} | circle obs {'Phi_5': 1, 'Phi_10': 1, 'Phi_1': 1, 'Phi_2': 1} pred {'Phi_1': 1, 'Phi_2': 1, 'Phi_5': 1, 'Phi_10': 1} | g deg 30 factors [(1, 1), (1, 1), (28, 1)] | non-Kronecker deg 280 [2.9s]
N=343c phi 294 ord2 147 ord3 294 (m,t,idx)=(1,194,1) | x^2(geo 1) | cos j:{3: 1} | circle obs {'Phi_2': 1} pred {'Phi_2': 1} | g deg 294 (not factored) | non-Kronecker deg 291 [2.9s]
N=347p phi 346 ord2 346 ord3 173 (m,t,idx)=(2,107,1) | x^0(geo 0) | cos j:{} | circle obs {} pred {} | g deg 173 factors [(173, 1)] | non-Kronecker deg 346 [6.3s]
N=349p phi 348 ord2 348 ord3 174 (m,t,idx)=(2,67,1) | x^2(geo 2) | cos j:{} | circle obs {'Phi_4': 1} pred {'Phi_4': 1} | g deg 174 factors [(1, 1), (1, 1), (172, 1)] | non-Kronecker deg 344 [5.2s]
N=353p phi 352 ord2  88 ord3 352 (m,t,idx)=(1,164,1) | x^1(geo 1) | cos j:{3: 1} | circle obs {'Phi_2': 1} pred {'Phi_2': 1} | g deg 352 (not factored) | non-Kronecker deg 350 [3.3s]
N=355c phi 280 ord2 140 ord3 140 (m,t,idx)=(1,11,2) | x^2(geo 2) | cos j:{6: 2} | circle obs {'Phi_1': 2} pred {'Phi_1': 2} | g deg 280 (not factored) | non-Kronecker deg 276 [3.4s]
N=359p phi 358 ord2 179 ord3 179 (m,t,idx)=(1,96,2) | x^0(geo 0) | cos j:{} | circle obs {} pred {} | g deg 358 (not factored) | non-Kronecker deg 358 [3.3s]
N=361c phi 342 ord2 342 ord3 342 (m,t,idx)=(1,187,1) | x^2(geo 1) | cos j:{6: 1} | circle obs {'Phi_1': 1} pred {'Phi_1': 1} | g deg 342 (not factored) | non-Kronecker deg 339 [3.5s]
N=365c phi 288 ord2  36 ord3  12 (m,t,idx)=(12,4,2) | x^24(geo 24) | cos j:{3: 2, 6: 2} | circle obs {'Phi_3': 2, 'Phi_4': 2, 'Phi_6': 2, 'Phi_12': 2, 'Phi_1': 2, 'Phi_2': 2} pred {'Phi_1': 2, 'Phi_2': 2, 'Phi_3': 2, 'Phi_4': 2, 'Phi_6': 2, 'Phi_12': 2} | g deg 24 factors [(1, 2), (1, 2), (20, 1)] | non-Kronecker deg 240 [3.5s]
N=367p phi 366 ord2 183 ord3 122 (m,t,idx)=(3,80,1) | x^3(geo 3) | cos j:{3: 1} | circle obs {'Phi_6': 1, 'Phi_2': 1} pred {'Phi_2': 1, 'Phi_6': 1} | g deg 122 factors [(1, 1), (1, 1), (120, 1)] | non-Kronecker deg 360 [4.8s]
N=371c phi 312 ord2 156 ord3 156 (m,t,idx)=(2,46,1) | x^2(geo 2) | cos j:{3: 1, 6: 1} | circle obs {'Phi_1': 1, 'Phi_2': 1} pred {'Phi_1': 1, 'Phi_2': 1} | g deg 156 factors [(1, 1), (1, 1), (154, 1)] | non-Kronecker deg 308 [6.4s]
N=373p phi 372 ord2 372 ord3 186 (m,t,idx)=(2,161,1) | x^2(geo 2) | cos j:{} | circle obs {'Phi_4': 1} pred {'Phi_4': 1} | g deg 186 factors [(1, 1), (1, 1), (184, 1)] | non-Kronecker deg 368 [7.0s]
N=377c phi 336 ord2  84 ord3  84 (m,t,idx)=(4,40,1) | x^4(geo 4) | cos j:{3: 1, 6: 1} | circle obs {'Phi_4': 1, 'Phi_1': 1, 'Phi_2': 1} pred {'Phi_1': 1, 'Phi_2': 1, 'Phi_4': 1} | g deg 84 factors [(1, 1), (1, 1), (82, 1)] | non-Kronecker deg 328 [4.5s]
N=379p phi 378 ord2 378 ord3 378 (m,t,idx)=(1,149,1) | x^1(geo 1) | cos j:{6: 1} | circle obs {'Phi_1': 1} pred {'Phi_1': 1} | g deg 378 (not factored) | non-Kronecker deg 376 [4.7s]
N=383p phi 382 ord2 191 ord3 191 (m,t,idx)=(1,109,2) | x^0(geo 0) | cos j:{} | circle obs {} pred {} | g deg 382 (not factored) | non-Kronecker deg 382 [5.4s]
N=385c phi 240 ord2  60 ord3  60 (m,t,idx)=(2,34,2) | x^4(geo 4) | cos j:{3: 2, 6: 2} | circle obs {'Phi_1': 2, 'Phi_2': 2} pred {'Phi_1': 2, 'Phi_2': 2} | g deg 120 factors [(1, 2), (1, 2), (116, 1)] | non-Kronecker deg 232 [5.5s]
N=389p phi 388 ord2 388 ord3 388 (m,t,idx)=(1,63,1) | x^1(geo 1) | cos j:{6: 1} | circle obs {'Phi_1': 1} pred {'Phi_1': 1} | g deg 388 (not factored) | non-Kronecker deg 386 [5.4s]
N=391c phi 352 ord2  88 ord3 176 (m,t,idx)=(1,62,2) | x^2(geo 2) | cos j:{3: 2} | circle obs {'Phi_2': 2} pred {'Phi_2': 2} | g deg 352 (not factored) | non-Kronecker deg 348 [5.5s]
N=395c phi 312 ord2 156 ord3 156 (m,t,idx)=(2,86,1) | x^2(geo 2) | cos j:{3: 1, 6: 1} | circle obs {'Phi_1': 1, 'Phi_2': 1} pred {'Phi_1': 1, 'Phi_2': 1} | g deg 156 factors [(1, 1), (1, 1), (154, 1)] | non-Kronecker deg 308 [9.2s]
N=397p phi 396 ord2  44 ord3 198 (m,t,idx)=(2,81,1) | x^2(geo 2) | cos j:{} | circle obs {'Phi_4': 1} pred {'Phi_4': 1} | g deg 198 factors [(1, 1), (1, 1), (196, 1)] | non-Kronecker deg 392 [10.4s]

================ SUMMARY ================
moduli: all 132 N prime to 6 with 5 <= N <= 400  (76 primes, 56 composites); primitive blocks (level N) only
cosine eigenvalues of K at level N (factor Psi_j of prim_N; j = 4 is the eigenvalue 0):
   j =   3  (K-eigenvalues cos(2 pi i/3); Psi_3 = x + 1): 65 moduli, first [7, 11, 17, 31, 35, 37, 41, 49, 55, 65, 73, 77] ...
   j =   5  (K-eigenvalues cos(2 pi i/5); Psi_5 = x^2 + x - 1): 1 moduli: [5]
   j =   6  (K-eigenvalues cos(2 pi i/6); Psi_6 = x - 1): 68 moduli, first [5, 11, 19, 25, 29, 31, 35, 37, 43, 53, 55, 65] ...
   j =   4  (eigenvalue 0): 102 moduli
IRRATIONAL cosines (j not in 1,2,3,4,6) at level N: [(5, {'5': 1})]
levels whose whole primitive spectrum is cosines (all eigenvalues real): [5]
levels whose whole primitive spectrum is Kronecker (0, cosines, roots of unity/2): [5]
K-eigenvalues (1/2) * (primitive k-th root of unity), k >= 3:
   k =   3: 8 moduli: [67, 91, 133, 301, 305, 307, 335, 365]
   k =   4: 19 moduli: [37, 61, 65, 85, 91, 157, 185, 193, 205, 221, 247, 259, 305, 325, 349, 365, 373, 377, 397]
   k =   5: 3 moduli: [205, 275, 341]
   k =   6: 11 moduli: [73, 91, 103, 133, 151, 217, 271, 301, 305, 365, 367]
   k =  10: 5 moduli: [41, 205, 275, 287, 341]
   k =  12: 5 moduli: [61, 91, 193, 305, 365]
   k =  18: 1 moduli: [271]
   k =  20: 1 moduli: [205]
theorem (lattice form) violated at: []   (must be empty)
levels with unit-circle eigenvalues of 2K BEYOND the theorem (sporadic): [(11, {'Phi_1': 1, 'Phi_2': 1}), (31, {'Phi_1': 1}), (37, {'Phi_1': 2, 'Phi_2': 2})]
   primes among them: [11, 31, 37]
levels with predicted unit-circle eigenvalues missing: []   (must be empty)
binomial eigenvalues (2 lambda)^m = c, integer c not in {0, 1, -1}: (N, m, {c: mult}) = [(41, 5, {'-3': 1})]
algebraic multiplicity of 0 vs number of even cycles of y -> 3y + 1/2 at level N: mismatches (N, alg, geo) = [(25, 2, 1), (49, 2, 1), (125, 2, 1), (175, 4, 2), (245, 4, 2), (289, 2, 1), (325, 8, 4), (343, 2, 1), (361, 2, 1)]
   of which prime N: []
levels with NO cosine eigenvalue at all: 29 of 132
shape of g_N after removing linear factors (levels with deg g <= 200): {'one irreducible generic factor': 106}
total time 216 s
