d = 2 done (1 s, 231 cases so far)
d = 3 done (2 s, 479 cases so far)
d = 4 done (3 s, 710 cases so far)
d = 5 done (4 s, 977 cases so far)
d = 6 done (5 s, 1154 cases so far)
d = 7 done (7 s, 1433 cases so far)
d = 8 done (8 s, 1664 cases so far)
d = 9 done (9 s, 1912 cases so far)
d = 10 done (10 s, 2105 cases so far)
d = 11 done (11 s, 2397 cases so far)
d = 12 done (12 s, 2574 cases so far)

================ SUMMARY: 2574 triples (q, d, N), 2 <= q, d <= 12, q != d, 2 <= N <= 60, gcd(N, qd) = 1 ================
IRRATIONAL cosine eigenvalues (K-eigenvalue cos(2 pi i/j), j not in {1,2,3,4,6}) at level N:
   j =   5 (pentagon: 1/(2phi), -phi/2; Psi_5 = x^2 + x - 1): 50 triples (q, d, N, mult): [(3, 2, 5, 1), (8, 2, 5, 1), (2, 3, 5, 1), (7, 3, 5, 1), (12, 3, 5, 1), (2, 4, 5, 1), (2, 4, 15, 2), (3, 4, 5, 1), (6, 4, 5, 1), (7, 4, 5, 1), (8, 4, 5, 1), (8, 4, 15, 2), (9, 4, 5, 1), (11, 4, 5, 1), (11, 4, 15, 1), (12, 4, 5, 1), (4, 6, 25, 1), (9, 6, 25, 1), (3, 7, 5, 1), (8, 7, 5, 1), (8, 7, 15, 1), (2, 8, 5, 1), (2, 8, 35, 2), (7, 8, 5, 1), (12, 8, 5, 1), (12, 8, 35, 1), (2, 9, 5, 1), (3, 9, 5, 1), (3, 9, 10, 1), (3, 9, 20, 2), (4, 9, 5, 1), (6, 9, 5, 1), (7, 9, 5, 1), (7, 9, 10, 1), (7, 9, 20, 2), (7, 9, 40, 4), (8, 9, 5, 1), (11, 9, 5, 1), (11, 9, 20, 1), (12, 9, 5, 1), (2, 10, 33, 1), (5, 10, 33, 1), (8, 10, 33, 1), (4, 11, 25, 1), (9, 11, 25, 1), (9, 11, 50, 1), (3, 12, 5, 1), (3, 12, 55, 2), (8, 12, 5, 1), (8, 12, 55, 1)]
   j =   7 (heptagon; Psi_7 = x^3 + x^2 - 2x - 1): 3 triples (q, d, N, mult): [(8, 6, 7, 1), (8, 6, 35, 1), (6, 8, 49, 1)]
   j =   8 (octagon: +-sqrt2/2; Psi_8 = x^2 - 2): 43 triples (q, d, N, mult): [(4, 3, 7, 1), (5, 3, 4, 1), (7, 3, 8, 1), (8, 3, 17, 1), (9, 3, 4, 1), (11, 3, 7, 1), (11, 3, 14, 1), (2, 5, 7, 1), (3, 5, 8, 2), (9, 5, 7, 1), (9, 5, 14, 1), (9, 5, 17, 1), (11, 5, 8, 2), (2, 6, 7, 1), (2, 6, 35, 2), (4, 6, 7, 1), (4, 6, 35, 4), (9, 6, 7, 1), (9, 6, 35, 4), (11, 6, 7, 1), (2, 7, 17, 1), (2, 7, 51, 1), (5, 7, 4, 1), (5, 7, 12, 2), (9, 7, 4, 1), (7, 9, 16, 4), (2, 10, 17, 1), (2, 10, 51, 1), (4, 10, 7, 1), (11, 10, 7, 1), (11, 10, 21, 2), (3, 11, 20, 2), (3, 11, 40, 2), (5, 11, 4, 1), (7, 11, 8, 1), (7, 11, 20, 2), (7, 11, 40, 2), (9, 11, 4, 1), (9, 11, 20, 4), (12, 11, 23, 1), (2, 12, 7, 1), (9, 12, 7, 1), (9, 12, 17, 1)]
   j =   9 (enneagon; Psi_9 = x^3 - 3x + 1): 1 triples (q, d, N, mult): [(10, 8, 9, 1)]
   j =  10 (decagon: phi/2, -1/(2phi); Psi_10 = x^2 - x - 1): 24 triples (q, d, N, mult): [(7, 3, 10, 1), (8, 3, 11, 1), (6, 4, 5, 1), (7, 4, 11, 1), (11, 4, 5, 1), (11, 4, 15, 1), (6, 5, 11, 1), (3, 7, 10, 1), (8, 7, 15, 1), (12, 8, 35, 1), (2, 9, 11, 1), (3, 9, 40, 4), (6, 9, 5, 1), (10, 9, 19, 1), (11, 9, 5, 1), (11, 9, 20, 1), (2, 10, 11, 1), (2, 10, 33, 1), (5, 10, 33, 1), (6, 10, 11, 1), (7, 10, 11, 1), (8, 10, 11, 1), (8, 10, 33, 1), (8, 12, 55, 1)]
   j =  11 (; Psi_11 = x^5 + x^4 - 4x^3 - 3x^2 + 3x + 1): 1 triples (q, d, N, mult): [(12, 10, 11, 1)]
   j =  12 (dodecagon: +-sqrt3/2; Psi_12 = x^2 - 3): 8 triples (q, d, N, mult): [(7, 5, 6, 1), (7, 5, 12, 1), (7, 8, 15, 1), (10, 8, 21, 1), (4, 11, 15, 2), (7, 11, 6, 1), (7, 11, 15, 1), (7, 11, 30, 1)]
   j =  14 (14-gon (heptagon, sign flipped); Psi_14 = x^3 - x^2 - 2x + 1): 2 triples (q, d, N, mult): [(8, 6, 7, 1), (8, 6, 35, 1)]
   j =  16 (; Psi_16 = x^4 - 4x^2 + 2): 3 triples (q, d, N, mult): [(5, 3, 8, 1), (9, 7, 8, 1), (5, 11, 8, 1)]
   j =  18 (18-gon (enneagon, sign flipped); Psi_18 = x^3 - 3x - 1): 1 triples (q, d, N, mult): [(10, 8, 9, 1)]
   j =  20 (; Psi_20 = x^4 - 5x^2 + 5): 3 triples (q, d, N, mult): [(11, 4, 15, 1), (11, 9, 10, 1), (11, 9, 20, 1)]
   j =  22 (; Psi_22 = x^5 - x^4 - 4x^3 + 3x^2 + 3x - 1): 1 triples (q, d, N, mult): [(12, 10, 11, 1)]
   j =  24 (; Psi_24 = x^4 - 4x^2 + 1): 1 triples (q, d, N, mult): [(7, 11, 60, 2)]
   j =  28 (; Psi_28 = x^6 - 7x^4 + 14x^2 - 7): 1 triples (q, d, N, mult): [(8, 6, 35, 1)]
   j =  32 (; Psi_32 = x^8 - 8x^6 + 20x^4 - 16x^2 + 2): 1 triples (q, d, N, mult): [(9, 7, 16, 1)]

factorisations at the irrational-cosine levels:
   (q,d,N) = (3,2,5): prim = x*(x - 1)*(x**2 + x - 1)
   (q,d,N) = (8,2,5): prim = x*(x - 1)*(x**2 + x - 1)
   (q,d,N) = (2,3,5): prim = x*(x - 1)*(x**2 + x - 1)
   (q,d,N) = (4,3,7): prim = (x**2 - 2)*(x**4 - x**2 + 2)
   (q,d,N) = (5,3,4): prim = x**2 - 2
   (q,d,N) = (5,3,8): prim = x**4 - 4*x**2 + 2
   (q,d,N) = (7,3,5): prim = x*(x - 1)*(x**2 + x - 1)
   (q,d,N) = (7,3,8): prim = x**2*(x**2 - 2)
   (q,d,N) = (7,3,10): prim = x*(x + 1)*(x**2 - x - 1)
   (q,d,N) = (8,3,11): prim = x*(x + 1)*(x**2 - x - 1)*(x**6 - 3*x**4 + x**3 + 4*x**2 - 3*x - 1)
   (q,d,N) = (8,3,17): prim = x**2*(x**2 - 2)*(x**12 + 2*x**10 - 3*x**8 - 6*x**6 + 2*x**2 - 2)
   (q,d,N) = (9,3,4): prim = x**2 - 2
   (q,d,N) = (11,3,7): prim = (x**2 - 2)*(x**4 - x**2 + 2)
   (q,d,N) = (11,3,14): prim = x**2*(x - 1)*(x + 1)*(x**2 - 2)
   (q,d,N) = (12,3,5): prim = x*(x - 1)*(x**2 + x - 1)
   (q,d,N) = (2,4,5): prim = x*(x - 1)*(x**2 + x - 1)
   (q,d,N) = (2,4,15): prim = x**2*(x - 1)**2*(x**2 + x - 1)**2
   (q,d,N) = (3,4,5): prim = x*(x - 1)*(x**2 + x - 1)
   (q,d,N) = (6,4,5): prim = (x**2 - x - 1)*(x**2 + x - 1)
   (q,d,N) = (7,4,5): prim = x*(x - 1)*(x**2 + x - 1)
   (q,d,N) = (7,4,11): prim = x*(x + 1)*(x**2 - x - 1)*(x**6 - 3*x**4 + x**3 + 4*x**2 - 3*x - 1)
   (q,d,N) = (8,4,5): prim = x*(x - 1)*(x**2 + x - 1)
   (q,d,N) = (8,4,15): prim = x**2*(x - 1)**2*(x**2 + x - 1)**2
   (q,d,N) = (9,4,5): prim = x**2*(x**2 + x - 1)
   (q,d,N) = (11,4,5): prim = (x**2 - x - 1)*(x**2 + x - 1)
   (q,d,N) = (11,4,15): prim = (x**2 - x - 1)*(x**2 + x - 1)*(x**4 - 5*x**2 + 5)
   (q,d,N) = (12,4,5): prim = x*(x - 1)*(x**2 + x - 1)
   (q,d,N) = (2,5,7): prim = (x**2 - 2)*(x**4 - x**2 + 2)
   (q,d,N) = (3,5,8): prim = (x**2 - 2)**2
   (q,d,N) = (6,5,11): prim = x*(x + 1)*(x**2 - x - 1)*(x**6 - 3*x**4 + x**3 + 4*x**2 - 3*x - 1)
   (q,d,N) = (7,5,6): prim = x**2 - 3
   (q,d,N) = (7,5,12): prim = (x - 1)*(x + 1)*(x**2 - 3)
   (q,d,N) = (9,5,7): prim = (x**2 - 2)*(x**4 - x**2 + 2)
   (q,d,N) = (9,5,14): prim = x**2*(x - 1)*(x + 1)*(x**2 - 2)
   (q,d,N) = (9,5,17): prim = x**2*(x**2 - 2)*(x**12 + 2*x**10 - 3*x**8 - 6*x**6 + 2*x**2 - 2)
   (q,d,N) = (11,5,8): prim = (x**2 - 2)**2
   (q,d,N) = (2,6,7): prim = (x**2 - 2)*(x**4 - x**2 + 2)
   (q,d,N) = (2,6,35): prim = x**2*(x - 1)*(x + 1)*(x**2 - 2)**2*(x**4 - x**2 + 2)*(x**12 - 6*x**10 + 15*x**8 - 18*x**6 + 10*x**4 - 4*x**2 + 4)
   (q,d,N) = (4,6,7): prim = (x**2 - 2)*(x**4 - x**2 + 2)
   (q,d,N) = (4,6,25): prim = x**2*(x**2 + x - 1)*(x**8 - 3*x**7 + 4*x**6 - 2*x**5 + x**4 - 10*x**3 + 20*x**2 - 15*x + 5)*(x**8 + 2*x**7 + 4*x**6 + 8*x**5 + 11*x**4 + 15*x**3 + 15*x**2 + 10*x + 5)
   (q,d,N) = (4,6,35): prim = x**4*(x - 1)**2*(x + 1)**2*(x**2 - 2)**4*(x**4 - x**2 + 2)**2
   (q,d,N) = (8,6,7): prim = (x**3 - x**2 - 2*x + 1)*(x**3 + x**2 - 2*x - 1)
   (q,d,N) = (8,6,35): prim = (x**3 - x**2 - 2*x + 1)*(x**3 + x**2 - 2*x - 1)*(x**6 - 7*x**4 + 14*x**2 - 7)*(x**12 + 5*x**8 + 6*x**4 + 1)
   (q,d,N) = (9,6,7): prim = (x**2 - 2)*(x**4 - x**2 + 2)
   (q,d,N) = (9,6,25): prim = x**2*(x**2 + x - 1)*(x**8 + 2*x**7 + 4*x**6 + 3*x**5 + 6*x**4 - 5*x + 5)*(x**8 - 3*x**7 + 4*x**6 - 2*x**5 - 4*x**4 + 10*x**3 - 5*x**2 - 5*x + 5)
   (q,d,N) = (9,6,35): prim = x**4*(x - 1)**2*(x + 1)**2*(x**2 - 2)**4*(x**4 - x**2 + 2)**2
   (q,d,N) = (11,6,7): prim = (x**2 - 2)*(x**4 - x**2 + 2)
   (q,d,N) = (2,7,17): prim = x**2*(x**2 - 2)*(x**12 + 2*x**10 - 3*x**8 - 6*x**6 + 2*x**2 - 2)
   (q,d,N) = (2,7,51): prim = x**4*(x**2 - 2)*(x**2 + 2)*(x**12 - 2*x**10 - 3*x**8 + 6*x**6 - 2*x**2 - 2)*(x**12 + 2*x**10 - 3*x**8 - 6*x**6 + 2*x**2 - 2)
   (q,d,N) = (3,7,5): prim = x*(x - 1)*(x**2 + x - 1)
   (q,d,N) = (3,7,10): prim = x*(x + 1)*(x**2 - x - 1)
   (q,d,N) = (5,7,4): prim = x**2 - 2
   (q,d,N) = (5,7,12): prim = (x**2 - 2)**2
   (q,d,N) = (8,7,5): prim = x*(x - 1)*(x**2 + x - 1)
   (q,d,N) = (8,7,15): prim = x**2*(x - 1)*(x + 1)*(x**2 - x - 1)*(x**2 + x - 1)
   (q,d,N) = (9,7,4): prim = x**2 - 2
   (q,d,N) = (9,7,8): prim = x**4 - 4*x**2 + 2
   (q,d,N) = (9,7,16): prim = x**8 - 8*x**6 + 20*x**4 - 16*x**2 + 2
   (q,d,N) = (2,8,5): prim = x*(x - 1)*(x**2 + x - 1)
   (q,d,N) = (2,8,35): prim = x**2*(x - 1)**2*(x**2 + x - 1)**2*(x**8 + 2*x**6 - x**5 + x**4 + 2*x**3 + x**2 + 3*x + 3)**2
   (q,d,N) = (6,8,49): prim = x**3*(x**3 + x**2 - 2*x - 1)*(x**12 - 5*x**11 + 11*x**10 - 13*x**9 + 9*x**8 - 3*x**7 + x**6 - 28*x**5 + 91*x**4 - 126*x**3 + 91*x**2 - 35*x + 7)*(x**12 + 2*x**11 + 4*x**10 + x**9 + 2*x**8 - 3*x**7 + x**6 - 7*x**5 + 7*x**4 + 14*x**3 + 28*x**2 + 14*x + 7)*(x**12 + 2*x**11 + 4*x**10 + 8*x**9 + 9*x**8 + 18*x**7 + 29*x**6 + 28*x**5 + 35*x**4 + 35*x**3 + 21*x**2 + 14*x + 7)
   (q,d,N) = (7,8,5): prim = x*(x - 1)*(x**2 + x - 1)
   (q,d,N) = (7,8,15): prim = (x - 1)*(x + 1)*(x**2 - 3)*(x**4 + 1)
   (q,d,N) = (10,8,9): prim = (x**3 - 3*x - 1)*(x**3 - 3*x + 1)
   (q,d,N) = (10,8,21): prim = x**4*(x - 1)*(x + 1)*(x**2 - 3)*(x**4 - 2*x**2 + 4)
   (q,d,N) = (12,8,5): prim = x*(x - 1)*(x**2 + x - 1)
   (q,d,N) = (12,8,35): prim = x**2*(x - 1)*(x + 1)*(x**2 - x - 1)*(x**2 + x - 1)*(x**8 + 2*x**6 - x**5 + x**4 + 2*x**3 + x**2 + 3*x + 3)*(x**8 + 2*x**6 + x**5 + x**4 - 2*x**3 + x**2 - 3*x + 3)
   (q,d,N) = (2,9,5): prim = x*(x - 1)*(x**2 + x - 1)
   (q,d,N) = (2,9,11): prim = x*(x + 1)*(x**2 - x - 1)*(x**6 - 3*x**4 + x**3 + 4*x**2 - 3*x - 1)
   (q,d,N) = (3,9,5): prim = x*(x - 1)*(x**2 + x - 1)
   (q,d,N) = (3,9,10): prim = x*(x - 1)*(x**2 + x - 1)
   (q,d,N) = (3,9,20): prim = x**2*(x - 1)**2*(x**2 + x - 1)**2
   (q,d,N) = (3,9,40): prim = x**4*(x + 1)**4*(x**2 - x - 1)**4
   (q,d,N) = (4,9,5): prim = x**2*(x**2 + x - 1)
   (q,d,N) = (6,9,5): prim = (x**2 - x - 1)*(x**2 + x - 1)
   (q,d,N) = (7,9,5): prim = x*(x - 1)*(x**2 + x - 1)
   (q,d,N) = (7,9,10): prim = x*(x - 1)*(x**2 + x - 1)
   (q,d,N) = (7,9,16): prim = (x**2 - 2)**4
   (q,d,N) = (7,9,20): prim = x**2*(x - 1)**2*(x**2 + x - 1)**2
   (q,d,N) = (7,9,40): prim = x**4*(x - 1)**4*(x**2 + x - 1)**4
   (q,d,N) = (8,9,5): prim = x*(x - 1)*(x**2 + x - 1)
   (q,d,N) = (10,9,19): prim = x*(x + 1)*(x**2 - x - 1)*(x**14 - 7*x**12 + x**11 + 22*x**10 - 5*x**9 - 39*x**8 + 12*x**7 + 43*x**6 - 17*x**5 - 28*x**4 + 13*x**3 + 11*x**2 - 7*x - 1)
   (q,d,N) = (11,9,5): prim = (x**2 - x - 1)*(x**2 + x - 1)
   (q,d,N) = (11,9,10): prim = x**4 - 5*x**2 + 5
   (q,d,N) = (11,9,20): prim = (x**2 - x - 1)*(x**2 + x - 1)*(x**4 - 5*x**2 + 5)
   (q,d,N) = (12,9,5): prim = x*(x - 1)*(x**2 + x - 1)
   (q,d,N) = (2,10,11): prim = x*(x + 1)*(x**2 - x - 1)*(x**6 - 3*x**4 + x**3 + 4*x**2 - 3*x - 1)
   (q,d,N) = (2,10,17): prim = x**2*(x**2 - 2)*(x**12 + 2*x**10 - 3*x**8 - 6*x**6 + 2*x**2 - 2)
   (q,d,N) = (2,10,33): prim = x**2*(x - 1)*(x + 1)*(x**2 - x - 1)*(x**2 + x - 1)*(x**6 - 3*x**4 - x**3 + 4*x**2 + 3*x - 1)*(x**6 - 3*x**4 + x**3 + 4*x**2 - 3*x - 1)
   (q,d,N) = (2,10,51): prim = x**4*(x**2 - 2)*(x**2 + 2)*(x**12 - 2*x**10 - 3*x**8 + 6*x**6 - 2*x**2 - 2)*(x**12 + 2*x**10 - 3*x**8 - 6*x**6 + 2*x**2 - 2)
   (q,d,N) = (4,10,7): prim = (x**2 - 2)*(x**4 - x**2 + 2)
   (q,d,N) = (5,10,33): prim = x**2*(x - 1)*(x + 1)*(x**2 - x - 1)*(x**2 + x - 1)*(x**4 - 2*x**2 + 3)*(x**8 - 4*x**6 + 6*x**4 - 3*x**2 + 4)
   (q,d,N) = (6,10,11): prim = x*(x + 1)*(x**2 - x - 1)*(x**6 - 3*x**4 + x**3 + 4*x**2 - 3*x - 1)
   (q,d,N) = (7,10,11): prim = x*(x + 1)*(x**2 - x - 1)*(x**6 - 3*x**4 + x**3 + 4*x**2 - 3*x - 1)
   (q,d,N) = (8,10,11): prim = x*(x + 1)*(x**2 - x - 1)*(x**6 - 3*x**4 + x**3 + 4*x**2 - 3*x - 1)
   (q,d,N) = (8,10,33): prim = x**2*(x - 1)*(x + 1)*(x**2 - x - 1)*(x**2 + x - 1)*(x**6 - 3*x**4 - x**3 + 4*x**2 + 3*x - 1)*(x**6 - 3*x**4 + x**3 + 4*x**2 - 3*x - 1)
   (q,d,N) = (11,10,7): prim = (x**2 - 2)*(x**4 - x**2 + 2)
   (q,d,N) = (11,10,21): prim = x**2*(x - 1)*(x + 1)*(x**2 - 2)**2*(x**4 - x**2 + 2)
   (q,d,N) = (12,10,11): prim = (x**5 - x**4 - 4*x**3 + 3*x**2 + 3*x - 1)*(x**5 + x**4 - 4*x**3 - 3*x**2 + 3*x + 1)
   (q,d,N) = (3,11,20): prim = x**4*(x**2 - 2)**2
   (q,d,N) = (3,11,40): prim = x**4*(x**2 - 2)**2*(x**4 - 2*x**2 + 4)**2
   (q,d,N) = (4,11,15): prim = (x - 1)**2*(x + 1)**2*(x**2 - 3)**2
   (q,d,N) = (4,11,25): prim = x**2*(x**2 + x - 1)*(x**8 - 3*x**7 + 4*x**6 - 7*x**5 + 11*x**4 - 10*x**3 + 10*x**2 - 10*x + 5)*(x**8 + 2*x**7 + 4*x**6 + 8*x**5 + 11*x**4 + 10*x**3 + 15*x**2 + 15*x + 5)
   (q,d,N) = (5,11,4): prim = x**2 - 2
   (q,d,N) = (5,11,8): prim = x**4 - 4*x**2 + 2
   (q,d,N) = (7,11,6): prim = x**2 - 3
   (q,d,N) = (7,11,8): prim = x**2*(x**2 - 2)
   (q,d,N) = (7,11,15): prim = (x - 1)*(x + 1)*(x**2 - 3)*(x**4 + 1)
   (q,d,N) = (7,11,20): prim = x**4*(x**2 - 2)**2
   (q,d,N) = (7,11,30): prim = (x - 1)*(x + 1)*(x**2 - 3)*(x**4 + 1)
   (q,d,N) = (7,11,40): prim = x**4*(x**2 - 2)**2*(x**4 - 2*x**2 + 4)**2
   (q,d,N) = (7,11,60): prim = (x**4 + 3)**2*(x**4 - 4*x**2 + 1)**2
   (q,d,N) = (9,11,4): prim = x**2 - 2
   (q,d,N) = (9,11,20): prim = (x**2 - 2)**4
   (q,d,N) = (9,11,25): prim = x**2*(x**2 + x - 1)*(x**8 - 3*x**7 + 4*x**6 - 2*x**5 + x**4 - 10*x**3 + 20*x**2 - 15*x + 5)*(x**8 + 2*x**7 + 4*x**6 + 8*x**5 + 11*x**4 + 15*x**3 + 15*x**2 + 10*x + 5)
   (q,d,N) = (9,11,50): prim = x**2*(x**2 + x - 1)*(x**8 - 3*x**7 + 4*x**6 - 2*x**5 + x**4 - 10*x**3 + 20*x**2 - 15*x + 5)*(x**8 + 2*x**7 + 4*x**6 + 8*x**5 + 11*x**4 + 15*x**3 + 15*x**2 + 10*x + 5)
   (q,d,N) = (12,11,23): prim = (x**2 - 2)*(x**3 - x - 1)*(x**3 - x + 1)*(x**14 - 7*x**12 + 22*x**10 - 39*x**8 + 41*x**6 - 23*x**4 + 5*x**2 - 2)
   (q,d,N) = (2,12,7): prim = (x**2 - 2)*(x**4 - x**2 + 2)
   (q,d,N) = (3,12,5): prim = x*(x - 1)*(x**2 + x - 1)
   (q,d,N) = (3,12,55): prim = x**2*(x - 1)**2*(x**2 + x - 1)**2*(x**16 + 2*x**14 - x**13 - x**12 - 4*x**11 - x**10 + 8*x**9 + 12*x**8 + 17*x**7 + 14*x**6 + 7*x**5 + x**4 - 5*x + 5)**2
   (q,d,N) = (8,12,5): prim = x*(x - 1)*(x**2 + x - 1)
   (q,d,N) = (8,12,55): prim = x**2*(x - 1)*(x + 1)*(x**2 - x - 1)*(x**2 + x - 1)*(x**16 + 2*x**14 - x**13 - x**12 - 4*x**11 - x**10 + 8*x**9 + 12*x**8 + 17*x**7 + 14*x**6 + 7*x**5 + x**4 - 5*x + 5)*(x**16 + 2*x**14 + x**13 - x**12 + 4*x**11 - x**10 - 8*x**9 + 12*x**8 - 17*x**7 + 14*x**6 - 7*x**5 + x**4 + 5*x + 5)
   (q,d,N) = (9,12,7): prim = (x**2 - 2)*(x**4 - x**2 + 2)
   (q,d,N) = (9,12,17): prim = x**2*(x**2 - 2)*(x**12 + 2*x**10 - 3*x**8 - 6*x**6 + 2*x**2 - 2)

levels whose whole primitive spectrum is real (all cosines): [(3, 2, 5), (4, 2, 3), (5, 2, 3), (7, 2, 3), (7, 2, 9), (8, 2, 3), (8, 2, 5), (10, 2, 3), (11, 2, 3), (2, 3, 5), (5, 3, 2), (5, 3, 4), (5, 3, 8), (7, 3, 2), (7, 3, 4), (7, 3, 5), (7, 3, 8), (7, 3, 10), (9, 3, 2), (9, 3, 4), (9, 3, 10), (11, 3, 2), (11, 3, 4), (11, 3, 14), (12, 3, 5), (2, 4, 3), (2, 4, 5), (2, 4, 15), (3, 4, 5), (5, 4, 3), (6, 4, 5), (7, 4, 5), (8, 4, 3), (8, 4, 5), (8, 4, 15), (9, 4, 5), (11, 4, 3), (11, 4, 5), (11, 4, 15), (12, 4, 5), (2, 5, 3), (3, 5, 2), (3, 5, 4), (3, 5, 8), (4, 5, 3), (4, 5, 9), (7, 5, 2), (7, 5, 3), (7, 5, 4), (7, 5, 6), (7, 5, 8), (7, 5, 12), (8, 5, 3), (9, 5, 2), (9, 5, 14), (10, 5, 3), (11, 5, 2), (11, 5, 3), (11, 5, 4), (11, 5, 6), (11, 5, 8), (11, 5, 12), (4, 6, 5), (8, 6, 7), (9, 6, 5), (2, 7, 3), (3, 7, 2), (3, 7, 4), (3, 7, 5), (3, 7, 10), (5, 7, 2), (5, 7, 3), (5, 7, 4), (5, 7, 6), (5, 7, 12), (8, 7, 3), (8, 7, 5), (8, 7, 15), (9, 7, 2), (9, 7, 4), (9, 7, 8), (9, 7, 10), (9, 7, 16), (11, 7, 2), (11, 7, 3), (11, 7, 4), (11, 7, 6), (11, 7, 12), (2, 8, 3), (2, 8, 5), (4, 8, 3), (4, 8, 9), (5, 8, 3), (6, 8, 7), (7, 8, 3), (7, 8, 5), (7, 8, 9), (10, 8, 3), (10, 8, 9), (11, 8, 3), (12, 8, 5), (2, 9, 5), (3, 9, 2), (3, 9, 4), (3, 9, 5), (3, 9, 10), (3, 9, 20), (3, 9, 40), (4, 9, 5), (5, 9, 2), (6, 9, 5), (7, 9, 2), (7, 9, 4), (7, 9, 5), (7, 9, 8), (7, 9, 10), (7, 9, 16), (7, 9, 20), (7, 9, 40), (8, 9, 5), (11, 9, 2), (11, 9, 4), (11, 9, 5), (11, 9, 10), (11, 9, 20), (12, 9, 5), (2, 10, 3), (5, 10, 3), (8, 10, 3), (8, 10, 9), (11, 10, 3), (12, 10, 11), (2, 11, 3), (3, 11, 2), (3, 11, 4), (3, 11, 20), (4, 11, 3), (4, 11, 5), (4, 11, 15), (5, 11, 2), (5, 11, 3), (5, 11, 4), (5, 11, 6), (5, 11, 8), (7, 11, 2), (7, 11, 3), (7, 11, 4), (7, 11, 6), (7, 11, 8), (7, 11, 9), (7, 11, 20), (8, 11, 3), (9, 11, 2), (9, 11, 4), (9, 11, 5), (9, 11, 10), (9, 11, 20), (10, 11, 3), (3, 12, 5), (8, 12, 5), (10, 12, 11)]
levels whose whole primitive spectrum is Kronecker (0 / cosines / roots of unity): [(3, 2, 5), (4, 2, 3), (4, 2, 5), (5, 2, 3), (6, 2, 5), (6, 2, 7), (6, 2, 37), (7, 2, 3), (7, 2, 5), (7, 2, 9), (8, 2, 3), (8, 2, 5), (8, 2, 7), (8, 2, 9), (8, 2, 13), (9, 2, 5), (10, 2, 3), (10, 2, 9), (10, 2, 11), (11, 2, 3), (11, 2, 5), (11, 2, 9), (12, 2, 5), (12, 2, 11), (12, 2, 13), (2, 3, 5), (4, 3, 5), (4, 3, 17), (5, 3, 2), (5, 3, 4), (5, 3, 8), (6, 3, 5), (6, 3, 7), (6, 3, 37), (7, 3, 2), (7, 3, 4), (7, 3, 5), (7, 3, 8), (7, 3, 10), (8, 3, 5), (8, 3, 7), (9, 3, 2), (9, 3, 4), (9, 3, 5), (9, 3, 10), (10, 3, 7), (10, 3, 11), (11, 3, 2), (11, 3, 4), (11, 3, 5), (11, 3, 14), (12, 3, 5), (12, 3, 11), (2, 4, 3), (2, 4, 5), (2, 4, 15), (3, 4, 5), (5, 4, 3), (5, 4, 13), (5, 4, 39), (6, 4, 5), (6, 4, 7), (6, 4, 37), (7, 4, 3), (7, 4, 5), (7, 4, 9), (8, 4, 3), (8, 4, 5), (8, 4, 7), (8, 4, 9), (8, 4, 13), (8, 4, 15), (8, 4, 39), (9, 4, 5), (9, 4, 41), (10, 4, 3), (10, 4, 9), (10, 4, 11), (10, 4, 27), (11, 4, 3), (11, 4, 5), (11, 4, 15), (12, 4, 5), (12, 4, 11), (2, 5, 3), (3, 5, 2), (3, 5, 4), (3, 5, 8), (4, 5, 3), (4, 5, 9), (4, 5, 17), (6, 5, 7), (7, 5, 2), (7, 5, 3), (7, 5, 4), (7, 5, 6), (7, 5, 8), (7, 5, 12), (7, 5, 48), (8, 5, 3), (8, 5, 7), (8, 5, 9), (9, 5, 2), (9, 5, 14), (10, 5, 3), (10, 5, 9), (10, 5, 11), (11, 5, 2), (11, 5, 3), (11, 5, 4), (11, 5, 6), (11, 5, 8), (11, 5, 12), (12, 5, 7), (12, 5, 11), (4, 6, 5), (4, 6, 17), (7, 6, 25), (8, 6, 7), (8, 6, 13), (9, 6, 5), (10, 6, 11), (12, 6, 11), (12, 6, 13), (2, 7, 3), (2, 7, 5), (2, 7, 15), (3, 7, 2), (3, 7, 4), (3, 7, 5), (3, 7, 10), (4, 7, 3), (4, 7, 5), (4, 7, 9), (4, 7, 17), (5, 7, 2), (5, 7, 3), (5, 7, 4), (5, 7, 6), (5, 7, 12), (5, 7, 13), (5, 7, 26), (5, 7, 39), (6, 7, 5), (8, 7, 3), (8, 7, 5), (8, 7, 9), (8, 7, 15), (9, 7, 2), (9, 7, 4), (9, 7, 5), (9, 7, 8), (9, 7, 10), (9, 7, 16), (10, 7, 3), (10, 7, 9), (10, 7, 11), (10, 7, 27), (11, 7, 2), (11, 7, 3), (11, 7, 4), (11, 7, 5), (11, 7, 6), (11, 7, 12), (12, 7, 5), (12, 7, 11), (12, 7, 13), (2, 8, 3), (2, 8, 5), (2, 8, 7), (3, 8, 5), (4, 8, 3), (4, 8, 5), (4, 8, 7), (4, 8, 9), (5, 8, 3), (6, 8, 5), (6, 8, 7), (7, 8, 3), (7, 8, 5), (7, 8, 9), (7, 8, 15), (9, 8, 5), (9, 8, 7), (10, 8, 3), (10, 8, 9), (10, 8, 11), (11, 8, 3), (11, 8, 5), (11, 8, 7), (11, 8, 35), (12, 8, 5), (12, 8, 11), (12, 8, 29), (2, 9, 5), (3, 9, 2), (3, 9, 4), (3, 9, 5), (3, 9, 10), (3, 9, 20), (3, 9, 40), (4, 9, 5), (5, 9, 2), (6, 9, 5), (6, 9, 7), (7, 9, 2), (7, 9, 4), (7, 9, 5), (7, 9, 8), (7, 9, 10), (7, 9, 16), (7, 9, 20), (7, 9, 40), (8, 9, 5), (8, 9, 7), (10, 9, 11), (11, 9, 2), (11, 9, 4), (11, 9, 5), (11, 9, 10), (11, 9, 20), (12, 9, 5), (12, 9, 11), (2, 10, 3), (3, 10, 7), (4, 10, 3), (4, 10, 17), (5, 10, 3), (5, 10, 13), (5, 10, 39), (6, 10, 7), (7, 10, 3), (8, 10, 3), (8, 10, 7), (8, 10, 9), (8, 10, 13), (8, 10, 39), (11, 10, 3), (12, 10, 11), (2, 11, 3), (2, 11, 9), (3, 11, 2), (3, 11, 4), (3, 11, 20), (4, 11, 3), (4, 11, 5), (4, 11, 15), (4, 11, 17), (5, 11, 2), (5, 11, 3), (5, 11, 4), (5, 11, 6), (5, 11, 8), (5, 11, 13), (5, 11, 26), (6, 11, 7), (7, 11, 2), (7, 11, 3), (7, 11, 4), (7, 11, 6), (7, 11, 8), (7, 11, 9), (7, 11, 15), (7, 11, 20), (7, 11, 25), (7, 11, 30), (7, 11, 48), (7, 11, 50), (8, 11, 3), (8, 11, 7), (8, 11, 9), (9, 11, 2), (9, 11, 4), (9, 11, 5), (9, 11, 10), (9, 11, 20), (10, 11, 3), (10, 11, 9), (12, 11, 13), (2, 12, 5), (3, 12, 5), (4, 12, 5), (4, 12, 17), (5, 12, 7), (6, 12, 5), (6, 12, 7), (7, 12, 5), (7, 12, 25), (8, 12, 5), (8, 12, 7), (9, 12, 5), (10, 12, 11), (11, 12, 5)]

golden ratio (j = 5 or 10): [(3, 2, 5), (8, 2, 5), (2, 3, 5), (7, 3, 5), (7, 3, 10), (8, 3, 11), (12, 3, 5), (2, 4, 5), (2, 4, 15), (3, 4, 5), (6, 4, 5), (7, 4, 5), (7, 4, 11), (8, 4, 5), (8, 4, 15), (9, 4, 5), (11, 4, 5), (11, 4, 15), (12, 4, 5), (6, 5, 11), (4, 6, 25), (9, 6, 25), (3, 7, 5), (3, 7, 10), (8, 7, 5), (8, 7, 15), (2, 8, 5), (2, 8, 35), (7, 8, 5), (12, 8, 5), (12, 8, 35), (2, 9, 5), (2, 9, 11), (3, 9, 5), (3, 9, 10), (3, 9, 20), (3, 9, 40), (4, 9, 5), (6, 9, 5), (7, 9, 5), (7, 9, 10), (7, 9, 20), (7, 9, 40), (8, 9, 5), (10, 9, 19), (11, 9, 5), (11, 9, 20), (12, 9, 5), (2, 10, 11), (2, 10, 33), (5, 10, 33), (6, 10, 11), (7, 10, 11), (8, 10, 11), (8, 10, 33), (4, 11, 25), (9, 11, 25), (9, 11, 50), (3, 12, 5), (3, 12, 55), (8, 12, 5), (8, 12, 55)]
   N-values: [5, 10, 11, 15, 19, 20, 25, 33, 35, 40, 50, 55];  with d = 2: [(3, 2, 5), (8, 2, 5)];  with q = d + 1: [(3, 2, 5), (6, 5, 11), (8, 7, 5), (8, 7, 15), (10, 9, 19)]
total time 12 s
