=== A. orders only: all primes 5 <= p < 1000000 ===
   78496 primes, 40 Pierpont: [5, 7, 13, 17, 19, 37, 73, 97, 109, 163, 193, 257, 433, 487, 577, 769, 1153, 1297, 1459, 2593, 2917, 3457, 3889, 10369, 12289, 17497, 18433, 39367, 52489, 65537, 139969, 147457, 209953, 331777, 472393, 629857, 746497, 786433, 839809, 995329]
   rung = a - b when b >= 1 (ord_p 3 even), 'none' when b = 0 (no eigenvalue of modulus 1/2 is forced)
   t = v2(p-1) | all primes: n and fractions [none, a<b (-1/2), a=b (+1/2), rung 1 (+-i/2), rung >= 2] | Pierpont primes with this t: p(rung)
   t =  1 | n =  39321  0.500  0.250  0.250  0.000  0.000 | [(7, '-1'), (19, '0'), (163, '0'), (487, '-1'), (1459, '0'), (39367, '-1')]
   t =  2 | n =  19623  0.251  0.000  0.499  0.250  0.000 | [(5, '0'), (13, 'none'), (37, '1'), (109, 'none'), (2917, '1')]
   t =  3 | n =   9791  0.125  0.660  0.155  0.061  0.000 | [(73, '-2'), (17497, 'none'), (52489, 'none'), (472393, '-2')]
   t =  4 | n =   4849  0.065  0.660  0.169  0.073  0.033 | [(17, '-1'), (433, 'none'), (1297, '2'), (3889, 'none')]
   t =  5 | n =   2456  0.031  0.678  0.160  0.076  0.055 | [(97, '0'), (2593, '-3'), (209953, '-4'), (629857, '0')]
   t =  6 | n =   1233  0.009  0.655  0.182  0.085  0.069 | [(193, '1'), (577, '0'), (139969, '1')]
   t =  7 | n =    618  0.013  0.668  0.159  0.084  0.076 | [(1153, '-1'), (3457, '0'), (10369, '-2'), (839809, '-3')]
   t =  8 | n =    307  0.000  0.661  0.163  0.078  0.098 | [(257, '-4'), (769, '3')]
   t =  9 | n =    153  0.000  0.693  0.124  0.098  0.085 | []
   t = 10 | n =     72  0.000  0.625  0.194  0.097  0.083 | [(746497, '0')]
   t = 11 | n =     31  0.000  0.742  0.129  0.097  0.032 | [(18433, '-1')]
   t = 12 | n =     25  0.000  0.560  0.200  0.040  0.200 | [(12289, '2'), (331777, '0'), (995329, '2')]
   t = 13 | n =      9  0.000  0.667  0.111  0.000  0.222 | []
   t = 14 | n =      4  0.000  0.250  0.250  0.250  0.250 | [(147457, '0')]
   t = 16 | n =      1  0.000  1.000  0.000  0.000  0.000 | [(65537, '-11')]
   t = 18 | n =      1  0.000  0.000  0.000  1.000  0.000 | [(786433, '1')]
   Pierpont primes, observed rung classes {'none': 6, '<0': 14, '0': 11, '1': 5, '>=2': 4}; expected from all primes with the same t: {'none': 5.21, '<0': 19.75, '0': 8.61, '1': 4.41, '>=2': 2.03}; chi^2 = 4.46 on 4 d.o.f. (5 % critical value 9.49)
   first primes by rung (smallest five), with Pierpont flag:
      rung 1 (eigenvalues (1/2) x primitive 2^2-th roots of unity): [(37, 'P'), (61, '-'), (157, '-'), (193, 'P'), (349, '-')]
      rung 2 (eigenvalues (1/2) x primitive 2^3-th roots of unity): [(1297, 'P'), (7057, '-'), (8017, '-'), (12097, '-'), (12289, 'P')]
      rung 3 (eigenvalues (1/2) x primitive 2^4-th roots of unity): [(769, 'P'), (8737, '-'), (15937, '-'), (64513, '-'), (90529, '-')]
      rung 4 (eigenvalues (1/2) x primitive 2^5-th roots of unity): [(37441, '-'), (76801, '-'), (175873, '-'), (208129, '-'), (236737, '-')]
      rung 5 (eigenvalues (1/2) x primitive 2^6-th roots of unity): [(202753, '-'), (284161, '-'), (461569, '-'), (616321, '-'), (794113, '-')]
   the three primes 6^(2^j) + 1:
      p = 7: ord 6 = 2, ord 2 = 3, ord 3 = 6, t = 1, a = 0, b = 1, rung = -1, content (p-1)/ord 3 = 1
      p = 37: ord 6 = 4, ord 2 = 36, ord 3 = 18, t = 2, a = 2, b = 1, rung = 1, content (p-1)/ord 3 = 2
      p = 1297: ord 6 = 8, ord 2 = 648, ord 3 = 162, t = 4, a = 3, b = 1, rung = 2, content (p-1)/ord 3 = 8
   6^(2^j) = -1 forces chi(2)^(2^j) chi(3)^(2^j) = -1 for the characters of exact 2-power order 2^(j+1): the 2-parts of ord 2 and ord 3 cannot both be < 2^(j+1);
   that is a constraint on (a, b), not a coincidence of the kernel.

=== B. spectra (float): Pierpont primes <= 1500 against their four nearest non-Pierpont neighbours ===
   p =    5 (ord2    4, ord3    4): |lambda_2| = 0.8090, content 1 (predicted 1) | neighbours [(11, 0.6692, 2, 0), (23, 0.728, 0, 0)]  [0s]
   p =    7 (ord2    3, ord3    6): |lambda_2| = 0.7139, content 1 (predicted 1) | neighbours [(11, 0.6692, 2, 0), (23, 0.728, 0, 0)]  [0s]
   p =   13 (ord2   12, ord3    3): |lambda_2| = 0.6693, content 0 (predicted 0) | neighbours [(11, 0.6692, 2, 0), (23, 0.728, 0, 0), (29, 0.6805, 1, 1)]  [0s]
   p =   17 (ord2    8, ord3   16): |lambda_2| = 0.7002, content 1 (predicted 1) | neighbours [(11, 0.6692, 2, 0), (23, 0.728, 0, 0), (29, 0.6805, 1, 1)]  [0s]
   p =   19 (ord2   18, ord3   18): |lambda_2| = 0.6881, content 1 (predicted 1) | neighbours [(11, 0.6692, 2, 0), (23, 0.728, 0, 0), (29, 0.6805, 1, 1)]  [0s]
   p =   37 (ord2   36, ord3   18): |lambda_2| = 0.6735, content 6 (predicted 2) | neighbours [(31, 0.7245, 2, 1), (29, 0.6805, 1, 1), (41, 0.6698, 5, 5), (43, 0.7314, 1, 1)]  [0s]
   p =   73 (ord2    9, ord3   12): |lambda_2| = 0.7562, content 6 (predicted 6) | neighbours [(71, 0.7434, 0, 0), (67, 0.6619, 3, 3), (79, 0.6765, 1, 1), (83, 0.6956, 0, 0)]  [0s]
   p =   97 (ord2   48, ord3   48): |lambda_2| = 0.6999, content 2 (predicted 2) | neighbours [(89, 0.6822, 1, 1), (83, 0.6956, 0, 0), (101, 0.7287, 1, 1), (103, 0.6733, 3, 3)]  [0s]
   p =  109 (ord2   36, ord3   27): |lambda_2| = 0.7006, content 0 (predicted 0) | neighbours [(107, 0.6973, 0, 0), (103, 0.6733, 3, 3), (113, 0.6823, 1, 1), (127, 0.6883, 1, 1)]  [0s]
   p =  163 (ord2  162, ord3  162): |lambda_2| = 0.6857, content 1 (predicted 1) | neighbours [(157, 0.6831, 2, 2), (151, 0.6851, 3, 3), (167, 0.6964, 0, 0), (173, 0.7102, 1, 1)]  [0s]
   p =  193 (ord2   96, ord3   16): |lambda_2| = 0.7246, content 12 (predicted 12) | neighbours [(191, 0.7154, 0, 0), (181, 0.7091, 0, 0), (197, 0.694, 1, 1), (199, 0.6988, 1, 1)]  [0s]
   p =  257 (ord2   16, ord3  256): |lambda_2| = 0.6711, content 1 (predicted 1) | neighbours [(251, 0.6939, 0, 0), (241, 0.6962, 2, 2), (263, 0.6908, 0, 0), (269, 0.7148, 1, 1)]  [1s]
   p =  433 (ord2   72, ord3   27): |lambda_2| = 0.7115, content 0 (predicted 0) | neighbours [(431, 0.7672, 0, 0), (421, 0.6772, 0, 0), (439, 0.7141, 3, 3), (443, 0.7223, 0, 0)]  [1s]
   p =  487 (ord2  243, ord3  486): |lambda_2| = 0.7013, content 1 (predicted 1) | neighbours [(479, 0.6795, 0, 0), (467, 0.6926, 0, 0), (491, 0.6813, 0, 0), (499, 0.7492, 3, 3)]  [2s]
   p =  577 (ord2  144, ord3   48): |lambda_2| = 0.7242, content 12 (predicted 12) | neighbours [(571, 0.7003, 1, 1), (569, 0.693, 1, 1), (587, 0.6945, 0, 0), (593, 0.7609, 1, 1)]  [3s]
   p =  769 (ord2  384, ord3   48): |lambda_2| = 0.6992, content 16 (predicted 16) | neighbours [(761, 0.6831, 5, 5), (757, 0.6862, 0, 0), (773, 0.6867, 1, 1), (787, 0.6898, 3, 3)]  [4s]
   p = 1153 (ord2  288, ord3  576): |lambda_2| = 0.7025, content 2 (predicted 2) | neighbours [(1151, 0.6931, 0, 0), (1129, 0.7022, 2, 2), (1163, 0.7025, 0, 0), (1171, 0.6962, 5, 5)]  [8s]
   p = 1297 (ord2  648, ord3  162): |lambda_2| = 0.6992, content 8 (predicted 8) | neighbours [(1291, 0.6876, 1, 1), (1289, 0.688, 7, 7), (1301, 0.6935, 1, 1), (1303, 0.6957, 3, 3)]  [13s]
   p = 1459 (ord2  486, ord3 1458): |lambda_2| = 0.6883, content 1 (predicted 1) | neighbours [(1453, 0.6997, 0, 0), (1451, 0.6829, 0, 0), (1471, 0.6964, 5, 5), (1481, 0.6913, 1, 1)]  [18s]
   |lambda_2|: Pierpont mean 0.7062 (sd 0.0323, n = 19); neighbours mean 0.6975 (sd 0.0226, n = 69)
   paired difference (Pierpont - mean of its 4 neighbours): mean +0.0089, sd 0.0318, t = +1.22 (n = 19); Pierpont larger in 12 of 19
   same, p >= 97 only: mean +0.0024, sd 0.0132, t = +0.64 (n = 12)
   measured content differs from the theorem's count at Pierpont primes [(37, 6, 2)] and at neighbours [(11, 2, 0), (31, 2, 1)]   (these are the sporadic primes 11, 31, 37)
   content / (p - 1) = 1/ord_p(3) or 0: Pierpont mean 0.0431, neighbours mean 0.0086  (Pierpont primes have 3-smooth, hence often small, ord_p(3))
total time 18 s
