Pierpont points (i,j), 1<=i<=40, 0<=j<=40, primality proved by Lucas certificate: 159
  with i+j <= 8: [(1, 1), (2, 0), (1, 2), (2, 1), (2, 2), (4, 0), (1, 4), (2, 3), (3, 2), (1, 5), (5, 1), (1, 6), (4, 3), (6, 1), (2, 6), (4, 4), (6, 2), (8, 0)]
  as primes     : [5, 7, 13, 17, 19, 37, 73, 97, 109, 163, 193, 257, 433, 487, 577, 1297, 1459, 2917]
absorb() agrees with the explicit sum over R on 0<=a,b<=12

TABLE 1.  A(a,b) = #{x : phi(x) = 2^a 3^b}.  rows a = 0..30 (power of 2), columns b = 0..12 (power of 3)
      b=        0        1        2        3        4        5        6        7        8        9       10       11       12
a= 0           2        0        0        0        0        0        0        0        0        0        0        0        0
a= 1           3        4        4        2        4        4        4        2        2        4        2        2        2
a= 2           4        6        8        9        8       12       18       15       13       16       17       17       13
a= 3           5       10       17       19       21       25       34       42       41       41       47       51       51
a= 4           6       11       21       34       39       48       64       81       94      103      108      124      137
a= 5           7       17       28       45       64       82      101      133      167      196      212      237      271
a= 6           8       21       38       62       87      125      166      207      263      336      390      435      491
a= 7           9       27       54       86      124      175      241      322      400      503      625      736      834
a= 8          10       32       66      119      173      245      346      470      610      768      945     1158     1362
a= 9          11       39       84      153      238      339      469      655      876     1126     1399     1721     2083
a=10          12       43       97      187      308      460      652      892     1210     1607     2031     2499     3056
a=11          13       50      119      225      377      586      857     1198     1623     2175     2839     3561     4360
a=12          14       56      133      272      466      730     1101     1570     2154     2897     3819     4913     6120
a=13          15       64      159      319      561      906     1368     1997     2799     3797     5036     6549     8333
a=14          16       69      180      375      677     1104     1704     2504     3550     4912     6578     8598    11052
a=15          17       77      207      437      798     1335     2081     3100     4442     6198     8429    11155    14414
a=16          18       82      225      501      939     1586     2525     3813     5505     7743    10630    14233    18580
a=17          19       90      256      563     1083     1869     2993     4592     6747     9562    13215    17864    23617
a=18          20       97      278      634     1240     2178     3557     5489     8132    11695    16299    22148    29520
a=19          21      106      312      718     1402     2512     4155     6510     9742    14096    19872    27257    36527
a=20          22      112      337      803     1606     2882     4832     7665    11573    16893    23984    33192    44866
a=21          23      121      372      891     1811     3303     5574     8931    13669    20095    28700    40028    54578
a=22          24      127      395      981     2031     3763     6425    10356    15980    23765    34197    47915    65752
a=23          25      136      432     1076     2249     4241     7339    11945    18564    27814    40420    57064    78683
a=24          26      142      458     1171     2499     4746     8334    13723    21479    32388    47387    67463    93649
a=25          27      151      495     1276     2752     5297     9377    15611    24724    37536    55222    79156   110718
a=26          28      157      522     1381     3028     5901    10549    17689    28245    43298    64123    92350   129963
a=27          29      166      560     1489     3309     6528    11801    19966    32121    49606    74052   107304   151747
a=28          30      172      586     1592     3609     7195    13159    22459    36387    56578    85046   124102   176464
a=29          31      181      624     1706     3896     7885    14562    25117    41060    64248    97144   142682   204220
a=30          32      189      652     1811     4208     8611    16076    27973    46087    72704   110583   163251   235028

(the full exact table for 0<=a,b<=40 is in q41_table.json)

TABLE 1b.  D(c,d) = number of sets of distinct Pierpont points summing to (c,d), c = 0..12, d = 0..8
      d=      0      1      2      3      4      5      6      7      8
c= 0         1      0      0      0      0      0      0      0      0
c= 1         0      1      1      0      1      1      1      0      0
c= 2         1      1      1      2      0      1      3      2      1
c= 3         0      1      3      2      3      3      3      6      5
c= 4         1      1      1      5      4      4      6      7      9
c= 5         0      2      3      3      7      9      7     11     16
c= 6         1      2      3      6      6     10     16     15     17
c= 7         0      2      6      7     11     14     17     27     30
c= 8         1      3      4     11     13     16     26     33     44
c= 9         0      2      7     11     20     27     29     44     61
c=10         1      3      5     12     21     31     47     54     72
c=11         0      2      9     14     23     39     54     76     97
c=12         1      4      5     16     29     41     68     94    123

Row b = 0 (phi(x) = 2^a): [2, 3, 4, 5, 6, 7, 8, 9, 10, 11, 12, 13, 14, 15, 16, 17, 18, 19, 20, 21, 22, 23, 24, 25, 26, 27, 28, 29, 30, 31, 32, 33, 32, 32, 32, 32, 32, 32, 32, 32, 32]
  -> a+2 for a <= 31 and 32 for a >= 32 (five Fermat primes 3,5,17,257,65537; exponents 1,2,4,8,16 sum to 31)
Column a = 0 (phi(x) = 3^b): [2, 0, 0, 0, 0, 0, 0, 0]  (phi is even beyond 1)
Column a = 1 (phi(x) = 2*3^b): [3, 4, 4, 2, 4, 4, 4, 2, 2, 4, 2, 2, 2, 2, 2, 2, 4, 4, 2, 2, 2, 2, 2, 2, 2, 2, 2, 2, 2, 2, 4, 2, 2, 2, 2, 2, 2, 2, 2, 2, 2]
  -> 3 at b = 0; otherwise 4 when 2*3^b + 1 is prime and 2 when it is not
Diagonal A(a,a) (phi(x) = 6^a): [2, 4, 8, 19, 39, 82, 166, 322, 610, 1126, 2031, 3561, 6120, 10309, 17064, 27932, 45074, 71903, 113365, 176850, 273209, 418032, 634256, 954358, 1425236, 2112831]

THE EIGHT SOLUTIONS OF phi(x) = 36 = 2^2 3^2 AS LATTICE DECOMPOSITIONS OF (2,2)
  x     = 2^alpha * 3^beta * (Pierpont primes)        (2,2) = [from 2^alpha] + [from 3^beta] + Pierpont points
    37 = 2^0 * 3^0 * [37]     (2,2) = (0, 0) + (0, 0) + [(2, 2)]
    57 = 2^0 * 3^1 * [19]     (2,2) = (0, 0) + (1, 0) + [(1, 2)]
    63 = 2^0 * 3^2 * [7]      (2,2) = (0, 0) + (1, 1) + [(1, 1)]
    74 = 2^1 * 3^0 * [37]     (2,2) = (0, 0) + (0, 0) + [(2, 2)]
    76 = 2^2 * 3^0 * [19]     (2,2) = (1, 0) + (0, 0) + [(1, 2)]
   108 = 2^2 * 3^3 * 1        (2,2) = (1, 0) + (1, 2) + []
   114 = 2^1 * 3^1 * [19]     (2,2) = (0, 0) + (1, 0) + [(1, 2)]
   126 = 2^1 * 3^2 * [7]      (2,2) = (0, 0) + (1, 1) + [(1, 1)]
  grouped by Pierpont part:  D(2,2)R(0,0) + D(1,2)R(1,0) + D(1,1)R(1,1) + D(0,0)R(2,2) = 1*2 + 1*3 + 1*2 + 1*1 = 8
  the other Pierpont points below (2,2) are (2,0) [5] and (2,1) [13]; their remainders are (0,2) and (0,1),
  and R(0,v) = 0 for v > 0 (a power of 3 always brings a factor 2), so 5 and 13 divide no solution.

COLUMN a = 2.  A(2,b) = 1 + 2 #{1<=d<b : 2*3^d+1 prime} + 3 [2*3^b+1 prime] + 2 [4*3^b+1 prime]
              + 2 #{d1<d2, d1+d2=b : 2*3^d1+1 and 2*3^d2+1 prime}   for b >= 1: mismatches for b <= 40: 0
  at b = 2:  A(2,2) = 1 + 2 [7 prime] + 3 [19 prime] + 2 [37 prime] = 8, the largest value the formula allows.

BRUTE FORCE.  totient sieve to N = 10000000; phi(x) <= 1000000 implies x <= 5.5394 * phi(x) < N,
  so the sieve sees every solution of phi(x) = m for every m <= 10^6.
  3-smooth m <= 10^6 checked: 142, mismatches between sieve count and formula: 0
  phi^-1(36) from the sieve: [37, 57, 63, 74, 76, 108, 114, 126]

A014197(m) for m = 1..40 (number of x with phi(x) = m):
   [2, 3, 0, 4, 0, 4, 0, 5, 0, 2, 0, 6, 0, 0, 0, 6, 0, 4, 0, 5, 0, 2, 0, 10, 0, 0, 0, 2, 0, 2, 0, 7, 0, 0, 0, 8, 0, 0, 0, 9]
A007374 recomputed (least m with exactly k solutions, k = 2..31):
   [1, 2, 4, 8, 12, 32, 36, 40, 24, 48, 160, 396, 2268, 704, 312, 72, 336, 216, 936, 144, 624, 1056, 1760, 360, 2560, 384, 288, 1320, 3696, 240]
  agrees with the OEIS data for k = 2..31: True
  k : least m : 3-smooth? : lattice point
   2 :     1 : yes : (0, 0)
   3 :     2 : yes : (1, 0)
   4 :     4 : yes : (2, 0)
   5 :     8 : yes : (3, 0)
   6 :    12 : yes : (2, 1)
   7 :    32 : yes : (5, 0)
   8 :    36 : yes : (2, 2)
   9 :    40 : no  : -
  10 :    24 : yes : (3, 1)
  11 :    48 : yes : (4, 1)
  12 :   160 : no  : -
  13 :   396 : no  : -
  14 :  2268 : no  : -
  15 :   704 : no  : -
  16 :   312 : no  : -
  17 :    72 : yes : (3, 2)
  18 :   336 : no  : -
  19 :   216 : yes : (3, 3)
  20 :   936 : no  : -
  21 :   144 : yes : (4, 2)
  22 :   624 : no  : -
  23 :  1056 : no  : -
  24 :  1760 : no  : -
  25 :   360 : no  : -
  26 :  2560 : no  : -
  27 :   384 : yes : (7, 1)
  28 :   288 : yes : (5, 2)
  29 :  1320 : no  : -
  30 :  3696 : no  : -
  31 :   240 : no  : -
  multiplicities below 36: {1: 2, 2: 3, 4: 4, 6: 4, 8: 5, 10: 2, 12: 6, 16: 6, 18: 4, 20: 5, 22: 2, 24: 10, 28: 2, 30: 2, 32: 7}
  -> the values 2,3,4,5,6,7 are first reached at 1,2,4,8,12,32; 24 = 2^3*3 jumps to 10, so 8 is first reached at 36.

3-smooth m <= 10^6: 142; of these totient values: 130; all totient values <= 10^6: 180184
  mean fibre size over totient values <= 10^6: all 10.789, 3-smooth 115.462

wrote q41_table.json   (2.5 s)
