3x+1.  n in [2, 10000000], so M(d) is complete for d <= 5000000.   [1 s]
(a) n/2 <= dest(n) < n for all n: verified.
    M(d) >= 1 for all d <= 5000000 (n = 2d): verified.   M(1..40) = [1, 2, 1, 2, 2, 1, 2, 1, 1, 4, 2, 1, 2, 1, 1, 2, 1, 1, 2, 3, 1, 2, 3, 1, 2, 1, 1, 2, 2, 1, 2, 1, 1, 2, 1, 1, 3, 4, 1, 2]
(b) M(d) = 1 for every d divisible by 3 (1666666 values): verified.
    distribution of M(d), d <= 5000000:
      m        count      frequency     least d with M(d) = m
      1      2656603     0.531321      1
      2      1688103     0.337621      2
      3       392400     0.078480      20
      4       144347     0.028869      10
      5        76855     0.015371      91
      6        24112     0.004822      122
      7        10324     0.002065      61
      8         4295     0.000859      1144
      9         1700     0.000340      3844
     10          719     0.000144      6275
     11          311     0.000062      767
     12          132     0.000026      17479
     13           61     0.000012      81388
     14           21     0.000004      1000226
     15           13     0.000003      348391
     16            2     0.000000      795134
     17            2     0.000000      293501
    by residue of d mod 3:  d = 0 mod 3: mean M 1.0000, Pr[M = 1] 1.0000;  d = 1 mod 3: mean M 2.3409, Pr[M = 1] 0.0000;  d = 2 mod 3: mean M 1.7302, Pr[M = 1] 0.5940
    max M(d) for d <=      100: 7  (first at d = 61)
    max M(d) for d <=     1000: 11  (first at d = 767)
    max M(d) for d <=    10000: 11  (first at d = 767)
    max M(d) for d <=   100000: 13  (first at d = 81388)
    max M(d) for d <=  1000000: 17  (first at d = 293501)
    max M(d) for d <=  5000000: 17  (first at d = 293501)
    the fibre of d = 293501: n = [317031, 325743, 333991, 401243, 406719, 439327, 451399, 463803, 475547, 488615, 500987, 521779, 534991, 563611, 571303, 579099, 587002]  with shortcut dropping times k = [54, 16, 62, 48, 29, 83, 45, 7, 53, 15, 61, 4, 50, 58, 39, 20, 1]

    Terras' coefficient stopping time (least j with 3^(s_j) < 2^j) equals the dropping time k(n)
    for every 2 <= n <= 10000000: verified.  (Known far beyond this range; open in general.)

(c) dropping classes with k <= 24: 81119;  not yet dropped at level 24: 286581 classes (density 0.01708)
    classes by s: [1, 1, 1, 2, 3, 7, 12, 30, 85, 173, 476, 961, 2652, 8045, 17637, 51033]  (s >= 1: OEIS A100982 as long as k(s) <= K)
    dest(r + 2^k t) = d_r + 3^s t and k(n) = k: verified on 31791 random members with n <= N.
    for d <= 300000:  M(d) - (number of classes with k <= 24 through d) is >= 0 everywhere: True; nonzero for 3839 values of d (1.2797%) -- classes with k > 24
    exact densities of {d : M_K(d) = m}, M_K = number of classes with k <= K through the 3-adic
    residue of d  (computed on Z / 3^S, S = largest s with k(s) <= K):
      K     S    Pr[M_K=1]   Pr[=2]    Pr[=3]    Pr[=4]    Pr[=5]   Pr[>=6]   mean M_K
      4     2    0.555556  0.444444  0.000000  0.000000  0.000000  0.000000   1.444444
      8     5    0.543210  0.358025  0.074074  0.020576  0.004115  0.000000   1.584362
     12     7    0.536808  0.353452  0.077732  0.022862  0.008688  0.000457   1.614540
     16    10    0.535386  0.345086  0.078054  0.026368  0.012227  0.002879   1.644346
     20    12    0.533553  0.343649  0.079027  0.027000  0.012987  0.003784   1.654761
     24    15    0.533031  0.340903  0.078704  0.028093  0.014072  0.005197   1.667051
    Pr[M_K = 1] decreases to the natural density of {M = 1}; observed frequency for d <= 5000000: 0.531321

(d) mean multiplicity.  N(s) from the word count (N(1..25) = A100982 checked).
      smax    sum N(s)/2^k(s)  (density dropped)      sum N(s)/3^s  (mean multiplicity so far)
        10       0.9677429199                        1.6443462209
        25       0.9941766555                        1.6824308128
        50       0.9993356003                        1.6894385659
       100       0.9999827423                        1.6903362282
       200       0.9999999727                        1.6903605544
       400       1.0000000000                        1.6903605922
    observed mean of M(d), d <= 5000000: 1.690363;   mean of 2^k/3^s over 2 <= n <= N: 1.690346;   mean of n/dest(n): 1.690346

(f) pairs (k, d): 9999997 distinct pairs for 9999999 values of n; largest multiplicity of a pair: 2
    pairs with multiplicity >= 2: 2; multiplicity counts: {1: 9999995, 2: 2}
      d = 230812, k = 67: n = [311291, 311295]
      d = 9298928, k = 46: n = [9534459, 9534463]

(g) MIRROR MAPS, shortcut form x -> x/2 or (q x + c)/2, same definitions.

  3x+1 (reference):  n in [2, 2000000]; n that do not drop (cycle minima, or orbit above 2^60 / 3000 steps): 0  (0.0000%);  first few: []
    d in [1, 1000000]: mean M = 1.69029;  max M = 17;  distribution: 1: 0.5313, 2: 0.3376, 3: 0.0785, 4: 0.0289, 5: 0.0153, 6: 0.0048, 7: 0.0021, 8: 0.0009, 9: 0.0003, 10: 0.0001, 11: 0.0001
    M(d) = 0 for 0 values of d;  among multiples of 3: M = 1 for 333333 of 333333, other values: []

  3x-1:  n in [2, 2000000]; n that do not drop (cycle minima, or orbit above 2^60 / 3000 steps): 2  (0.0001%);  first few: [5, 17]
    d in [1, 1000000]: mean M = 1.69033;  max M = 18;  distribution: 1: 0.5314, 2: 0.3376, 3: 0.0785, 4: 0.0290, 5: 0.0154, 6: 0.0047, 7: 0.0021, 8: 0.0009, 9: 0.0003, 10: 0.0001, 11: 0.0001
    M(d) = 0 for 0 values of d;  among multiples of 3: M = 1 for 333333 of 333333, other values: []

  5x+1:  n in [2, 2000000]; n that do not drop (cycle minima, or orbit above 2^60 / 3000 steps): 351976  (17.5988%);  first few: [5, 7, 9, 13, 17, 21, 23, 25, 29, 31, 37, 39]
    d in [1, 1000000]: mean M = 1.45354;  max M = 10;  distribution: 1: 0.6781, 2: 0.2202, 3: 0.0771, 4: 0.0205, 5: 0.0032, 6: 0.0007, 7: 0.0002
    M(d) = 0 for 0 values of d;  among multiples of 5: M = 1 for 200000 of 200000, other values: []

done in 7 s
