=== 1. alpha-sequence page ===
  n=3: alphas=[1, 4] odd steps=2 distinct=[1, 4] radical=4 quality=0.792
  n=7: alphas=[1, 1, 2, 3, 4] odd steps=5 distinct=[1, 2, 3, 4] radical=24 quality=0.612
  n=27: alphas=[1, 2, 1, 1, 1, 1]... odd steps=41 distinct=[1, 2, 3, 4, 5] radical=120 quality=0.688
  n=5461: alphas=[14] odd steps=1 distinct=[14] radical=14 quality=3.261
  n=7253: alphas=[8, 8] odd steps=2 distinct=[8] radical=8 quality=4.275
  27: steps=111, max=9232
  top qualities among odd n < 10000: [(7253, 4.275), (4835, 4.08), (3223, 3.885), (5461, 3.261), (5729, 3.121), (9269, 3.049)]
  quality of (4^k-1)/3, k=2..40 step 6: [(2, 1.16), (8, 3.6), (14, 5.49), (20, 7.22), (26, 8.84), (32, 10.4), (38, 11.91)]

=== 2. parity of A100982 (P_o mod 2), o = 1..20000 ===
  first 13 parities: [1, 1, 0, 1, 1, 0, 0, 1, 1, 0, 1, 0, 1]  (A100982 = 1,1,2,3,7,12,30,85,173,476,961,2652,8045)
  share of 1s = 0.47560; distance from 1/2 = 6.9 standard errors
  distinct blocks of length 5: 32 of 32
  distinct blocks of length 8: 256 of 256
  distinct blocks of length 11: 2048 of 2048
  distinct blocks of length 12: 4053 of 4096
  distinct blocks of length 14: 11440 of 16384

=== 3. rational cutting sequence vs log2 3 word ===
  3/2: floor(j p/q) = floor(j log2 3) for j < 7; increments purely periodic with period 2: True
  8/5: floor(j p/q) = floor(j log2 3) for j < 5; increments purely periodic with period 5: True
  19/12: floor(j p/q) = floor(j log2 3) for j < 53; increments purely periodic with period 12: True
  84/53: floor(j p/q) = floor(j log2 3) for j < 359; increments purely periodic with period 53: True

=== 4. 5x+1: integers below 2^16 that do not drop within 2000 steps ===
  non-droppers: 11467 of 65534 = 0.1750; of these on a known cycle: 2
  known cycle elements in total: 27
