=== A. Terras sums  sum_o N_q(o) / 2^(B_o+1)  (2-adic measure of 'drops') ===
  q=3: o<=5: 0.925781, o<=10: 0.967743, o<=20: 0.990373, o<=50: 0.999336, o<=100: 0.999983, o<=200: 1.000000, o<=400: 1.000000, o<=1000: 1.000000, o<=3000: 1.000000
  q=5: o<=5: 0.753906, o<=10: 0.787015, o<=20: 0.807550, o<=50: 0.820576, o<=100: 0.823472, o<=200: 0.823951, o<=400: 0.823974
  q=7: o<=5: 0.681610, o<=10: 0.694246, o<=20: 0.698538, o<=50: 0.699242, o<=100: 0.699249, o<=200: 0.699249, o<=400: 0.699249
  q=9: o<=5: 0.608536, o<=10: 0.612892, o<=20: 0.613821, o<=50: 0.613870, o<=100: 0.613870, o<=200: 0.613870, o<=400: 0.613870
  3x-1: dropping words obey the same coefficient test 3^o < 2^e, so the sum is the q=3 sum (-> 1),
        although 3x-1 has the cycles {1,2}, {5,14,7,20,10} and the 17-cycle.

=== B. direct check of 3x-1: share of n in [2, 2^20) that drop within 400 steps ===
  dropped: 1048572/1048574 = 0.999998; first non-droppers: [5, 17]

=== C. direct check of 5x+1: share of n in [2, 2^18) that drop within 60 steps ===
  dropped: 211054/262142 = 0.805113

=== D. class sizes |R_k^(q)| = N_q(o) * 2^o  vs component tables ===
  q=5: [(1, 1, 1), (4, 2, 2), (7, 8, 8), (10, 40, 40), (14, 224, 224), (17, 1792, 1792)] OK
  q=7: [(1, 1, 1), (4, 2, 2), (8, 8, 8), (12, 56, 56), (16, 480, 480)] OK
  q=9: [(1, 1, 1), (5, 2, 2), (9, 12, 12), (13, 96, 96)] OK
  q=3 correct table (k: |R_k|):
    1: 1, 3: 2, 6: 4, 8: 16, 11: 48, 13: 224, 16: 768, 19: 3840, 21: 21760, 24: 88576, 26: 487424, 29: 1968128, 32: 10862592, 34: 65904640, 37: 288964608, 39: 1672249344, 42: 7140147200, 44: 40954101760, 47: 173941719040, 50: 996393615360, 52: 6225052827648, 55: 28253452500992

=== E. sign of c2 - c1 vs gap rule, o = 1..60 ===
  exceptions (o, gap, c2-c1): [(3, 2, 0)]
  first values: [(1, (2, -1)), (2, (3, 1)), (3, (2, 0)), (4, (3, 1)), (5, (2, -1)), (6, (3, 4)), (7, (3, 4)), (8, (2, -13))]

=== F. coefficient stopping time = stopping time, every n in [2, 10^7] ===
  n = 2..10000000: violations = 0; longest shortcut stopping time = 246

=== G. Beatty list and gaps ===
  k_o, o=0..13: [1, 3, 6, 8, 11, 13, 16, 19, 21, 24, 26, 29, 32, 34]
  gaps: [2, 3, 2, 3, 2, 3, 3, 2, 3, 2, 3, 3, 2]
  tau = 2 - log2 3 = 0.4150374992788439
