1. Sturmian Bridge, tip B: k_o against the crossings of y = x log2 3
  [OK] k_o = 1 + (crossings up to and including the o-th vertical one), o < 200 -- k_1 = 3, k_2 = 6; crossings before the 1st, 2nd vertical: 1, 4
2. Sign rule, class by class
   classes per level (real integers, o = 1..10): [1, 1, 2, 3, 7, 12, 30, 85, 173, 476]
   c2 - c1           (real integers, o = 1..10): [-1, 1, 0, 1, -1, 4, 4, -13, 49, -62]
  [OK] class counts are A100982 from o = 1: 1, 1, 2, 3, 7, 12, 30, 85, 173, 476
  [OK] DP agrees with the real-integer count for o <= 10
  [OK] sign(c2 - c1) = gap rule for every o <= 400 except o = 3 -- exceptions: [3]
  [OK] c2 - c1 = eps_o * A_o (the recursion) for every o <= 400 -- mismatches: []
  [OK] c2 - c1 = 0 at o = 3
3. beta(s): the multiplier, and the number itself
  [OK] 5 -> 4 loses log2(5/4) = 0.32 bits, beta(1) = 0.415 -- 0.3219 vs 0.4150
  [OK] 3 -> 2 loses 0.585 bits, beta(2) = 0.830
  [OK] odd n <= 10000000: halvings = floor(s log2 3) + 1 in every case (multiplier = 2^-beta(s)) -- 0 exceptions
  [OK] the number itself loses LESS than beta(s) bits in every one of those drops -- 0 drops lose >= beta(s)
  [OK] mean beta(s) over odd n <= 10^7 is about 0.45 -- mean beta = 0.4496; mean bits lost by the number = 0.4495
4. The 44 in the article's polar plots
  [OK] 44 radians = 7.003 turns -- 7.0028
  [OK] 44 * log_6 3 = 26.98 -- 26.9785
5. Alphabet-rotation figure: the margins at the convergent denominators
   margins: {1: 0.415, 2: 0.8301, 5: 0.0752, 12: 0.9804, 41: 0.0165, 53: 0.997}
  [OK] margin near 0 at s = 5, 41 and near 1 at s = 12, 53
6. Alpha Sequence: quality under 10000
  [OK] highest quality among odd n < 10000 is 7253 -- 7253: 4.275
  [OK] 9670 (even) scores 4.41, above 7253's 4.27 -- 4.413 vs 4.275
  [OK] a power of two scores infinity
7. Dropping-alphabet figure: 2^{e_s} in (3^s, 2*3^s] with e_s = floor(s log2 3) + 1
  [OK] holds for s = 0..300, with equality 2^{e_0} = 2*3^0 at s = 0 only

ALL OK
