==============================================================================
A. affine-orbit.md
==============================================================================
  k= 1 s=0 slope=1/2 = 0.5000  classes mod 2^1: 1  [0]
  k= 3 s=1 slope=3/4 = 0.7500  classes mod 2^2: 1  [1]
  k= 6 s=2 slope=9/16 = 0.5625  classes mod 2^4: 1  [3]
  k= 8 s=3 slope=27/32 = 0.8438  classes mod 2^5: 2  [11, 23]
  k=11 s=4 slope=81/128 = 0.6328  classes mod 2^7: 3  [7, 15, 59]
  k=13 s=5 slope=243/256 = 0.9492  classes mod 2^8: 7  [39, 79, 95, 123, 175, 199, 219]
  dest(5) = 4  (3*5+1)/4 = 4
  dest(3) = 2  (9*3+5)/16 = 2
  s values seen per k (n < 2^16), any k with two different s?: {}
  s=0: ceil(s log2 6)=0  floor(s log2 6)+1=1
  s=1: ceil(s log2 6)=3  floor(s log2 6)+1=3
  s=2: ceil(s log2 6)=6  floor(s log2 6)+1=6
  s=3: ceil(s log2 6)=8  floor(s log2 6)+1=8
  s=4: ceil(s log2 6)=11  floor(s log2 6)+1=11
  s=5: ceil(s log2 6)=13  floor(s log2 6)+1=13
  classes of Terras level <= 24: residues with tau<= 24: 16490635 of 16777216
  residues r < 2^24 with tau(r) <= 24 but sigma(r) != tau(r): [0, 1]
  class counts N(level): [1, 1, 1, 2, 3, 7, 12, 30, 85, 173, 476, 961, 2652, 8045, 17637, 51033]
  total classes: 81119
  level -> s (un-shortcut k = level + s): {1: ([0], [1]), 2: ([1], [3]), 4: ([2], [6]), 5: ([3], [8]), 7: ([4], [11]), 8: ([5], [13]), 10: ([6], [16]), 12: ([7], [19]), 13: ([8], [21]), 15: ([9], [24]), 16: ([10], [26]), 18: ([11], [29]), 20: ([12], [32]), 21: ([13], [34]), 23: ([14], [37]), 24: ([15], [39])}
  n <= 10^7: all dropped: True; max Terras stopping time 246 (un-shortcut 401)
  distinct (level, s) pairs for n <= 10^7: 140; pairs violating level = floor(s log2 3)+1: 0
  dropping times seen: [1, 3, 6, 8, 11, 13, 16, 19, 21, 24, 26, 29, 32, 34, 37, 39, 42, 44, 47, 50] ...
  orbit-max affinity: classes checked (level<=20): 4404; classes where argmax index differs among first members: 0

==============================================================================
B. bit-destruction.md
==============================================================================
   s   s*log2(3)   beta=1-frac   ceil-s*log   k=s+floor+1
   0      0.000   1.000        0.000      1
   1      1.585   0.415        0.415      3
   2      3.170   0.830        0.830      6
   3      4.755   0.245        0.245      8
   4      6.340   0.660        0.660      11
   5      7.925   0.075        0.075      13
   6      9.510   0.490        0.490      16
   7     11.095   0.905        0.905      19
   8     12.680   0.320        0.320      21
   9     14.265   0.735        0.735      24
  10     15.850   0.150        0.150      26
  11     17.435   0.565        0.565      29
  12     19.020   0.980        0.980      32
  13     20.605   0.395        0.395      34
  14     22.189   0.811        0.811      37
  15     23.774   0.226        0.226      39
  16     25.359   0.641        0.641      42
  17     26.944   0.056        0.056      44
  18     28.529   0.471        0.471      47
  19     30.114   0.886        0.886      50
  20     31.699   0.301        0.301      52
  21     33.284   0.716        0.716      55
  22     34.869   0.131        0.131      57
  23     36.454   0.546        0.546      60
  24     38.039   0.961        0.961      63
  25     39.624   0.376        0.376      65
  26     41.209   0.791        0.791      68
  27     42.794   0.206        0.206      70
  28     44.379   0.621        0.621      73
  29     45.964   0.036        0.036      75
  p/s=8/5=1.60000  log2 3=1.58496  above=True  beta(5)=0.07519
  p/s=65/41=1.58537  log2 3=1.58496  above=True  beta(41)=0.01654
  p/s=485/306=1.58497  log2 3=1.58496  above=True  beta(306)=0.00147
  p/s=19/12=1.58333  log2 3=1.58496  above=False  beta(12)=0.98045
  p/s=84/53=1.58491  log2 3=1.58496  above=False  beta(53)=0.99699

==============================================================================
C. mixing.md
==============================================================================
  B= 2 2^B=       4 ord=      2 ratio=1/2
  B= 3 2^B=       8 ord=      2 ratio=1/4
  B= 4 2^B=      16 ord=      4 ratio=1/4
  B= 5 2^B=      32 ord=      8 ratio=1/4
  B= 6 2^B=      64 ord=     16 ratio=1/4
  B= 8 2^B=     256 ord=     64 ratio=1/4
  B=10 2^B=    1024 ord=    256 ratio=1/4
  B=12 2^B=    4096 ord=   1024 ratio=1/4
  B=16 2^B=   65536 ord=  16384 ratio=1/4
  B=20 2^B= 1048576 ord= 262144 ratio=1/4
  v2(3^(2^j)-1) for j=0..6: [1, 3, 4, 5, 6, 7, 8]  (page formula j+2)
  s=1 v2(s)=0  ord(3^s)/ord(3) mod 2^16 = 1
  s=2 v2(s)=1  ord(3^s)/ord(3) mod 2^16 = 1/2
  s=3 v2(s)=0  ord(3^s)/ord(3) mod 2^16 = 1
  s=4 v2(s)=2  ord(3^s)/ord(3) mod 2^16 = 1/4
  s=5 v2(s)=0  ord(3^s)/ord(3) mod 2^16 = 1
  s=6 v2(s)=1  ord(3^s)/ord(3) mod 2^16 = 1/2
  s=7 v2(s)=0  ord(3^s)/ord(3) mod 2^16 = 1
  s=8 v2(s)=3  ord(3^s)/ord(3) mod 2^16 = 1/8
  [all 2<=n<50000] pairs=49997  H(Set of n)=2.359  H(cur)=2.359  H(next)=2.356  H(next|cur)=2.343  I=0.0132 bits  I/H(next)=0.56%  TV(joint,product)=0.0106  mean row TV=0.0106  cells=3240  plug-in bias approx=0.0451
  [odd 3<=n<50000] pairs=24999  H(Set of n)=2.719  H(cur)=2.719  H(next)=2.353  H(next|cur)=2.327  I=0.0256 bits  I/H(next)=1.09%  TV(joint,product)=0.0190  mean row TV=0.0190  cells=3127  plug-in bias approx=0.0870
  [all 2<=n<500000] pairs=499997  H(Set of n)=2.362  H(cur)=2.362  H(next)=2.361  H(next|cur)=2.358  I=0.0029 bits  I/H(next)=0.12%  TV(joint,product)=0.0032  mean row TV=0.0032  cells=8064  plug-in bias approx=0.0114
  [odd 3<=n<500000] pairs=249999  H(Set of n)=2.724  H(cur)=2.724  H(next)=2.360  H(next|cur)=2.354  I=0.0056 bits  I/H(next)=0.24%  TV(joint,product)=0.0060  mean row TV=0.0060  cells=7695  plug-in bias approx=0.0217
  chain: [294583, 248555, 209719, 176951, 149303, 125975, 106292, 53146]
  dropping sets along it: [8, 8, 8, 8, 8, 8, 1]

==============================================================================
D. cycles pages
==============================================================================
  E=  1 S=  1 K=  2 E/S=1.00000 below  gap=-1
  E=  2 S=  1 K=  3 E/S=2.00000 above  gap=1
  E=  3 S=  2 K=  5 E/S=1.50000 below  gap=-1
  E=  8 S=  5 K= 13 E/S=1.60000 above  gap=13
  E= 19 S= 12 K= 31 E/S=1.58333 below  gap=-7153
  E= 65 S= 41 K=106 E/S=1.58537 above  gap=4.205E+17
  E= 84 S= 53 K=137 E/S=1.58491 below  gap=-4.043E+22
  E=485 S=306 K=791 E/S=1.58497 above  gap=1.021E+143
  circular words (length 13, five 1s, no two adjacent): 91
  distribution of C*256 mod 13: [(0, 0), (1, 7), (2, 6), (3, 9), (4, 7), (5, 6), (6, 10), (7, 7), (8, 6), (9, 10), (10, 6), (11, 8), (12, 9)]
  matches the page table: True
  distinct cyclic words (necklaces): 7  chance of no zero at 1/13 each: 0.571
  word (1, 0, 0): slope=3/4 C=1/4  n = C*4/(4-3) = 1
  word (0, 1, 0): slope=3/4 C=1/2  n = C*4/(4-3) = 2
  word (0, 0, 1): slope=3/4 C=1  n = C*4/(4-3) = 4
  any order, exponents from 0..7: zero 520/6720 = 7.7381%  (1/13 = 7.6923%)
  any order, exponents from 0..7 with min 0: zero 324/4200 = 7.7143%
  any order, q_0 = 0: zero 60/840 = 7.1429%
  increasing, exponents from 0..7: zero 0/56
  increasing with q_0 = 0: zero 0/35
  (S,E,g) pairs tested: 53
    [(1, 2, 1), (1, 3, 5), (1, 4, 13), (1, 5, 29), (1, 6, 61), (1, 7, 125), (1, 8, 253), (1, 9, 509), (1, 10, 1021), (1, 11, 2045), (1, 12, 4093), (1, 13, 8189), (2, 4, 7), (2, 5, 23), (2, 6, 55), (2, 7, 119), (2, 8, 247), (2, 9, 503), (2, 10, 1015), (2, 11, 2039), (2, 12, 4087), (2, 13, 8183), (3, 5, 5), (3, 6, 37), (3, 7, 101), (3, 8, 229), (3, 9, 485), (3, 10, 997), (3, 11, 2021), (3, 12, 4069), (3, 13, 8165), (4, 7, 47), (4, 8, 175), (4, 9, 431), (4, 10, 943), (4, 11, 1967), (4, 12, 4015), (4, 13, 8111), (5, 8, 13), (5, 9, 269), (5, 10, 781), (5, 11, 1805), (5, 12, 3853), (5, 13, 7949), (6, 10, 295), (6, 11, 1319), (6, 12, 3367), (6, 13, 7463), (7, 12, 1909), (7, 13, 6005), (8, 13, 1631), (8, 14, 9823), (10, 16, 6487)]
  solutions g | T: [(1, 2, 1, (0,), 1), (2, 4, 7, (0, 2), 1), (3, 6, 37, (0, 2, 4), 1), (4, 8, 175, (0, 2, 4, 6), 1), (5, 10, 781, (0, 2, 4, 6, 8), 1), (6, 12, 3367, (0, 2, 4, 6, 8, 10), 1)]
  K values of the pairs with 3 | K: [3, 6, 9, 12, 15, 18, 21]
